******************************************************************************
                  TI ARM Linker PC v16.9.6                     
******************************************************************************
>> Linked Mon Nov 27 17:22:17 2017

OUTPUT FILE NAME:   <TEST_I2C_V1.out>
ENTRY POINT SYMBOL: "_c_int00"  address: 000008c5


MEMORY CONFIGURATION

         name            origin    length      used     unused   attr    fill
----------------------  --------  ---------  --------  --------  ----  --------
  FLASH                 00000000   00040000  00000ec4  0003f13c  R  X
  SRAM                  20000000   00008000  00000220  00007de0  RW X


SEGMENT ALLOCATION MAP

run origin  load origin   length   init length attrs members
----------  ----------- ---------- ----------- ----- -------
00000000    00000000    00000ec8   00000ec8    r-x
  00000000    00000000    0000026c   0000026c    r-- .intvecs
  0000026c    0000026c    0000093c   0000093c    r-x .text
  00000ba8    00000ba8    000002e4   000002e4    r-- .const
  00000e90    00000e90    00000038   00000038    r-- .cinit
20000000    20000000    00000220   00000000    rw-
  20000000    20000000    00000200   00000000    rw- .stack
  20000200    20000200    00000018   00000000    rw- .data
  20000218    20000218    00000008   00000000    rw- .bss


SECTION ALLOCATION MAP

 output                                  attributes/
section   page    origin      length       input sections
--------  ----  ----------  ----------   ----------------
.intvecs   0    00000000    0000026c     
                  00000000    0000026c     tm4c123gh6pm_startup_ccs.obj (.intvecs)

.text      0    0000026c    0000093c     
                  0000026c    00000200     driverlib.lib : sysctl.obj (.text:SysCtlClockFreqSet)
                  0000046c    00000138     main.obj (.text)
                  000005a4    00000132     driverlib.lib : gpio.obj (.text:GPIOPadConfigSet)
                  000006d6    0000009c     rtsv7M4_T_le_v4SPD16_eabi.lib : memcpy_t2.obj (.text)
                  00000772    0000007a                                   : memset_t2.obj (.text)
                  000007ec    00000070                                   : autoinit.obj (.text)
                  0000085c    00000068                                   : copy_decompress_lzss.obj (.text:decompress:lzss)
                  000008c4    00000054                                   : boot.obj (.text)
                  00000918    00000054                                   : exit.obj (.text)
                  0000096c    0000004c     driverlib.lib : i2c.obj (.text:I2CMasterInitExpClk)
                  000009b8    0000004c     rtsv7M4_T_le_v4SPD16_eabi.lib : cpy_tbl.obj (.text)
                  00000a04    00000048     driverlib.lib : gpio.obj (.text:GPIOPinConfigure)
                  00000a4c    00000048                   : sysctl.obj (.text:_SysCtlFrequencyGet)
                  00000a94    0000002a                   : gpio.obj (.text:GPIODirModeSet)
                  00000abe    00000002     rtsv7M4_T_le_v4SPD16_eabi.lib : mpu_init.obj (.text)
                  00000ac0    00000020     driverlib.lib : sysctl.obj (.text:_SysCtlMemTimingGet)
                  00000ae0    00000018     rtsv7M4_T_le_v4SPD16_eabi.lib : args_main.obj (.text)
                  00000af8    00000014                                   : _lock.obj (.text)
                  00000b0c    00000012     driverlib.lib : gpio.obj (.text:GPIOPinTypeI2C)
                  00000b1e    00000012                   : gpio.obj (.text:GPIOPinTypeI2CSCL)
                  00000b30    00000010                   : i2c.obj (.text:I2CSlaveEnable)
                  00000b40    0000000e                   : i2c.obj (.text:I2CSlaveInit)
                  00000b4e    0000000e     rtsv7M4_T_le_v4SPD16_eabi.lib : copy_decompress_none.obj (.text:decompress:none)
                  00000b5c    0000000c                                   : copy_zero_init.obj (.text:decompress:ZI)
                  00000b68    0000000c     tm4c123gh6pm_startup_ccs.obj (.text)
                  00000b74    0000000a     driverlib.lib : i2c.obj (.text:I2CMasterEnable)
                  00000b7e    00000008                   : i2c.obj (.text:I2CMasterBusy)
                  00000b86    00000008                   : i2c.obj (.text:I2CMasterSlaveAddrSet)
                  00000b8e    00000006                   : i2c.obj (.text:I2CSlaveDataGet)
                  00000b94    00000006                   : i2c.obj (.text:I2CSlaveStatus)
                  00000b9a    00000004                   : i2c.obj (.text:I2CMasterControl)
                  00000b9e    00000004                   : i2c.obj (.text:I2CMasterDataPut)
                  00000ba2    00000004     rtsv7M4_T_le_v4SPD16_eabi.lib : pre_init.obj (.text)
                  00000ba6    00000002                                   : startup.obj (.text)

.const     0    00000ba8    000002e4     
                  00000ba8    000001b0     driverlib.lib : sysctl.obj (.const:g_pppui32XTALtoVCO)
                  00000d58    00000090                   : gpio.obj (.const:g_pui32GPIOBaseAddrs)
                  00000de8    0000006c                   : sysctl.obj (.const:g_pui32Xtals)
                  00000e54    00000030                   : sysctl.obj (.const:g_sXTALtoMEMTIM)
                  00000e84    00000008                   : sysctl.obj (.const)

.cinit     0    00000e90    00000038     
                  00000e90    00000011     (.cinit..data.load) [load image, compression = lzss]
                  00000ea1    00000003     --HOLE-- [fill = 0]
                  00000ea4    0000000c     (__TI_handler_table)
                  00000eb0    00000008     (.cinit..bss.load) [load image, compression = zero_init]
                  00000eb8    00000010     (__TI_cinit_table)

.init_array 
*          0    00000000    00000000     UNINITIALIZED

.stack     0    20000000    00000200     UNINITIALIZED
                  20000000    00000200     --HOLE--

.data      0    20000200    00000018     UNINITIALIZED
                  20000200    0000000c     rtsv7M4_T_le_v4SPD16_eabi.lib : exit.obj (.data:$O1$$)
                  2000020c    00000008                                   : _lock.obj (.data:$O1$$)
                  20000214    00000004                                   : stkdepth_vars.obj (.data)

.bss       0    20000218    00000008     UNINITIALIZED
                  20000218    00000004     (.common:g_ui32SysClock)
                  2000021c    00000004     (.common:result)

MODULE SUMMARY

       Module                         code   ro data   rw data
       ------                         ----   -------   -------
    .\
       tm4c123gh6pm_startup_ccs.obj   12     620       0      
       main.obj                       312    0         8      
    +--+------------------------------+------+---------+---------+
       Total:                         324    620       8      
                                                              
    C:/ti/TivaWare_C_Series-2.1.4.178/driverlib/ccs/Debug/driverlib.lib
       sysctl.obj                     616    596       0      
       gpio.obj                       456    144       0      
       i2c.obj                        152    0         0      
    +--+------------------------------+------+---------+---------+
       Total:                         1224   740       0      
                                                              
    C:\ti\ccsv7\tools\compiler\ti-cgt-arm_16.9.6.LTS\lib\rtsv7M4_T_le_v4SPD16_eabi.lib
       memcpy_t2.obj                  156    0         0      
       memset_t2.obj                  122    0         0      
       autoinit.obj                   112    0         0      
       copy_decompress_lzss.obj       104    0         0      
       exit.obj                       84     0         12     
       boot.obj                       84     0         0      
       cpy_tbl.obj                    76     0         0      
       _lock.obj                      20     0         8      
       args_main.obj                  24     0         0      
       copy_decompress_none.obj       14     0         0      
       copy_zero_init.obj             12     0         0      
       pre_init.obj                   4      0         0      
       stkdepth_vars.obj              0      0         4      
       mpu_init.obj                   2      0         0      
       startup.obj                    2      0         0      
    +--+------------------------------+------+---------+---------+
       Total:                         816    0         24     
                                                              
       Stack:                         0      0         512    
       Linker Generated:              0      53        0      
    +--+------------------------------+------+---------+---------+
       Grand Total:                   2364   1413      544    


LINKER GENERATED COPY TABLES

__TI_cinit_table @ 00000eb8 records: 2, size/record: 8, table size: 16
	.data: load addr=00000e90, load size=00000011 bytes, run addr=20000200, run size=00000018 bytes, compression=lzss
	.bss: load addr=00000eb0, load size=00000008 bytes, run addr=20000218, run size=00000008 bytes, compression=zero_init


LINKER GENERATED HANDLER TABLE

__TI_handler_table @ 00000ea4 records: 3, size/record: 4, table size: 12
	index: 0, handler: __TI_decompress_lzss
	index: 1, handler: __TI_decompress_none
	index: 2, handler: __TI_zero_init


GLOBAL SYMBOLS: SORTED ALPHABETICALLY BY Name 

address   name                           
-------   ----                           
00000919  C$$EXIT                        
00000a95  GPIODirModeSet                 
000005a5  GPIOPadConfigSet               
00000a05  GPIOPinConfigure               
00000b0d  GPIOPinTypeI2C                 
00000b1f  GPIOPinTypeI2CSCL              
00000b7f  I2CMasterBusy                  
00000b9b  I2CMasterControl               
00000b9f  I2CMasterDataPut               
00000b75  I2CMasterEnable                
0000096d  I2CMasterInitExpClk            
00000b87  I2CMasterSlaveAddrSet          
00000b8f  I2CSlaveDataGet                
00000b31  I2CSlaveEnable                 
00000b41  I2CSlaveInit                   
00000b95  I2CSlaveStatus                 
00000b69  ResetISR                       
UNDEFED   SHT$$INIT_ARRAY$$Base          
UNDEFED   SHT$$INIT_ARRAY$$Limit         
0000026d  SysCtlClockFreqSet             
20000200  __STACK_END                    
00000200  __STACK_SIZE                   
20000200  __STACK_TOP                    
00000eb8  __TI_CINIT_Base                
00000ec8  __TI_CINIT_Limit               
00000ea4  __TI_Handler_Table_Base        
00000eb0  __TI_Handler_Table_Limit       
000007ed  __TI_auto_init                 
20000200  __TI_cleanup_ptr               
0000085d  __TI_decompress_lzss           
00000b4f  __TI_decompress_none           
20000204  __TI_dtors_ptr                 
20000208  __TI_enable_exit_profile_output
ffffffff  __TI_pprof_out_hndl            
ffffffff  __TI_prof_data_size            
ffffffff  __TI_prof_data_start           
00000000  __TI_static_base__             
00000b5d  __TI_zero_init                 
00000773  __aeabi_memclr                 
00000773  __aeabi_memclr4                
00000773  __aeabi_memclr8                
000006d7  __aeabi_memcpy                 
000006d7  __aeabi_memcpy4                
000006d7  __aeabi_memcpy8                
00000775  __aeabi_memset                 
00000775  __aeabi_memset4                
00000775  __aeabi_memset8                
ffffffff  __binit__                      
ffffffff  __c_args__                     
00000abf  __mpu_init                     
20000000  __stack                        
00000ae1  _args_main                     
000008c5  _c_int00                       
2000020c  _lock                          
00000b07  _nop                           
00000aff  _register_lock                 
00000af9  _register_unlock               
00000ba7  _system_post_cinit             
00000ba3  _system_pre_init               
20000210  _unlock                        
0000091d  abort                          
ffffffff  binit                          
000009b9  copy_in                        
0000046d  delay                          
00000925  exit                           
00000000  g_pfnVectors                   
20000218  g_ui32SysClock                 
0000048b  main                           
20000214  main_func_sp                   
000006d7  memcpy                         
0000077b  memset                         
2000021c  result                         


GLOBAL SYMBOLS: SORTED BY Symbol Address 

address   name                           
-------   ----                           
00000000  __TI_static_base__             
00000000  g_pfnVectors                   
00000200  __STACK_SIZE                   
0000026d  SysCtlClockFreqSet             
0000046d  delay                          
0000048b  main                           
000005a5  GPIOPadConfigSet               
000006d7  __aeabi_memcpy                 
000006d7  __aeabi_memcpy4                
000006d7  __aeabi_memcpy8                
000006d7  memcpy                         
00000773  __aeabi_memclr                 
00000773  __aeabi_memclr4                
00000773  __aeabi_memclr8                
00000775  __aeabi_memset                 
00000775  __aeabi_memset4                
00000775  __aeabi_memset8                
0000077b  memset                         
000007ed  __TI_auto_init                 
0000085d  __TI_decompress_lzss           
000008c5  _c_int00                       
00000919  C$$EXIT                        
0000091d  abort                          
00000925  exit                           
0000096d  I2CMasterInitExpClk            
000009b9  copy_in                        
00000a05  GPIOPinConfigure               
00000a95  GPIODirModeSet                 
00000abf  __mpu_init                     
00000ae1  _args_main                     
00000af9  _register_unlock               
00000aff  _register_lock                 
00000b07  _nop                           
00000b0d  GPIOPinTypeI2C                 
00000b1f  GPIOPinTypeI2CSCL              
00000b31  I2CSlaveEnable                 
00000b41  I2CSlaveInit                   
00000b4f  __TI_decompress_none           
00000b5d  __TI_zero_init                 
00000b69  ResetISR                       
00000b75  I2CMasterEnable                
00000b7f  I2CMasterBusy                  
00000b87  I2CMasterSlaveAddrSet          
00000b8f  I2CSlaveDataGet                
00000b95  I2CSlaveStatus                 
00000b9b  I2CMasterControl               
00000b9f  I2CMasterDataPut               
00000ba3  _system_pre_init               
00000ba7  _system_post_cinit             
00000ea4  __TI_Handler_Table_Base        
00000eb0  __TI_Handler_Table_Limit       
00000eb8  __TI_CINIT_Base                
00000ec8  __TI_CINIT_Limit               
20000000  __stack                        
20000200  __STACK_END                    
20000200  __STACK_TOP                    
20000200  __TI_cleanup_ptr               
20000204  __TI_dtors_ptr                 
20000208  __TI_enable_exit_profile_output
2000020c  _lock                          
20000210  _unlock                        
20000214  main_func_sp                   
20000218  g_ui32SysClock                 
2000021c  result                         
ffffffff  __TI_pprof_out_hndl            
ffffffff  __TI_prof_data_size            
ffffffff  __TI_prof_data_start           
ffffffff  __binit__                      
ffffffff  __c_args__                     
ffffffff  binit                          
UNDEFED   SHT$$INIT_ARRAY$$Base          
UNDEFED   SHT$$INIT_ARRAY$$Limit         

[72 symbols]
