******************************************************************************
                  TI ARM Linker PC v16.9.6                     
******************************************************************************
>> Linked Mon Nov 27 16:42:26 2017

OUTPUT FILE NAME:   <TEST_ADC_V5.out>
ENTRY POINT SYMBOL: "_c_int00"  address: 000005d9


MEMORY CONFIGURATION

         name            origin    length      used     unused   attr    fill
----------------------  --------  ---------  --------  --------  ----  --------
  FLASH                 00000000   00040000  0000075c  0003f8a4  R  X
  SRAM                  20000000   00008000  00000224  00007ddc  RW X


SEGMENT ALLOCATION MAP

run origin  load origin   length   init length attrs members
----------  ----------- ---------- ----------- ----- -------
00000000    00000000    00000760   00000760    r-x
  00000000    00000000    0000026c   0000026c    r-- .intvecs
  0000026c    0000026c    000004b8   000004b8    r-x .text
  00000728    00000728    00000038   00000038    r-- .cinit
20000000    20000000    00000224   00000000    rw-
  20000000    20000000    00000200   00000000    rw- .stack
  20000200    20000200    00000018   00000000    rw- .data
  20000218    20000218    0000000c   00000000    rw- .bss


SECTION ALLOCATION MAP

 output                                  attributes/
section   page    origin      length       input sections
--------  ----  ----------  ----------   ----------------
.intvecs   0    00000000    0000026c     
                  00000000    0000026c     tm4c123gh6pm_startup_ccs.obj (.intvecs)

.text      0    0000026c    000004b8     
                  0000026c    0000017c     main.obj (.text)
                  000003e8    0000009c     rtsv7M4_T_le_v4SPD16_eabi.lib : memcpy_t2.obj (.text)
                  00000484    0000007a                                   : memset_t2.obj (.text)
                  000004fe    00000002                                   : mpu_init.obj (.text)
                  00000500    00000070                                   : autoinit.obj (.text)
                  00000570    00000068                                   : copy_decompress_lzss.obj (.text:decompress:lzss)
                  000005d8    00000054                                   : boot.obj (.text)
                  0000062c    00000054                                   : exit.obj (.text)
                  00000680    0000004c                                   : cpy_tbl.obj (.text)
                  000006cc    00000018                                   : args_main.obj (.text)
                  000006e4    00000014                                   : _lock.obj (.text)
                  000006f8    0000000e                                   : copy_decompress_none.obj (.text:decompress:none)
                  00000706    0000000c                                   : copy_zero_init.obj (.text:decompress:ZI)
                  00000712    0000000c     tm4c123gh6pm_startup_ccs.obj (.text)
                  0000071e    00000004     rtsv7M4_T_le_v4SPD16_eabi.lib : pre_init.obj (.text)
                  00000722    00000002                                   : startup.obj (.text)

.cinit     0    00000728    00000038     
                  00000728    00000011     (.cinit..data.load) [load image, compression = lzss]
                  00000739    00000003     --HOLE-- [fill = 0]
                  0000073c    0000000c     (__TI_handler_table)
                  00000748    00000008     (.cinit..bss.load) [load image, compression = zero_init]
                  00000750    00000010     (__TI_cinit_table)

.init_array 
*          0    00000000    00000000     UNINITIALIZED

.stack     0    20000000    00000200     UNINITIALIZED
                  20000000    00000200     --HOLE--

.data      0    20000200    00000018     UNINITIALIZED
                  20000200    0000000c     rtsv7M4_T_le_v4SPD16_eabi.lib : exit.obj (.data:$O1$$)
                  2000020c    00000008                                   : _lock.obj (.data:$O1$$)
                  20000214    00000004                                   : stkdepth_vars.obj (.data)

.bss       0    20000218    0000000c     UNINITIALIZED
                  20000218    00000004     (.common:ADC_DATA)
                  2000021c    00000004     (.common:ADC_ISR_FLAG)
                  20000220    00000004     (.common:ADC_ISR_FLAG2)

MODULE SUMMARY

       Module                         code   ro data   rw data
       ------                         ----   -------   -------
    .\
       tm4c123gh6pm_startup_ccs.obj   12     620       0      
       main.obj                       380    0         12     
    +--+------------------------------+------+---------+---------+
       Total:                         392    620       12     
                                                              
    C:\ti\ccsv7\tools\compiler\ti-cgt-arm_16.9.6.LTS\lib\rtsv7M4_T_le_v4SPD16_eabi.lib
       memcpy_t2.obj                  156    0         0      
       memset_t2.obj                  122    0         0      
       autoinit.obj                   112    0         0      
       copy_decompress_lzss.obj       104    0         0      
       exit.obj                       84     0         12     
       boot.obj                       84     0         0      
       cpy_tbl.obj                    76     0         0      
       _lock.obj                      20     0         8      
       args_main.obj                  24     0         0      
       copy_decompress_none.obj       14     0         0      
       copy_zero_init.obj             12     0         0      
       pre_init.obj                   4      0         0      
       stkdepth_vars.obj              0      0         4      
       mpu_init.obj                   2      0         0      
       startup.obj                    2      0         0      
    +--+------------------------------+------+---------+---------+
       Total:                         816    0         24     
                                                              
       Stack:                         0      0         512    
       Linker Generated:              0      53        0      
    +--+------------------------------+------+---------+---------+
       Grand Total:                   1208   673       548    


LINKER GENERATED COPY TABLES

__TI_cinit_table @ 00000750 records: 2, size/record: 8, table size: 16
	.data: load addr=00000728, load size=00000011 bytes, run addr=20000200, run size=00000018 bytes, compression=lzss
	.bss: load addr=00000748, load size=00000008 bytes, run addr=20000218, run size=0000000c bytes, compression=zero_init


LINKER GENERATED HANDLER TABLE

__TI_handler_table @ 0000073c records: 3, size/record: 4, table size: 12
	index: 0, handler: __TI_decompress_lzss
	index: 1, handler: __TI_decompress_none
	index: 2, handler: __TI_zero_init


GLOBAL SYMBOLS: SORTED ALPHABETICALLY BY Name 

address   name                           
-------   ----                           
00000365  ADC0_Handler                   
20000218  ADC_DATA                       
2000021c  ADC_ISR_FLAG                   
20000220  ADC_ISR_FLAG2                  
000002c9  ADC_Init                       
0000062d  C$$EXIT                        
000002c3  EnableInterrupts               
00000713  ResetISR                       
UNDEFED   SHT$$INIT_ARRAY$$Base          
UNDEFED   SHT$$INIT_ARRAY$$Limit         
00000291  Sys_Init                       
20000200  __STACK_END                    
00000200  __STACK_SIZE                   
20000200  __STACK_TOP                    
00000750  __TI_CINIT_Base                
00000760  __TI_CINIT_Limit               
0000073c  __TI_Handler_Table_Base        
00000748  __TI_Handler_Table_Limit       
00000501  __TI_auto_init                 
20000200  __TI_cleanup_ptr               
00000571  __TI_decompress_lzss           
000006f9  __TI_decompress_none           
20000204  __TI_dtors_ptr                 
20000208  __TI_enable_exit_profile_output
ffffffff  __TI_pprof_out_hndl            
ffffffff  __TI_prof_data_size            
ffffffff  __TI_prof_data_start           
00000000  __TI_static_base__             
00000707  __TI_zero_init                 
00000485  __aeabi_memclr                 
00000485  __aeabi_memclr4                
00000485  __aeabi_memclr8                
000003e9  __aeabi_memcpy                 
000003e9  __aeabi_memcpy4                
000003e9  __aeabi_memcpy8                
00000487  __aeabi_memset                 
00000487  __aeabi_memset4                
00000487  __aeabi_memset8                
ffffffff  __binit__                      
ffffffff  __c_args__                     
000004ff  __mpu_init                     
20000000  __stack                        
000006cd  _args_main                     
000005d9  _c_int00                       
2000020c  _lock                          
000006f3  _nop                           
000006eb  _register_lock                 
000006e5  _register_unlock               
00000723  _system_post_cinit             
0000071f  _system_pre_init               
20000210  _unlock                        
00000631  abort                          
ffffffff  binit                          
00000681  copy_in                        
00000639  exit                           
00000000  g_pfnVectors                   
0000026d  main                           
20000214  main_func_sp                   
000003e9  memcpy                         
0000048d  memset                         


GLOBAL SYMBOLS: SORTED BY Symbol Address 

address   name                           
-------   ----                           
00000000  __TI_static_base__             
00000000  g_pfnVectors                   
00000200  __STACK_SIZE                   
0000026d  main                           
00000291  Sys_Init                       
000002c3  EnableInterrupts               
000002c9  ADC_Init                       
00000365  ADC0_Handler                   
000003e9  __aeabi_memcpy                 
000003e9  __aeabi_memcpy4                
000003e9  __aeabi_memcpy8                
000003e9  memcpy                         
00000485  __aeabi_memclr                 
00000485  __aeabi_memclr4                
00000485  __aeabi_memclr8                
00000487  __aeabi_memset                 
00000487  __aeabi_memset4                
00000487  __aeabi_memset8                
0000048d  memset                         
000004ff  __mpu_init                     
00000501  __TI_auto_init                 
00000571  __TI_decompress_lzss           
000005d9  _c_int00                       
0000062d  C$$EXIT                        
00000631  abort                          
00000639  exit                           
00000681  copy_in                        
000006cd  _args_main                     
000006e5  _register_unlock               
000006eb  _register_lock                 
000006f3  _nop                           
000006f9  __TI_decompress_none           
00000707  __TI_zero_init                 
00000713  ResetISR                       
0000071f  _system_pre_init               
00000723  _system_post_cinit             
0000073c  __TI_Handler_Table_Base        
00000748  __TI_Handler_Table_Limit       
00000750  __TI_CINIT_Base                
00000760  __TI_CINIT_Limit               
20000000  __stack                        
20000200  __STACK_END                    
20000200  __STACK_TOP                    
20000200  __TI_cleanup_ptr               
20000204  __TI_dtors_ptr                 
20000208  __TI_enable_exit_profile_output
2000020c  _lock                          
20000210  _unlock                        
20000214  main_func_sp                   
20000218  ADC_DATA                       
2000021c  ADC_ISR_FLAG                   
20000220  ADC_ISR_FLAG2                  
ffffffff  __TI_pprof_out_hndl            
ffffffff  __TI_prof_data_size            
ffffffff  __TI_prof_data_start           
ffffffff  __binit__                      
ffffffff  __c_args__                     
ffffffff  binit                          
UNDEFED   SHT$$INIT_ARRAY$$Base          
UNDEFED   SHT$$INIT_ARRAY$$Limit         

[60 symbols]
