<?xml version="1.0"?>
<link_info>
   <banner>TI ARM Linker PC v16.9.6.LTS</banner>
   <copyright>Copyright (c) 1996-2017 Texas Instruments Incorporated</copyright>
   <link_time>0x5a1c2452</link_time>
   <link_errors>0x0</link_errors>
   <output_file>TEST_ADC_V5.out</output_file>
   <entry_point>
      <name>_c_int00</name>
      <address>0x5d9</address>
   </entry_point>
   <input_file_list>
      <input_file id="fl-2">
         <path>.\</path>
         <kind>object</kind>
         <file>main.obj</file>
         <name>main.obj</name>
      </input_file>
      <input_file id="fl-3">
         <path>.\</path>
         <kind>object</kind>
         <file>tm4c123gh6pm_startup_ccs.obj</file>
         <name>tm4c123gh6pm_startup_ccs.obj</name>
      </input_file>
      <input_file id="fl-7">
         <kind>object</kind>
         <file>&lt;internal&gt;</file>
         <name>&lt;internal&gt;</name>
      </input_file>
      <input_file id="fl-bd">
         <path>C:\ti\ccsv7\tools\compiler\ti-cgt-arm_16.9.6.LTS\lib\</path>
         <kind>archive</kind>
         <file>rtsv7M4_T_le_v4SPD16_eabi.lib</file>
         <name>boot.obj</name>
      </input_file>
      <input_file id="fl-be">
         <path>C:\ti\ccsv7\tools\compiler\ti-cgt-arm_16.9.6.LTS\lib\</path>
         <kind>archive</kind>
         <file>rtsv7M4_T_le_v4SPD16_eabi.lib</file>
         <name>copy_decompress_lzss.obj</name>
      </input_file>
      <input_file id="fl-bf">
         <path>C:\ti\ccsv7\tools\compiler\ti-cgt-arm_16.9.6.LTS\lib\</path>
         <kind>archive</kind>
         <file>rtsv7M4_T_le_v4SPD16_eabi.lib</file>
         <name>copy_decompress_none.obj</name>
      </input_file>
      <input_file id="fl-c0">
         <path>C:\ti\ccsv7\tools\compiler\ti-cgt-arm_16.9.6.LTS\lib\</path>
         <kind>archive</kind>
         <file>rtsv7M4_T_le_v4SPD16_eabi.lib</file>
         <name>copy_zero_init.obj</name>
      </input_file>
      <input_file id="fl-c1">
         <path>C:\ti\ccsv7\tools\compiler\ti-cgt-arm_16.9.6.LTS\lib\</path>
         <kind>archive</kind>
         <file>rtsv7M4_T_le_v4SPD16_eabi.lib</file>
         <name>exit.obj</name>
      </input_file>
      <input_file id="fl-c2">
         <path>C:\ti\ccsv7\tools\compiler\ti-cgt-arm_16.9.6.LTS\lib\</path>
         <kind>archive</kind>
         <file>rtsv7M4_T_le_v4SPD16_eabi.lib</file>
         <name>memcpy_t2.obj</name>
      </input_file>
      <input_file id="fl-c3">
         <path>C:\ti\ccsv7\tools\compiler\ti-cgt-arm_16.9.6.LTS\lib\</path>
         <kind>archive</kind>
         <file>rtsv7M4_T_le_v4SPD16_eabi.lib</file>
         <name>memset_t2.obj</name>
      </input_file>
      <input_file id="fl-c4">
         <path>C:\ti\ccsv7\tools\compiler\ti-cgt-arm_16.9.6.LTS\lib\</path>
         <kind>archive</kind>
         <file>rtsv7M4_T_le_v4SPD16_eabi.lib</file>
         <name>mpu_init.obj</name>
      </input_file>
      <input_file id="fl-c5">
         <path>C:\ti\ccsv7\tools\compiler\ti-cgt-arm_16.9.6.LTS\lib\</path>
         <kind>archive</kind>
         <file>rtsv7M4_T_le_v4SPD16_eabi.lib</file>
         <name>pre_init.obj</name>
      </input_file>
      <input_file id="fl-c6">
         <path>C:\ti\ccsv7\tools\compiler\ti-cgt-arm_16.9.6.LTS\lib\</path>
         <kind>archive</kind>
         <file>rtsv7M4_T_le_v4SPD16_eabi.lib</file>
         <name>stkdepth_vars.obj</name>
      </input_file>
      <input_file id="fl-c7">
         <path>C:\ti\ccsv7\tools\compiler\ti-cgt-arm_16.9.6.LTS\lib\</path>
         <kind>archive</kind>
         <file>rtsv7M4_T_le_v4SPD16_eabi.lib</file>
         <name>_lock.obj</name>
      </input_file>
      <input_file id="fl-c8">
         <path>C:\ti\ccsv7\tools\compiler\ti-cgt-arm_16.9.6.LTS\lib\</path>
         <kind>archive</kind>
         <file>rtsv7M4_T_le_v4SPD16_eabi.lib</file>
         <name>args_main.obj</name>
      </input_file>
      <input_file id="fl-c9">
         <path>C:\ti\ccsv7\tools\compiler\ti-cgt-arm_16.9.6.LTS\lib\</path>
         <kind>archive</kind>
         <file>rtsv7M4_T_le_v4SPD16_eabi.lib</file>
         <name>autoinit.obj</name>
      </input_file>
      <input_file id="fl-ca">
         <path>C:\ti\ccsv7\tools\compiler\ti-cgt-arm_16.9.6.LTS\lib\</path>
         <kind>archive</kind>
         <file>rtsv7M4_T_le_v4SPD16_eabi.lib</file>
         <name>cpy_tbl.obj</name>
      </input_file>
      <input_file id="fl-cb">
         <path>C:\ti\ccsv7\tools\compiler\ti-cgt-arm_16.9.6.LTS\lib\</path>
         <kind>archive</kind>
         <file>rtsv7M4_T_le_v4SPD16_eabi.lib</file>
         <name>startup.obj</name>
      </input_file>
   </input_file_list>
   <object_component_list>
      <object_component id="oc-f">
         <name>.intvecs</name>
         <load_address>0x0</load_address>
         <run_address>0x0</run_address>
         <size>0x26c</size>
         <input_file_ref idref="fl-3"/>
      </object_component>
      <object_component id="oc-a7">
         <name>.text</name>
         <load_address>0x26c</load_address>
         <run_address>0x26c</run_address>
         <size>0x17c</size>
         <input_file_ref idref="fl-2"/>
      </object_component>
      <object_component id="oc-3f">
         <name>.text</name>
         <load_address>0x3e8</load_address>
         <run_address>0x3e8</run_address>
         <size>0x9c</size>
         <input_file_ref idref="fl-c2"/>
      </object_component>
      <object_component id="oc-4b">
         <name>.text</name>
         <load_address>0x484</load_address>
         <run_address>0x484</run_address>
         <size>0x7a</size>
         <input_file_ref idref="fl-c3"/>
      </object_component>
      <object_component id="oc-57">
         <name>.text</name>
         <load_address>0x4fe</load_address>
         <run_address>0x4fe</run_address>
         <size>0x2</size>
         <input_file_ref idref="fl-c4"/>
      </object_component>
      <object_component id="oc-63">
         <name>.text</name>
         <load_address>0x500</load_address>
         <run_address>0x500</run_address>
         <size>0x70</size>
         <input_file_ref idref="fl-c9"/>
      </object_component>
      <object_component id="oc-12">
         <name>.text:decompress:lzss</name>
         <load_address>0x570</load_address>
         <run_address>0x570</run_address>
         <size>0x68</size>
         <input_file_ref idref="fl-be"/>
      </object_component>
      <object_component id="oc-24">
         <name>.text</name>
         <load_address>0x5d8</load_address>
         <run_address>0x5d8</run_address>
         <size>0x54</size>
         <input_file_ref idref="fl-bd"/>
      </object_component>
      <object_component id="oc-6f">
         <name>.text</name>
         <load_address>0x62c</load_address>
         <run_address>0x62c</run_address>
         <size>0x54</size>
         <input_file_ref idref="fl-c1"/>
      </object_component>
      <object_component id="oc-99">
         <name>.text</name>
         <load_address>0x680</load_address>
         <run_address>0x680</run_address>
         <size>0x4c</size>
         <input_file_ref idref="fl-ca"/>
      </object_component>
      <object_component id="oc-69">
         <name>.text</name>
         <load_address>0x6cc</load_address>
         <run_address>0x6cc</run_address>
         <size>0x18</size>
         <input_file_ref idref="fl-c8"/>
      </object_component>
      <object_component id="oc-da">
         <name>.text</name>
         <load_address>0x6e4</load_address>
         <run_address>0x6e4</run_address>
         <size>0x14</size>
         <input_file_ref idref="fl-c7"/>
      </object_component>
      <object_component id="oc-18">
         <name>.text:decompress:none</name>
         <load_address>0x6f8</load_address>
         <run_address>0x6f8</run_address>
         <size>0xe</size>
         <input_file_ref idref="fl-bf"/>
      </object_component>
      <object_component id="oc-1e">
         <name>.text:decompress:ZI</name>
         <load_address>0x706</load_address>
         <run_address>0x706</run_address>
         <size>0xc</size>
         <input_file_ref idref="fl-c0"/>
      </object_component>
      <object_component id="oc-2b">
         <name>.text</name>
         <load_address>0x712</load_address>
         <run_address>0x712</run_address>
         <size>0xc</size>
         <input_file_ref idref="fl-3"/>
      </object_component>
      <object_component id="oc-5d">
         <name>.text</name>
         <load_address>0x71e</load_address>
         <run_address>0x71e</run_address>
         <size>0x4</size>
         <input_file_ref idref="fl-c5"/>
      </object_component>
      <object_component id="oc-9f">
         <name>.text</name>
         <load_address>0x722</load_address>
         <run_address>0x722</run_address>
         <size>0x2</size>
         <input_file_ref idref="fl-cb"/>
      </object_component>
      <object_component id="oc-118">
         <name>.cinit..data.load</name>
         <load_address>0x728</load_address>
         <run_address>0x728</run_address>
         <size>0x11</size>
      </object_component>
      <object_component id="oc-116">
         <name>__TI_handler_table</name>
         <load_address>0x73c</load_address>
         <run_address>0x73c</run_address>
         <size>0xc</size>
      </object_component>
      <object_component id="oc-119">
         <name>.cinit..bss.load</name>
         <load_address>0x748</load_address>
         <run_address>0x748</run_address>
         <size>0x8</size>
      </object_component>
      <object_component id="oc-117">
         <name>__TI_cinit_table</name>
         <load_address>0x750</load_address>
         <run_address>0x750</run_address>
         <size>0x10</size>
      </object_component>
      <object_component id="oc-af">
         <name>.data:$O1$$</name>
         <load_address>0x20000200</load_address>
         <run_address>0x20000200</run_address>
         <size>0xc</size>
         <input_file_ref idref="fl-c1"/>
      </object_component>
      <object_component id="oc-75">
         <name>.data</name>
         <load_address>0x20000214</load_address>
         <run_address>0x20000214</run_address>
         <size>0x4</size>
         <input_file_ref idref="fl-c6"/>
      </object_component>
      <object_component id="oc-b2">
         <name>.data:$O1$$</name>
         <load_address>0x2000020c</load_address>
         <run_address>0x2000020c</run_address>
         <size>0x8</size>
         <input_file_ref idref="fl-c7"/>
      </object_component>
      <object_component id="oc-ce">
         <name>.common:ADC_ISR_FLAG</name>
         <uninitialized>true</uninitialized>
         <run_address>0x2000021c</run_address>
         <size>0x4</size>
      </object_component>
      <object_component id="oc-cf">
         <name>.common:ADC_ISR_FLAG2</name>
         <uninitialized>true</uninitialized>
         <run_address>0x20000220</run_address>
         <size>0x4</size>
      </object_component>
      <object_component id="oc-cb">
         <name>.common:ADC_DATA</name>
         <uninitialized>true</uninitialized>
         <run_address>0x20000218</run_address>
         <size>0x4</size>
      </object_component>
      <object_component id="oc-2a">
         <name>.stack</name>
         <uninitialized>true</uninitialized>
         <run_address>0x20000000</run_address>
         <size>0x0</size>
         <input_file_ref idref="fl-bd"/>
      </object_component>
      <object_component id="oc-11a">
         <name>.stack</name>
         <uninitialized>true</uninitialized>
         <run_address>0x20000000</run_address>
         <size>0x0</size>
      </object_component>
      <object_component id="oc-cc">
         <name>.debug_info</name>
         <load_address>0x0</load_address>
         <run_address>0x0</run_address>
         <size>0x2e8</size>
         <input_file_ref idref="fl-2"/>
      </object_component>
      <object_component id="oc-a8">
         <name>.debug_info</name>
         <load_address>0x2e8</load_address>
         <run_address>0x2e8</run_address>
         <size>0x249</size>
         <input_file_ref idref="fl-2"/>
      </object_component>
      <object_component id="oc-3a">
         <name>.debug_info</name>
         <load_address>0x531</load_address>
         <run_address>0x531</run_address>
         <size>0x84</size>
         <input_file_ref idref="fl-2"/>
      </object_component>
      <object_component id="oc-33">
         <name>.debug_info</name>
         <load_address>0x5b5</load_address>
         <run_address>0x5b5</run_address>
         <size>0x29f</size>
         <input_file_ref idref="fl-3"/>
      </object_component>
      <object_component id="oc-10">
         <name>.debug_info</name>
         <load_address>0x854</load_address>
         <run_address>0x854</run_address>
         <size>0xf0</size>
         <input_file_ref idref="fl-3"/>
      </object_component>
      <object_component id="oc-2c">
         <name>.debug_info</name>
         <load_address>0x944</load_address>
         <run_address>0x944</run_address>
         <size>0x26c</size>
         <input_file_ref idref="fl-3"/>
      </object_component>
      <object_component id="oc-7c">
         <name>.debug_info</name>
         <load_address>0xbb0</load_address>
         <run_address>0xbb0</run_address>
         <size>0x18b</size>
         <input_file_ref idref="fl-3"/>
      </object_component>
      <object_component id="oc-25">
         <name>.debug_info</name>
         <load_address>0xd3b</load_address>
         <run_address>0xd3b</run_address>
         <size>0x160</size>
         <input_file_ref idref="fl-bd"/>
      </object_component>
      <object_component id="oc-86">
         <name>.debug_info</name>
         <load_address>0xe9b</load_address>
         <run_address>0xe9b</run_address>
         <size>0x293</size>
         <input_file_ref idref="fl-be"/>
      </object_component>
      <object_component id="oc-13">
         <name>.debug_info</name>
         <load_address>0x112e</load_address>
         <run_address>0x112e</run_address>
         <size>0x245</size>
         <input_file_ref idref="fl-be"/>
      </object_component>
      <object_component id="oc-35">
         <name>.debug_info</name>
         <load_address>0x1373</load_address>
         <run_address>0x1373</run_address>
         <size>0x60</size>
         <input_file_ref idref="fl-be"/>
      </object_component>
      <object_component id="oc-81">
         <name>.debug_info</name>
         <load_address>0x13d3</load_address>
         <run_address>0x13d3</run_address>
         <size>0x46</size>
         <input_file_ref idref="fl-be"/>
      </object_component>
      <object_component id="oc-4a">
         <name>.debug_info</name>
         <load_address>0x1419</load_address>
         <run_address>0x1419</run_address>
         <size>0x2da</size>
         <input_file_ref idref="fl-bf"/>
      </object_component>
      <object_component id="oc-19">
         <name>.debug_info</name>
         <load_address>0x16f3</load_address>
         <run_address>0x16f3</run_address>
         <size>0x1df</size>
         <input_file_ref idref="fl-bf"/>
      </object_component>
      <object_component id="oc-45">
         <name>.debug_info</name>
         <load_address>0x18d2</load_address>
         <run_address>0x18d2</run_address>
         <size>0x46</size>
         <input_file_ref idref="fl-bf"/>
      </object_component>
      <object_component id="oc-88">
         <name>.debug_info</name>
         <load_address>0x1918</load_address>
         <run_address>0x1918</run_address>
         <size>0x2c</size>
         <input_file_ref idref="fl-bf"/>
      </object_component>
      <object_component id="oc-56">
         <name>.debug_info</name>
         <load_address>0x1944</load_address>
         <run_address>0x1944</run_address>
         <size>0x2c9</size>
         <input_file_ref idref="fl-c0"/>
      </object_component>
      <object_component id="oc-21">
         <name>.debug_info</name>
         <load_address>0x1c0d</load_address>
         <run_address>0x1c0d</run_address>
         <size>0x1aa</size>
         <input_file_ref idref="fl-c0"/>
      </object_component>
      <object_component id="oc-51">
         <name>.debug_info</name>
         <load_address>0x1db7</load_address>
         <run_address>0x1db7</run_address>
         <size>0x46</size>
         <input_file_ref idref="fl-c0"/>
      </object_component>
      <object_component id="oc-90">
         <name>.debug_info</name>
         <load_address>0x1dfd</load_address>
         <run_address>0x1dfd</run_address>
         <size>0x2c</size>
         <input_file_ref idref="fl-c0"/>
      </object_component>
      <object_component id="oc-b6">
         <name>.debug_info</name>
         <load_address>0x1e29</load_address>
         <run_address>0x1e29</run_address>
         <size>0x3ce</size>
         <input_file_ref idref="fl-c1"/>
      </object_component>
      <object_component id="oc-b0">
         <name>.debug_info</name>
         <load_address>0x21f7</load_address>
         <run_address>0x21f7</run_address>
         <size>0x185</size>
         <input_file_ref idref="fl-c1"/>
      </object_component>
      <object_component id="oc-70">
         <name>.debug_info</name>
         <load_address>0x237c</load_address>
         <run_address>0x237c</run_address>
         <size>0x214</size>
         <input_file_ref idref="fl-c1"/>
      </object_component>
      <object_component id="oc-40">
         <name>.debug_info</name>
         <load_address>0x2590</load_address>
         <run_address>0x2590</run_address>
         <size>0x111</size>
         <input_file_ref idref="fl-c2"/>
      </object_component>
      <object_component id="oc-4c">
         <name>.debug_info</name>
         <load_address>0x26a1</load_address>
         <run_address>0x26a1</run_address>
         <size>0x13f</size>
         <input_file_ref idref="fl-c3"/>
      </object_component>
      <object_component id="oc-58">
         <name>.debug_info</name>
         <load_address>0x27e0</load_address>
         <run_address>0x27e0</run_address>
         <size>0x138</size>
         <input_file_ref idref="fl-c4"/>
      </object_component>
      <object_component id="oc-5e">
         <name>.debug_info</name>
         <load_address>0x2918</load_address>
         <run_address>0x2918</run_address>
         <size>0x148</size>
         <input_file_ref idref="fl-c5"/>
      </object_component>
      <object_component id="oc-76">
         <name>.debug_info</name>
         <load_address>0x2a60</load_address>
         <run_address>0x2a60</run_address>
         <size>0x109</size>
         <input_file_ref idref="fl-c6"/>
      </object_component>
      <object_component id="oc-e2">
         <name>.debug_info</name>
         <load_address>0x2b69</load_address>
         <run_address>0x2b69</run_address>
         <size>0x2be</size>
         <input_file_ref idref="fl-c7"/>
      </object_component>
      <object_component id="oc-b3">
         <name>.debug_info</name>
         <load_address>0x2e27</load_address>
         <run_address>0x2e27</run_address>
         <size>0x113</size>
         <input_file_ref idref="fl-c7"/>
      </object_component>
      <object_component id="oc-db">
         <name>.debug_info</name>
         <load_address>0x2f3a</load_address>
         <run_address>0x2f3a</run_address>
         <size>0x21f</size>
         <input_file_ref idref="fl-c7"/>
      </object_component>
      <object_component id="oc-ae">
         <name>.debug_info</name>
         <load_address>0x3159</load_address>
         <run_address>0x3159</run_address>
         <size>0x300</size>
         <input_file_ref idref="fl-c8"/>
      </object_component>
      <object_component id="oc-6a">
         <name>.debug_info</name>
         <load_address>0x3459</load_address>
         <run_address>0x3459</run_address>
         <size>0x167</size>
         <input_file_ref idref="fl-c8"/>
      </object_component>
      <object_component id="oc-d3">
         <name>.debug_info</name>
         <load_address>0x35c0</load_address>
         <run_address>0x35c0</run_address>
         <size>0x5e</size>
         <input_file_ref idref="fl-c8"/>
      </object_component>
      <object_component id="oc-a6">
         <name>.debug_info</name>
         <load_address>0x361e</load_address>
         <run_address>0x361e</run_address>
         <size>0x483</size>
         <input_file_ref idref="fl-c9"/>
      </object_component>
      <object_component id="oc-64">
         <name>.debug_info</name>
         <load_address>0x3aa1</load_address>
         <run_address>0x3aa1</run_address>
         <size>0x190</size>
         <input_file_ref idref="fl-c9"/>
      </object_component>
      <object_component id="oc-c1">
         <name>.debug_info</name>
         <load_address>0x3c31</load_address>
         <run_address>0x3c31</run_address>
         <size>0x39</size>
         <input_file_ref idref="fl-c9"/>
      </object_component>
      <object_component id="oc-ed">
         <name>.debug_info</name>
         <load_address>0x3c6a</load_address>
         <run_address>0x3c6a</run_address>
         <size>0x39</size>
         <input_file_ref idref="fl-c9"/>
      </object_component>
      <object_component id="oc-c6">
         <name>.debug_info</name>
         <load_address>0x3ca3</load_address>
         <run_address>0x3ca3</run_address>
         <size>0xcd</size>
         <input_file_ref idref="fl-c9"/>
      </object_component>
      <object_component id="oc-bd">
         <name>.debug_info</name>
         <load_address>0x3d70</load_address>
         <run_address>0x3d70</run_address>
         <size>0x37a</size>
         <input_file_ref idref="fl-ca"/>
      </object_component>
      <object_component id="oc-9a">
         <name>.debug_info</name>
         <load_address>0x40ea</load_address>
         <run_address>0x40ea</run_address>
         <size>0x183</size>
         <input_file_ref idref="fl-ca"/>
      </object_component>
      <object_component id="oc-e8">
         <name>.debug_info</name>
         <load_address>0x426d</load_address>
         <run_address>0x426d</run_address>
         <size>0x2c</size>
         <input_file_ref idref="fl-ca"/>
      </object_component>
      <object_component id="oc-a0">
         <name>.debug_info</name>
         <load_address>0x4299</load_address>
         <run_address>0x4299</run_address>
         <size>0x145</size>
         <input_file_ref idref="fl-cb"/>
      </object_component>
      <object_component id="oc-11b">
         <name>.debug_info</name>
         <load_address>0x43de</load_address>
         <run_address>0x43de</run_address>
         <size>0xa6</size>
      </object_component>
      <object_component id="oc-f3">
         <name>.debug_line</name>
         <load_address>0x0</load_address>
         <run_address>0x0</run_address>
         <size>0x2d</size>
         <input_file_ref idref="fl-2"/>
      </object_component>
      <object_component id="oc-ab">
         <name>.debug_line</name>
         <load_address>0x2d</load_address>
         <run_address>0x2d</run_address>
         <size>0xd8</size>
         <input_file_ref idref="fl-2"/>
      </object_component>
      <object_component id="oc-3d">
         <name>.debug_line</name>
         <load_address>0x105</load_address>
         <run_address>0x105</run_address>
         <size>0x20</size>
         <input_file_ref idref="fl-2"/>
      </object_component>
      <object_component id="oc-7b">
         <name>.debug_line</name>
         <load_address>0x125</load_address>
         <run_address>0x125</run_address>
         <size>0x41</size>
         <input_file_ref idref="fl-3"/>
      </object_component>
      <object_component id="oc-32">
         <name>.debug_line</name>
         <load_address>0x166</load_address>
         <run_address>0x166</run_address>
         <size>0x41</size>
         <input_file_ref idref="fl-3"/>
      </object_component>
      <object_component id="oc-2f">
         <name>.debug_line</name>
         <load_address>0x1a7</load_address>
         <run_address>0x1a7</run_address>
         <size>0xa1</size>
         <input_file_ref idref="fl-3"/>
      </object_component>
      <object_component id="oc-7f">
         <name>.debug_line</name>
         <load_address>0x248</load_address>
         <run_address>0x248</run_address>
         <size>0x65</size>
         <input_file_ref idref="fl-3"/>
      </object_component>
      <object_component id="oc-28">
         <name>.debug_line</name>
         <load_address>0x2ad</load_address>
         <run_address>0x2ad</run_address>
         <size>0x53</size>
         <input_file_ref idref="fl-bd"/>
      </object_component>
      <object_component id="oc-bb">
         <name>.debug_line</name>
         <load_address>0x300</load_address>
         <run_address>0x300</run_address>
         <size>0x20</size>
         <input_file_ref idref="fl-be"/>
      </object_component>
      <object_component id="oc-16">
         <name>.debug_line</name>
         <load_address>0x320</load_address>
         <run_address>0x320</run_address>
         <size>0xa9</size>
         <input_file_ref idref="fl-be"/>
      </object_component>
      <object_component id="oc-38">
         <name>.debug_line</name>
         <load_address>0x3c9</load_address>
         <run_address>0x3c9</run_address>
         <size>0x3a</size>
         <input_file_ref idref="fl-be"/>
      </object_component>
      <object_component id="oc-84">
         <name>.debug_line</name>
         <load_address>0x403</load_address>
         <run_address>0x403</run_address>
         <size>0x8a</size>
         <input_file_ref idref="fl-be"/>
      </object_component>
      <object_component id="oc-8e">
         <name>.debug_line</name>
         <load_address>0x48d</load_address>
         <run_address>0x48d</run_address>
         <size>0x8a</size>
         <input_file_ref idref="fl-bf"/>
      </object_component>
      <object_component id="oc-1c">
         <name>.debug_line</name>
         <load_address>0x517</load_address>
         <run_address>0x517</run_address>
         <size>0x55</size>
         <input_file_ref idref="fl-bf"/>
      </object_component>
      <object_component id="oc-48">
         <name>.debug_line</name>
         <load_address>0x56c</load_address>
         <run_address>0x56c</run_address>
         <size>0x3a</size>
         <input_file_ref idref="fl-bf"/>
      </object_component>
      <object_component id="oc-8b">
         <name>.debug_line</name>
         <load_address>0x5a6</load_address>
         <run_address>0x5a6</run_address>
         <size>0x8a</size>
         <input_file_ref idref="fl-bf"/>
      </object_component>
      <object_component id="oc-96">
         <name>.debug_line</name>
         <load_address>0x630</load_address>
         <run_address>0x630</run_address>
         <size>0x8a</size>
         <input_file_ref idref="fl-c0"/>
      </object_component>
      <object_component id="oc-23">
         <name>.debug_line</name>
         <load_address>0x6ba</load_address>
         <run_address>0x6ba</run_address>
         <size>0x4f</size>
         <input_file_ref idref="fl-c0"/>
      </object_component>
      <object_component id="oc-54">
         <name>.debug_line</name>
         <load_address>0x709</load_address>
         <run_address>0x709</run_address>
         <size>0x34</size>
         <input_file_ref idref="fl-c0"/>
      </object_component>
      <object_component id="oc-93">
         <name>.debug_line</name>
         <load_address>0x73d</load_address>
         <run_address>0x73d</run_address>
         <size>0x8a</size>
         <input_file_ref idref="fl-c0"/>
      </object_component>
      <object_component id="oc-e5">
         <name>.debug_line</name>
         <load_address>0x7c7</load_address>
         <run_address>0x7c7</run_address>
         <size>0xf2</size>
         <input_file_ref idref="fl-c1"/>
      </object_component>
      <object_component id="oc-d9">
         <name>.debug_line</name>
         <load_address>0x8b9</load_address>
         <run_address>0x8b9</run_address>
         <size>0x2a</size>
         <input_file_ref idref="fl-c1"/>
      </object_component>
      <object_component id="oc-73">
         <name>.debug_line</name>
         <load_address>0x8e3</load_address>
         <run_address>0x8e3</run_address>
         <size>0x86</size>
         <input_file_ref idref="fl-c1"/>
      </object_component>
      <object_component id="oc-43">
         <name>.debug_line</name>
         <load_address>0x969</load_address>
         <run_address>0x969</run_address>
         <size>0x88</size>
         <input_file_ref idref="fl-c2"/>
      </object_component>
      <object_component id="oc-4f">
         <name>.debug_line</name>
         <load_address>0x9f1</load_address>
         <run_address>0x9f1</run_address>
         <size>0x79</size>
         <input_file_ref idref="fl-c3"/>
      </object_component>
      <object_component id="oc-5b">
         <name>.debug_line</name>
         <load_address>0xa6a</load_address>
         <run_address>0xa6a</run_address>
         <size>0x3d</size>
         <input_file_ref idref="fl-c4"/>
      </object_component>
      <object_component id="oc-61">
         <name>.debug_line</name>
         <load_address>0xaa7</load_address>
         <run_address>0xaa7</run_address>
         <size>0x40</size>
         <input_file_ref idref="fl-c5"/>
      </object_component>
      <object_component id="oc-b9">
         <name>.debug_line</name>
         <load_address>0xae7</load_address>
         <run_address>0xae7</run_address>
         <size>0x33</size>
         <input_file_ref idref="fl-c6"/>
      </object_component>
      <object_component id="oc-f6">
         <name>.debug_line</name>
         <load_address>0xb1a</load_address>
         <run_address>0xb1a</run_address>
         <size>0x20</size>
         <input_file_ref idref="fl-c7"/>
      </object_component>
      <object_component id="oc-e1">
         <name>.debug_line</name>
         <load_address>0xb3a</load_address>
         <run_address>0xb3a</run_address>
         <size>0x2b</size>
         <input_file_ref idref="fl-c7"/>
      </object_component>
      <object_component id="oc-de">
         <name>.debug_line</name>
         <load_address>0xb65</load_address>
         <run_address>0xb65</run_address>
         <size>0x68</size>
         <input_file_ref idref="fl-c7"/>
      </object_component>
      <object_component id="oc-d2">
         <name>.debug_line</name>
         <load_address>0xbcd</load_address>
         <run_address>0xbcd</run_address>
         <size>0x2b</size>
         <input_file_ref idref="fl-c8"/>
      </object_component>
      <object_component id="oc-6d">
         <name>.debug_line</name>
         <load_address>0xbf8</load_address>
         <run_address>0xbf8</run_address>
         <size>0x4a</size>
         <input_file_ref idref="fl-c8"/>
      </object_component>
      <object_component id="oc-d6">
         <name>.debug_line</name>
         <load_address>0xc42</load_address>
         <run_address>0xc42</run_address>
         <size>0x2b</size>
         <input_file_ref idref="fl-c8"/>
      </object_component>
      <object_component id="oc-c0">
         <name>.debug_line</name>
         <load_address>0xc6d</load_address>
         <run_address>0xc6d</run_address>
         <size>0xa9</size>
         <input_file_ref idref="fl-c9"/>
      </object_component>
      <object_component id="oc-67">
         <name>.debug_line</name>
         <load_address>0xd16</load_address>
         <run_address>0xd16</run_address>
         <size>0x8b</size>
         <input_file_ref idref="fl-c9"/>
      </object_component>
      <object_component id="oc-c4">
         <name>.debug_line</name>
         <load_address>0xda1</load_address>
         <run_address>0xda1</run_address>
         <size>0x2e</size>
         <input_file_ref idref="fl-c9"/>
      </object_component>
      <object_component id="oc-f0">
         <name>.debug_line</name>
         <load_address>0xdcf</load_address>
         <run_address>0xdcf</run_address>
         <size>0x8a</size>
         <input_file_ref idref="fl-c9"/>
      </object_component>
      <object_component id="oc-c9">
         <name>.debug_line</name>
         <load_address>0xe59</load_address>
         <run_address>0xe59</run_address>
         <size>0x8b</size>
         <input_file_ref idref="fl-c9"/>
      </object_component>
      <object_component id="oc-e7">
         <name>.debug_line</name>
         <load_address>0xee4</load_address>
         <run_address>0xee4</run_address>
         <size>0x98</size>
         <input_file_ref idref="fl-ca"/>
      </object_component>
      <object_component id="oc-9d">
         <name>.debug_line</name>
         <load_address>0xf7c</load_address>
         <run_address>0xf7c</run_address>
         <size>0x68</size>
         <input_file_ref idref="fl-ca"/>
      </object_component>
      <object_component id="oc-eb">
         <name>.debug_line</name>
         <load_address>0xfe4</load_address>
         <run_address>0xfe4</run_address>
         <size>0x2e</size>
         <input_file_ref idref="fl-ca"/>
      </object_component>
      <object_component id="oc-a3">
         <name>.debug_line</name>
         <load_address>0x1012</load_address>
         <run_address>0x1012</run_address>
         <size>0x3c</size>
         <input_file_ref idref="fl-cb"/>
      </object_component>
      <object_component id="oc-ac">
         <name>.debug_frame</name>
         <load_address>0x0</load_address>
         <run_address>0x0</run_address>
         <size>0xb0</size>
         <input_file_ref idref="fl-2"/>
      </object_component>
      <object_component id="oc-30">
         <name>.debug_frame</name>
         <load_address>0xb0</load_address>
         <run_address>0xb0</run_address>
         <size>0x90</size>
         <input_file_ref idref="fl-3"/>
      </object_component>
      <object_component id="oc-17">
         <name>.debug_frame</name>
         <load_address>0x140</load_address>
         <run_address>0x140</run_address>
         <size>0x60</size>
         <input_file_ref idref="fl-be"/>
      </object_component>
      <object_component id="oc-1d">
         <name>.debug_frame</name>
         <load_address>0x1a0</load_address>
         <run_address>0x1a0</run_address>
         <size>0x54</size>
         <input_file_ref idref="fl-bf"/>
      </object_component>
      <object_component id="oc-1f">
         <name>.debug_frame</name>
         <load_address>0x1f4</load_address>
         <run_address>0x1f4</run_address>
         <size>0x54</size>
         <input_file_ref idref="fl-c0"/>
      </object_component>
      <object_component id="oc-74">
         <name>.debug_frame</name>
         <load_address>0x248</load_address>
         <run_address>0x248</run_address>
         <size>0x88</size>
         <input_file_ref idref="fl-c1"/>
      </object_component>
      <object_component id="oc-5c">
         <name>.debug_frame</name>
         <load_address>0x2d0</load_address>
         <run_address>0x2d0</run_address>
         <size>0x54</size>
         <input_file_ref idref="fl-c4"/>
      </object_component>
      <object_component id="oc-62">
         <name>.debug_frame</name>
         <load_address>0x324</load_address>
         <run_address>0x324</run_address>
         <size>0x54</size>
         <input_file_ref idref="fl-c5"/>
      </object_component>
      <object_component id="oc-df">
         <name>.debug_frame</name>
         <load_address>0x378</load_address>
         <run_address>0x378</run_address>
         <size>0x7c</size>
         <input_file_ref idref="fl-c7"/>
      </object_component>
      <object_component id="oc-6e">
         <name>.debug_frame</name>
         <load_address>0x3f4</load_address>
         <run_address>0x3f4</run_address>
         <size>0x54</size>
         <input_file_ref idref="fl-c8"/>
      </object_component>
      <object_component id="oc-68">
         <name>.debug_frame</name>
         <load_address>0x448</load_address>
         <run_address>0x448</run_address>
         <size>0x5c</size>
         <input_file_ref idref="fl-c9"/>
      </object_component>
      <object_component id="oc-9e">
         <name>.debug_frame</name>
         <load_address>0x4a4</load_address>
         <run_address>0x4a4</run_address>
         <size>0x60</size>
         <input_file_ref idref="fl-ca"/>
      </object_component>
      <object_component id="oc-a4">
         <name>.debug_frame</name>
         <load_address>0x504</load_address>
         <run_address>0x504</run_address>
         <size>0x54</size>
         <input_file_ref idref="fl-cb"/>
      </object_component>
      <object_component id="oc-f2">
         <name>.debug_abbrev</name>
         <load_address>0x0</load_address>
         <run_address>0x0</run_address>
         <size>0x51</size>
         <input_file_ref idref="fl-2"/>
      </object_component>
      <object_component id="oc-d0">
         <name>.debug_abbrev</name>
         <load_address>0x51</load_address>
         <run_address>0x51</run_address>
         <size>0x5e</size>
         <input_file_ref idref="fl-2"/>
      </object_component>
      <object_component id="oc-3c">
         <name>.debug_abbrev</name>
         <load_address>0xaf</load_address>
         <run_address>0xaf</run_address>
         <size>0x1f</size>
         <input_file_ref idref="fl-2"/>
      </object_component>
      <object_component id="oc-7a">
         <name>.debug_abbrev</name>
         <load_address>0xce</load_address>
         <run_address>0xce</run_address>
         <size>0x5f</size>
         <input_file_ref idref="fl-3"/>
      </object_component>
      <object_component id="oc-31">
         <name>.debug_abbrev</name>
         <load_address>0x12d</load_address>
         <run_address>0x12d</run_address>
         <size>0x29</size>
         <input_file_ref idref="fl-3"/>
      </object_component>
      <object_component id="oc-79">
         <name>.debug_abbrev</name>
         <load_address>0x156</load_address>
         <run_address>0x156</run_address>
         <size>0x79</size>
         <input_file_ref idref="fl-3"/>
      </object_component>
      <object_component id="oc-7e">
         <name>.debug_abbrev</name>
         <load_address>0x1cf</load_address>
         <run_address>0x1cf</run_address>
         <size>0x35</size>
         <input_file_ref idref="fl-3"/>
      </object_component>
      <object_component id="oc-78">
         <name>.debug_abbrev</name>
         <load_address>0x204</load_address>
         <run_address>0x204</run_address>
         <size>0x3e</size>
         <input_file_ref idref="fl-bd"/>
      </object_component>
      <object_component id="oc-ba">
         <name>.debug_abbrev</name>
         <load_address>0x242</load_address>
         <run_address>0x242</run_address>
         <size>0x37</size>
         <input_file_ref idref="fl-be"/>
      </object_component>
      <object_component id="oc-34">
         <name>.debug_abbrev</name>
         <load_address>0x279</load_address>
         <run_address>0x279</run_address>
         <size>0x6f</size>
         <input_file_ref idref="fl-be"/>
      </object_component>
      <object_component id="oc-37">
         <name>.debug_abbrev</name>
         <load_address>0x2e8</load_address>
         <run_address>0x2e8</run_address>
         <size>0x24</size>
         <input_file_ref idref="fl-be"/>
      </object_component>
      <object_component id="oc-83">
         <name>.debug_abbrev</name>
         <load_address>0x30c</load_address>
         <run_address>0x30c</run_address>
         <size>0x35</size>
         <input_file_ref idref="fl-be"/>
      </object_component>
      <object_component id="oc-8d">
         <name>.debug_abbrev</name>
         <load_address>0x341</load_address>
         <run_address>0x341</run_address>
         <size>0x5d</size>
         <input_file_ref idref="fl-bf"/>
      </object_component>
      <object_component id="oc-44">
         <name>.debug_abbrev</name>
         <load_address>0x39e</load_address>
         <run_address>0x39e</run_address>
         <size>0x74</size>
         <input_file_ref idref="fl-bf"/>
      </object_component>
      <object_component id="oc-47">
         <name>.debug_abbrev</name>
         <load_address>0x412</load_address>
         <run_address>0x412</run_address>
         <size>0x24</size>
         <input_file_ref idref="fl-bf"/>
      </object_component>
      <object_component id="oc-8a">
         <name>.debug_abbrev</name>
         <load_address>0x436</load_address>
         <run_address>0x436</run_address>
         <size>0x24</size>
         <input_file_ref idref="fl-bf"/>
      </object_component>
      <object_component id="oc-95">
         <name>.debug_abbrev</name>
         <load_address>0x45a</load_address>
         <run_address>0x45a</run_address>
         <size>0x5d</size>
         <input_file_ref idref="fl-c0"/>
      </object_component>
      <object_component id="oc-50">
         <name>.debug_abbrev</name>
         <load_address>0x4b7</load_address>
         <run_address>0x4b7</run_address>
         <size>0x74</size>
         <input_file_ref idref="fl-c0"/>
      </object_component>
      <object_component id="oc-53">
         <name>.debug_abbrev</name>
         <load_address>0x52b</load_address>
         <run_address>0x52b</run_address>
         <size>0x24</size>
         <input_file_ref idref="fl-c0"/>
      </object_component>
      <object_component id="oc-92">
         <name>.debug_abbrev</name>
         <load_address>0x54f</load_address>
         <run_address>0x54f</run_address>
         <size>0x24</size>
         <input_file_ref idref="fl-c0"/>
      </object_component>
      <object_component id="oc-e4">
         <name>.debug_abbrev</name>
         <load_address>0x573</load_address>
         <run_address>0x573</run_address>
         <size>0xb3</size>
         <input_file_ref idref="fl-c1"/>
      </object_component>
      <object_component id="oc-d8">
         <name>.debug_abbrev</name>
         <load_address>0x626</load_address>
         <run_address>0x626</run_address>
         <size>0x29</size>
         <input_file_ref idref="fl-c1"/>
      </object_component>
      <object_component id="oc-b5">
         <name>.debug_abbrev</name>
         <load_address>0x64f</load_address>
         <run_address>0x64f</run_address>
         <size>0xba</size>
         <input_file_ref idref="fl-c1"/>
      </object_component>
      <object_component id="oc-87">
         <name>.debug_abbrev</name>
         <load_address>0x709</load_address>
         <run_address>0x709</run_address>
         <size>0x3e</size>
         <input_file_ref idref="fl-c2"/>
      </object_component>
      <object_component id="oc-8f">
         <name>.debug_abbrev</name>
         <load_address>0x747</load_address>
         <run_address>0x747</run_address>
         <size>0x4f</size>
         <input_file_ref idref="fl-c3"/>
      </object_component>
      <object_component id="oc-97">
         <name>.debug_abbrev</name>
         <load_address>0x796</load_address>
         <run_address>0x796</run_address>
         <size>0x53</size>
         <input_file_ref idref="fl-c4"/>
      </object_component>
      <object_component id="oc-98">
         <name>.debug_abbrev</name>
         <load_address>0x7e9</load_address>
         <run_address>0x7e9</run_address>
         <size>0x55</size>
         <input_file_ref idref="fl-c5"/>
      </object_component>
      <object_component id="oc-b8">
         <name>.debug_abbrev</name>
         <load_address>0x83e</load_address>
         <run_address>0x83e</run_address>
         <size>0x27</size>
         <input_file_ref idref="fl-c6"/>
      </object_component>
      <object_component id="oc-f5">
         <name>.debug_abbrev</name>
         <load_address>0x865</load_address>
         <run_address>0x865</run_address>
         <size>0x50</size>
         <input_file_ref idref="fl-c7"/>
      </object_component>
      <object_component id="oc-e0">
         <name>.debug_abbrev</name>
         <load_address>0x8b5</load_address>
         <run_address>0x8b5</run_address>
         <size>0x29</size>
         <input_file_ref idref="fl-c7"/>
      </object_component>
      <object_component id="oc-f4">
         <name>.debug_abbrev</name>
         <load_address>0x8de</load_address>
         <run_address>0x8de</run_address>
         <size>0x6f</size>
         <input_file_ref idref="fl-c7"/>
      </object_component>
      <object_component id="oc-d1">
         <name>.debug_abbrev</name>
         <load_address>0x94d</load_address>
         <run_address>0x94d</run_address>
         <size>0x99</size>
         <input_file_ref idref="fl-c8"/>
      </object_component>
      <object_component id="oc-ad">
         <name>.debug_abbrev</name>
         <load_address>0x9e6</load_address>
         <run_address>0x9e6</run_address>
         <size>0x68</size>
         <input_file_ref idref="fl-c8"/>
      </object_component>
      <object_component id="oc-d5">
         <name>.debug_abbrev</name>
         <load_address>0xa4e</load_address>
         <run_address>0xa4e</run_address>
         <size>0x49</size>
         <input_file_ref idref="fl-c8"/>
      </object_component>
      <object_component id="oc-bf">
         <name>.debug_abbrev</name>
         <load_address>0xa97</load_address>
         <run_address>0xa97</run_address>
         <size>0xb9</size>
         <input_file_ref idref="fl-c9"/>
      </object_component>
      <object_component id="oc-a5">
         <name>.debug_abbrev</name>
         <load_address>0xb50</load_address>
         <run_address>0xb50</run_address>
         <size>0x7e</size>
         <input_file_ref idref="fl-c9"/>
      </object_component>
      <object_component id="oc-c3">
         <name>.debug_abbrev</name>
         <load_address>0xbce</load_address>
         <run_address>0xbce</run_address>
         <size>0x24</size>
         <input_file_ref idref="fl-c9"/>
      </object_component>
      <object_component id="oc-ef">
         <name>.debug_abbrev</name>
         <load_address>0xbf2</load_address>
         <run_address>0xbf2</run_address>
         <size>0x24</size>
         <input_file_ref idref="fl-c9"/>
      </object_component>
      <object_component id="oc-c8">
         <name>.debug_abbrev</name>
         <load_address>0xc16</load_address>
         <run_address>0xc16</run_address>
         <size>0x4b</size>
         <input_file_ref idref="fl-c9"/>
      </object_component>
      <object_component id="oc-e6">
         <name>.debug_abbrev</name>
         <load_address>0xc61</load_address>
         <run_address>0xc61</run_address>
         <size>0xa7</size>
         <input_file_ref idref="fl-ca"/>
      </object_component>
      <object_component id="oc-bc">
         <name>.debug_abbrev</name>
         <load_address>0xd08</load_address>
         <run_address>0xd08</run_address>
         <size>0x8c</size>
         <input_file_ref idref="fl-ca"/>
      </object_component>
      <object_component id="oc-ea">
         <name>.debug_abbrev</name>
         <load_address>0xd94</load_address>
         <run_address>0xd94</run_address>
         <size>0x24</size>
         <input_file_ref idref="fl-ca"/>
      </object_component>
      <object_component id="oc-be">
         <name>.debug_abbrev</name>
         <load_address>0xdb8</load_address>
         <run_address>0xdb8</run_address>
         <size>0x53</size>
         <input_file_ref idref="fl-cb"/>
      </object_component>
      <object_component id="oc-11c">
         <name>.debug_abbrev</name>
         <load_address>0xe0b</load_address>
         <run_address>0xe0b</run_address>
         <size>0xf</size>
      </object_component>
      <object_component id="oc-3e">
         <name>.debug_str</name>
         <load_address>0x0</load_address>
         <run_address>0x0</run_address>
         <size>0xfa</size>
         <input_file_ref idref="fl-2"/>
      </object_component>
      <object_component id="oc-80">
         <name>.debug_str</name>
         <load_address>0xfa</load_address>
         <run_address>0xfa</run_address>
         <size>0x21d</size>
         <input_file_ref idref="fl-3"/>
      </object_component>
      <object_component id="oc-39">
         <name>.debug_str</name>
         <load_address>0x317</load_address>
         <run_address>0x317</run_address>
         <size>0x10d</size>
         <input_file_ref idref="fl-be"/>
      </object_component>
      <object_component id="oc-85">
         <name>.debug_str</name>
         <load_address>0x424</load_address>
         <run_address>0x424</run_address>
         <size>0x14a</size>
         <input_file_ref idref="fl-be"/>
      </object_component>
      <object_component id="oc-49">
         <name>.debug_str</name>
         <load_address>0x56e</load_address>
         <run_address>0x56e</run_address>
         <size>0x100</size>
         <input_file_ref idref="fl-bf"/>
      </object_component>
      <object_component id="oc-8c">
         <name>.debug_str</name>
         <load_address>0x66e</load_address>
         <run_address>0x66e</run_address>
         <size>0x12d</size>
         <input_file_ref idref="fl-bf"/>
      </object_component>
      <object_component id="oc-55">
         <name>.debug_str</name>
         <load_address>0x79b</load_address>
         <run_address>0x79b</run_address>
         <size>0xfa</size>
         <input_file_ref idref="fl-c0"/>
      </object_component>
      <object_component id="oc-94">
         <name>.debug_str</name>
         <load_address>0x895</load_address>
         <run_address>0x895</run_address>
         <size>0x12d</size>
         <input_file_ref idref="fl-c0"/>
      </object_component>
      <object_component id="oc-d7">
         <name>.debug_str</name>
         <load_address>0x9c2</load_address>
         <run_address>0x9c2</run_address>
         <size>0xd6</size>
         <input_file_ref idref="fl-c8"/>
      </object_component>
      <object_component id="oc-c5">
         <name>.debug_str</name>
         <load_address>0xa98</load_address>
         <run_address>0xa98</run_address>
         <size>0xe2</size>
         <input_file_ref idref="fl-c9"/>
      </object_component>
      <object_component id="oc-f1">
         <name>.debug_str</name>
         <load_address>0xb7a</load_address>
         <run_address>0xb7a</run_address>
         <size>0x138</size>
         <input_file_ref idref="fl-c9"/>
      </object_component>
      <object_component id="oc-ca">
         <name>.debug_str</name>
         <load_address>0xcb2</load_address>
         <run_address>0xcb2</run_address>
         <size>0x184</size>
         <input_file_ref idref="fl-c9"/>
      </object_component>
      <object_component id="oc-ec">
         <name>.debug_str</name>
         <load_address>0xe36</load_address>
         <run_address>0xe36</run_address>
         <size>0xd7</size>
         <input_file_ref idref="fl-ca"/>
      </object_component>
      <object_component id="oc-a9">
         <name>.debug_aranges</name>
         <load_address>0x0</load_address>
         <run_address>0x0</run_address>
         <size>0x40</size>
         <input_file_ref idref="fl-2"/>
      </object_component>
      <object_component id="oc-2d">
         <name>.debug_aranges</name>
         <load_address>0x40</load_address>
         <run_address>0x40</run_address>
         <size>0x38</size>
         <input_file_ref idref="fl-3"/>
      </object_component>
      <object_component id="oc-27">
         <name>.debug_aranges</name>
         <load_address>0x78</load_address>
         <run_address>0x78</run_address>
         <size>0x20</size>
         <input_file_ref idref="fl-bd"/>
      </object_component>
      <object_component id="oc-14">
         <name>.debug_aranges</name>
         <load_address>0x98</load_address>
         <run_address>0x98</run_address>
         <size>0x20</size>
         <input_file_ref idref="fl-be"/>
      </object_component>
      <object_component id="oc-1a">
         <name>.debug_aranges</name>
         <load_address>0xb8</load_address>
         <run_address>0xb8</run_address>
         <size>0x20</size>
         <input_file_ref idref="fl-bf"/>
      </object_component>
      <object_component id="oc-20">
         <name>.debug_aranges</name>
         <load_address>0xd8</load_address>
         <run_address>0xd8</run_address>
         <size>0x20</size>
         <input_file_ref idref="fl-c0"/>
      </object_component>
      <object_component id="oc-71">
         <name>.debug_aranges</name>
         <load_address>0xf8</load_address>
         <run_address>0xf8</run_address>
         <size>0x30</size>
         <input_file_ref idref="fl-c1"/>
      </object_component>
      <object_component id="oc-41">
         <name>.debug_aranges</name>
         <load_address>0x128</load_address>
         <run_address>0x128</run_address>
         <size>0x20</size>
         <input_file_ref idref="fl-c2"/>
      </object_component>
      <object_component id="oc-4d">
         <name>.debug_aranges</name>
         <load_address>0x148</load_address>
         <run_address>0x148</run_address>
         <size>0x28</size>
         <input_file_ref idref="fl-c3"/>
      </object_component>
      <object_component id="oc-59">
         <name>.debug_aranges</name>
         <load_address>0x170</load_address>
         <run_address>0x170</run_address>
         <size>0x20</size>
         <input_file_ref idref="fl-c4"/>
      </object_component>
      <object_component id="oc-5f">
         <name>.debug_aranges</name>
         <load_address>0x190</load_address>
         <run_address>0x190</run_address>
         <size>0x20</size>
         <input_file_ref idref="fl-c5"/>
      </object_component>
      <object_component id="oc-dc">
         <name>.debug_aranges</name>
         <load_address>0x1b0</load_address>
         <run_address>0x1b0</run_address>
         <size>0x30</size>
         <input_file_ref idref="fl-c7"/>
      </object_component>
      <object_component id="oc-6b">
         <name>.debug_aranges</name>
         <load_address>0x1e0</load_address>
         <run_address>0x1e0</run_address>
         <size>0x20</size>
         <input_file_ref idref="fl-c8"/>
      </object_component>
      <object_component id="oc-65">
         <name>.debug_aranges</name>
         <load_address>0x200</load_address>
         <run_address>0x200</run_address>
         <size>0x20</size>
         <input_file_ref idref="fl-c9"/>
      </object_component>
      <object_component id="oc-9b">
         <name>.debug_aranges</name>
         <load_address>0x220</load_address>
         <run_address>0x220</run_address>
         <size>0x20</size>
         <input_file_ref idref="fl-ca"/>
      </object_component>
      <object_component id="oc-a1">
         <name>.debug_aranges</name>
         <load_address>0x240</load_address>
         <run_address>0x240</run_address>
         <size>0x20</size>
         <input_file_ref idref="fl-cb"/>
      </object_component>
      <object_component id="oc-cd">
         <name>.debug_pubnames</name>
         <load_address>0x0</load_address>
         <run_address>0x0</run_address>
         <size>0x4f</size>
         <input_file_ref idref="fl-2"/>
      </object_component>
      <object_component id="oc-aa">
         <name>.debug_pubnames</name>
         <load_address>0x4f</load_address>
         <run_address>0x4f</run_address>
         <size>0x5b</size>
         <input_file_ref idref="fl-2"/>
      </object_component>
      <object_component id="oc-11">
         <name>.debug_pubnames</name>
         <load_address>0xaa</load_address>
         <run_address>0xaa</run_address>
         <size>0x23</size>
         <input_file_ref idref="fl-3"/>
      </object_component>
      <object_component id="oc-2e">
         <name>.debug_pubnames</name>
         <load_address>0xcd</load_address>
         <run_address>0xcd</run_address>
         <size>0x4c</size>
         <input_file_ref idref="fl-3"/>
      </object_component>
      <object_component id="oc-26">
         <name>.debug_pubnames</name>
         <load_address>0x119</load_address>
         <run_address>0x119</run_address>
         <size>0x1f</size>
         <input_file_ref idref="fl-bd"/>
      </object_component>
      <object_component id="oc-15">
         <name>.debug_pubnames</name>
         <load_address>0x138</load_address>
         <run_address>0x138</run_address>
         <size>0x2b</size>
         <input_file_ref idref="fl-be"/>
      </object_component>
      <object_component id="oc-1b">
         <name>.debug_pubnames</name>
         <load_address>0x163</load_address>
         <run_address>0x163</run_address>
         <size>0x2b</size>
         <input_file_ref idref="fl-bf"/>
      </object_component>
      <object_component id="oc-22">
         <name>.debug_pubnames</name>
         <load_address>0x18e</load_address>
         <run_address>0x18e</run_address>
         <size>0x25</size>
         <input_file_ref idref="fl-c0"/>
      </object_component>
      <object_component id="oc-b1">
         <name>.debug_pubnames</name>
         <load_address>0x1b3</load_address>
         <run_address>0x1b3</run_address>
         <size>0x5e</size>
         <input_file_ref idref="fl-c1"/>
      </object_component>
      <object_component id="oc-72">
         <name>.debug_pubnames</name>
         <load_address>0x211</load_address>
         <run_address>0x211</run_address>
         <size>0x35</size>
         <input_file_ref idref="fl-c1"/>
      </object_component>
      <object_component id="oc-42">
         <name>.debug_pubnames</name>
         <load_address>0x246</load_address>
         <run_address>0x246</run_address>
         <size>0x1d</size>
         <input_file_ref idref="fl-c2"/>
      </object_component>
      <object_component id="oc-4e">
         <name>.debug_pubnames</name>
         <load_address>0x263</load_address>
         <run_address>0x263</run_address>
         <size>0x37</size>
         <input_file_ref idref="fl-c3"/>
      </object_component>
      <object_component id="oc-5a">
         <name>.debug_pubnames</name>
         <load_address>0x29a</load_address>
         <run_address>0x29a</run_address>
         <size>0x21</size>
         <input_file_ref idref="fl-c4"/>
      </object_component>
      <object_component id="oc-60">
         <name>.debug_pubnames</name>
         <load_address>0x2bb</load_address>
         <run_address>0x2bb</run_address>
         <size>0x27</size>
         <input_file_ref idref="fl-c5"/>
      </object_component>
      <object_component id="oc-77">
         <name>.debug_pubnames</name>
         <load_address>0x2e2</load_address>
         <run_address>0x2e2</run_address>
         <size>0x23</size>
         <input_file_ref idref="fl-c6"/>
      </object_component>
      <object_component id="oc-b4">
         <name>.debug_pubnames</name>
         <load_address>0x305</load_address>
         <run_address>0x305</run_address>
         <size>0x28</size>
         <input_file_ref idref="fl-c7"/>
      </object_component>
      <object_component id="oc-dd">
         <name>.debug_pubnames</name>
         <load_address>0x32d</load_address>
         <run_address>0x32d</run_address>
         <size>0x43</size>
         <input_file_ref idref="fl-c7"/>
      </object_component>
      <object_component id="oc-6c">
         <name>.debug_pubnames</name>
         <load_address>0x370</load_address>
         <run_address>0x370</run_address>
         <size>0x21</size>
         <input_file_ref idref="fl-c8"/>
      </object_component>
      <object_component id="oc-66">
         <name>.debug_pubnames</name>
         <load_address>0x391</load_address>
         <run_address>0x391</run_address>
         <size>0x25</size>
         <input_file_ref idref="fl-c9"/>
      </object_component>
      <object_component id="oc-9c">
         <name>.debug_pubnames</name>
         <load_address>0x3b6</load_address>
         <run_address>0x3b6</run_address>
         <size>0x1e</size>
         <input_file_ref idref="fl-ca"/>
      </object_component>
      <object_component id="oc-a2">
         <name>.debug_pubnames</name>
         <load_address>0x3d4</load_address>
         <run_address>0x3d4</run_address>
         <size>0x29</size>
         <input_file_ref idref="fl-cb"/>
      </object_component>
      <object_component id="oc-3b">
         <name>.debug_pubtypes</name>
         <load_address>0x0</load_address>
         <run_address>0x0</run_address>
         <size>0xed</size>
         <input_file_ref idref="fl-2"/>
      </object_component>
      <object_component id="oc-7d">
         <name>.debug_pubtypes</name>
         <load_address>0xed</load_address>
         <run_address>0xed</run_address>
         <size>0x1c6</size>
         <input_file_ref idref="fl-3"/>
      </object_component>
      <object_component id="oc-36">
         <name>.debug_pubtypes</name>
         <load_address>0x2b3</load_address>
         <run_address>0x2b3</run_address>
         <size>0x5d</size>
         <input_file_ref idref="fl-be"/>
      </object_component>
      <object_component id="oc-82">
         <name>.debug_pubtypes</name>
         <load_address>0x310</load_address>
         <run_address>0x310</run_address>
         <size>0x42</size>
         <input_file_ref idref="fl-be"/>
      </object_component>
      <object_component id="oc-46">
         <name>.debug_pubtypes</name>
         <load_address>0x352</load_address>
         <run_address>0x352</run_address>
         <size>0x48</size>
         <input_file_ref idref="fl-bf"/>
      </object_component>
      <object_component id="oc-89">
         <name>.debug_pubtypes</name>
         <load_address>0x39a</load_address>
         <run_address>0x39a</run_address>
         <size>0x1d</size>
         <input_file_ref idref="fl-bf"/>
      </object_component>
      <object_component id="oc-52">
         <name>.debug_pubtypes</name>
         <load_address>0x3b7</load_address>
         <run_address>0x3b7</run_address>
         <size>0x48</size>
         <input_file_ref idref="fl-c0"/>
      </object_component>
      <object_component id="oc-91">
         <name>.debug_pubtypes</name>
         <load_address>0x3ff</load_address>
         <run_address>0x3ff</run_address>
         <size>0x1d</size>
         <input_file_ref idref="fl-c0"/>
      </object_component>
      <object_component id="oc-b7">
         <name>.debug_pubtypes</name>
         <load_address>0x41c</load_address>
         <run_address>0x41c</run_address>
         <size>0x1f</size>
         <input_file_ref idref="fl-c1"/>
      </object_component>
      <object_component id="oc-e3">
         <name>.debug_pubtypes</name>
         <load_address>0x43b</load_address>
         <run_address>0x43b</run_address>
         <size>0x1f</size>
         <input_file_ref idref="fl-c7"/>
      </object_component>
      <object_component id="oc-d4">
         <name>.debug_pubtypes</name>
         <load_address>0x45a</load_address>
         <run_address>0x45a</run_address>
         <size>0x1b</size>
         <input_file_ref idref="fl-c8"/>
      </object_component>
      <object_component id="oc-c2">
         <name>.debug_pubtypes</name>
         <load_address>0x475</load_address>
         <run_address>0x475</run_address>
         <size>0x32</size>
         <input_file_ref idref="fl-c9"/>
      </object_component>
      <object_component id="oc-ee">
         <name>.debug_pubtypes</name>
         <load_address>0x4a7</load_address>
         <run_address>0x4a7</run_address>
         <size>0x2c</size>
         <input_file_ref idref="fl-c9"/>
      </object_component>
      <object_component id="oc-c7">
         <name>.debug_pubtypes</name>
         <load_address>0x4d3</load_address>
         <run_address>0x4d3</run_address>
         <size>0x50</size>
         <input_file_ref idref="fl-c9"/>
      </object_component>
      <object_component id="oc-e9">
         <name>.debug_pubtypes</name>
         <load_address>0x523</load_address>
         <run_address>0x523</run_address>
         <size>0x23</size>
         <input_file_ref idref="fl-ca"/>
      </object_component>
   </object_component_list>
   <logical_group_list>
      <logical_group id="lg-3" display="no" color="cyan">
         <name>.intvecs</name>
         <load_address>0x0</load_address>
         <run_address>0x0</run_address>
         <size>0x26c</size>
         <contents>
            <object_component_ref idref="oc-f"/>
         </contents>
      </logical_group>
      <logical_group id="lg-4" display="no" color="cyan">
         <name>.text</name>
         <load_address>0x26c</load_address>
         <run_address>0x26c</run_address>
         <size>0x4b8</size>
         <contents>
            <object_component_ref idref="oc-a7"/>
            <object_component_ref idref="oc-3f"/>
            <object_component_ref idref="oc-4b"/>
            <object_component_ref idref="oc-57"/>
            <object_component_ref idref="oc-63"/>
            <object_component_ref idref="oc-12"/>
            <object_component_ref idref="oc-24"/>
            <object_component_ref idref="oc-6f"/>
            <object_component_ref idref="oc-99"/>
            <object_component_ref idref="oc-69"/>
            <object_component_ref idref="oc-da"/>
            <object_component_ref idref="oc-18"/>
            <object_component_ref idref="oc-1e"/>
            <object_component_ref idref="oc-2b"/>
            <object_component_ref idref="oc-5d"/>
            <object_component_ref idref="oc-9f"/>
         </contents>
      </logical_group>
      <logical_group id="lg-5" display="no" color="cyan">
         <name>.const</name>
         <run_address>0x0</run_address>
         <size>0x0</size>
         <contents>
         </contents>
      </logical_group>
      <logical_group id="lg-6" display="no" color="cyan">
         <name>.cinit</name>
         <load_address>0x728</load_address>
         <run_address>0x728</run_address>
         <size>0x38</size>
         <contents>
            <object_component_ref idref="oc-118"/>
            <object_component_ref idref="oc-116"/>
            <object_component_ref idref="oc-119"/>
            <object_component_ref idref="oc-117"/>
         </contents>
      </logical_group>
      <logical_group id="lg-7" display="no" color="cyan">
         <name>.pinit</name>
         <run_address>0x0</run_address>
         <size>0x0</size>
         <contents>
         </contents>
      </logical_group>
      <logical_group id="lg-8" display="no" color="cyan">
         <name>.init_array</name>
         <run_address>0x0</run_address>
         <size>0x0</size>
         <contents>
         </contents>
      </logical_group>
      <logical_group id="lg-9" display="no" color="cyan">
         <name>.vtable</name>
         <run_address>0x0</run_address>
         <size>0x0</size>
         <contents>
         </contents>
      </logical_group>
      <logical_group id="lg-a" display="no" color="cyan">
         <name>.data</name>
         <run_address>0x20000200</run_address>
         <size>0x18</size>
         <contents>
            <object_component_ref idref="oc-af"/>
            <object_component_ref idref="oc-75"/>
            <object_component_ref idref="oc-b2"/>
         </contents>
      </logical_group>
      <logical_group id="lg-b" display="no" color="cyan">
         <name>.bss</name>
         <run_address>0x20000218</run_address>
         <size>0xc</size>
         <contents>
            <object_component_ref idref="oc-ce"/>
            <object_component_ref idref="oc-cf"/>
            <object_component_ref idref="oc-cb"/>
         </contents>
      </logical_group>
      <logical_group id="lg-c" display="no" color="cyan">
         <name>.sysmem</name>
         <run_address>0x0</run_address>
         <size>0x0</size>
         <contents>
         </contents>
      </logical_group>
      <logical_group id="lg-d" display="no" color="cyan">
         <name>.stack</name>
         <run_address>0x20000000</run_address>
         <size>0x200</size>
         <contents>
            <object_component_ref idref="oc-2a"/>
            <object_component_ref idref="oc-11a"/>
         </contents>
      </logical_group>
      <logical_group id="lg-f7" display="no" color="cyan">
         <name>.TI.noinit</name>
         <run_address>0x0</run_address>
         <size>0x0</size>
         <contents>
         </contents>
      </logical_group>
      <logical_group id="lg-f8" display="no" color="cyan">
         <name>.TI.persistent</name>
         <run_address>0x0</run_address>
         <size>0x0</size>
         <contents>
         </contents>
      </logical_group>
      <logical_group id="lg-106" display="never" color="cyan">
         <name>.debug_info</name>
         <load_address>0x0</load_address>
         <run_address>0x0</run_address>
         <size>0x4484</size>
         <contents>
            <object_component_ref idref="oc-cc"/>
            <object_component_ref idref="oc-a8"/>
            <object_component_ref idref="oc-3a"/>
            <object_component_ref idref="oc-33"/>
            <object_component_ref idref="oc-10"/>
            <object_component_ref idref="oc-2c"/>
            <object_component_ref idref="oc-7c"/>
            <object_component_ref idref="oc-25"/>
            <object_component_ref idref="oc-86"/>
            <object_component_ref idref="oc-13"/>
            <object_component_ref idref="oc-35"/>
            <object_component_ref idref="oc-81"/>
            <object_component_ref idref="oc-4a"/>
            <object_component_ref idref="oc-19"/>
            <object_component_ref idref="oc-45"/>
            <object_component_ref idref="oc-88"/>
            <object_component_ref idref="oc-56"/>
            <object_component_ref idref="oc-21"/>
            <object_component_ref idref="oc-51"/>
            <object_component_ref idref="oc-90"/>
            <object_component_ref idref="oc-b6"/>
            <object_component_ref idref="oc-b0"/>
            <object_component_ref idref="oc-70"/>
            <object_component_ref idref="oc-40"/>
            <object_component_ref idref="oc-4c"/>
            <object_component_ref idref="oc-58"/>
            <object_component_ref idref="oc-5e"/>
            <object_component_ref idref="oc-76"/>
            <object_component_ref idref="oc-e2"/>
            <object_component_ref idref="oc-b3"/>
            <object_component_ref idref="oc-db"/>
            <object_component_ref idref="oc-ae"/>
            <object_component_ref idref="oc-6a"/>
            <object_component_ref idref="oc-d3"/>
            <object_component_ref idref="oc-a6"/>
            <object_component_ref idref="oc-64"/>
            <object_component_ref idref="oc-c1"/>
            <object_component_ref idref="oc-ed"/>
            <object_component_ref idref="oc-c6"/>
            <object_component_ref idref="oc-bd"/>
            <object_component_ref idref="oc-9a"/>
            <object_component_ref idref="oc-e8"/>
            <object_component_ref idref="oc-a0"/>
            <object_component_ref idref="oc-11b"/>
         </contents>
      </logical_group>
      <logical_group id="lg-108" display="never" color="cyan">
         <name>.debug_line</name>
         <load_address>0x0</load_address>
         <run_address>0x0</run_address>
         <size>0x104e</size>
         <contents>
            <object_component_ref idref="oc-f3"/>
            <object_component_ref idref="oc-ab"/>
            <object_component_ref idref="oc-3d"/>
            <object_component_ref idref="oc-7b"/>
            <object_component_ref idref="oc-32"/>
            <object_component_ref idref="oc-2f"/>
            <object_component_ref idref="oc-7f"/>
            <object_component_ref idref="oc-28"/>
            <object_component_ref idref="oc-bb"/>
            <object_component_ref idref="oc-16"/>
            <object_component_ref idref="oc-38"/>
            <object_component_ref idref="oc-84"/>
            <object_component_ref idref="oc-8e"/>
            <object_component_ref idref="oc-1c"/>
            <object_component_ref idref="oc-48"/>
            <object_component_ref idref="oc-8b"/>
            <object_component_ref idref="oc-96"/>
            <object_component_ref idref="oc-23"/>
            <object_component_ref idref="oc-54"/>
            <object_component_ref idref="oc-93"/>
            <object_component_ref idref="oc-e5"/>
            <object_component_ref idref="oc-d9"/>
            <object_component_ref idref="oc-73"/>
            <object_component_ref idref="oc-43"/>
            <object_component_ref idref="oc-4f"/>
            <object_component_ref idref="oc-5b"/>
            <object_component_ref idref="oc-61"/>
            <object_component_ref idref="oc-b9"/>
            <object_component_ref idref="oc-f6"/>
            <object_component_ref idref="oc-e1"/>
            <object_component_ref idref="oc-de"/>
            <object_component_ref idref="oc-d2"/>
            <object_component_ref idref="oc-6d"/>
            <object_component_ref idref="oc-d6"/>
            <object_component_ref idref="oc-c0"/>
            <object_component_ref idref="oc-67"/>
            <object_component_ref idref="oc-c4"/>
            <object_component_ref idref="oc-f0"/>
            <object_component_ref idref="oc-c9"/>
            <object_component_ref idref="oc-e7"/>
            <object_component_ref idref="oc-9d"/>
            <object_component_ref idref="oc-eb"/>
            <object_component_ref idref="oc-a3"/>
         </contents>
      </logical_group>
      <logical_group id="lg-10a" display="never" color="cyan">
         <name>.debug_frame</name>
         <load_address>0x0</load_address>
         <run_address>0x0</run_address>
         <size>0x558</size>
         <contents>
            <object_component_ref idref="oc-ac"/>
            <object_component_ref idref="oc-30"/>
            <object_component_ref idref="oc-17"/>
            <object_component_ref idref="oc-1d"/>
            <object_component_ref idref="oc-1f"/>
            <object_component_ref idref="oc-74"/>
            <object_component_ref idref="oc-5c"/>
            <object_component_ref idref="oc-62"/>
            <object_component_ref idref="oc-df"/>
            <object_component_ref idref="oc-6e"/>
            <object_component_ref idref="oc-68"/>
            <object_component_ref idref="oc-9e"/>
            <object_component_ref idref="oc-a4"/>
         </contents>
      </logical_group>
      <logical_group id="lg-10c" display="never" color="cyan">
         <name>.debug_abbrev</name>
         <load_address>0x0</load_address>
         <run_address>0x0</run_address>
         <size>0xe1a</size>
         <contents>
            <object_component_ref idref="oc-f2"/>
            <object_component_ref idref="oc-d0"/>
            <object_component_ref idref="oc-3c"/>
            <object_component_ref idref="oc-7a"/>
            <object_component_ref idref="oc-31"/>
            <object_component_ref idref="oc-79"/>
            <object_component_ref idref="oc-7e"/>
            <object_component_ref idref="oc-78"/>
            <object_component_ref idref="oc-ba"/>
            <object_component_ref idref="oc-34"/>
            <object_component_ref idref="oc-37"/>
            <object_component_ref idref="oc-83"/>
            <object_component_ref idref="oc-8d"/>
            <object_component_ref idref="oc-44"/>
            <object_component_ref idref="oc-47"/>
            <object_component_ref idref="oc-8a"/>
            <object_component_ref idref="oc-95"/>
            <object_component_ref idref="oc-50"/>
            <object_component_ref idref="oc-53"/>
            <object_component_ref idref="oc-92"/>
            <object_component_ref idref="oc-e4"/>
            <object_component_ref idref="oc-d8"/>
            <object_component_ref idref="oc-b5"/>
            <object_component_ref idref="oc-87"/>
            <object_component_ref idref="oc-8f"/>
            <object_component_ref idref="oc-97"/>
            <object_component_ref idref="oc-98"/>
            <object_component_ref idref="oc-b8"/>
            <object_component_ref idref="oc-f5"/>
            <object_component_ref idref="oc-e0"/>
            <object_component_ref idref="oc-f4"/>
            <object_component_ref idref="oc-d1"/>
            <object_component_ref idref="oc-ad"/>
            <object_component_ref idref="oc-d5"/>
            <object_component_ref idref="oc-bf"/>
            <object_component_ref idref="oc-a5"/>
            <object_component_ref idref="oc-c3"/>
            <object_component_ref idref="oc-ef"/>
            <object_component_ref idref="oc-c8"/>
            <object_component_ref idref="oc-e6"/>
            <object_component_ref idref="oc-bc"/>
            <object_component_ref idref="oc-ea"/>
            <object_component_ref idref="oc-be"/>
            <object_component_ref idref="oc-11c"/>
         </contents>
      </logical_group>
      <logical_group id="lg-10e" display="never" color="cyan">
         <name>.debug_str</name>
         <load_address>0x0</load_address>
         <run_address>0x0</run_address>
         <size>0xf0d</size>
         <contents>
            <object_component_ref idref="oc-3e"/>
            <object_component_ref idref="oc-80"/>
            <object_component_ref idref="oc-39"/>
            <object_component_ref idref="oc-85"/>
            <object_component_ref idref="oc-49"/>
            <object_component_ref idref="oc-8c"/>
            <object_component_ref idref="oc-55"/>
            <object_component_ref idref="oc-94"/>
            <object_component_ref idref="oc-d7"/>
            <object_component_ref idref="oc-c5"/>
            <object_component_ref idref="oc-f1"/>
            <object_component_ref idref="oc-ca"/>
            <object_component_ref idref="oc-ec"/>
         </contents>
      </logical_group>
      <logical_group id="lg-110" display="never" color="cyan">
         <name>.debug_aranges</name>
         <load_address>0x0</load_address>
         <run_address>0x0</run_address>
         <size>0x260</size>
         <contents>
            <object_component_ref idref="oc-a9"/>
            <object_component_ref idref="oc-2d"/>
            <object_component_ref idref="oc-27"/>
            <object_component_ref idref="oc-14"/>
            <object_component_ref idref="oc-1a"/>
            <object_component_ref idref="oc-20"/>
            <object_component_ref idref="oc-71"/>
            <object_component_ref idref="oc-41"/>
            <object_component_ref idref="oc-4d"/>
            <object_component_ref idref="oc-59"/>
            <object_component_ref idref="oc-5f"/>
            <object_component_ref idref="oc-dc"/>
            <object_component_ref idref="oc-6b"/>
            <object_component_ref idref="oc-65"/>
            <object_component_ref idref="oc-9b"/>
            <object_component_ref idref="oc-a1"/>
         </contents>
      </logical_group>
      <logical_group id="lg-112" display="never" color="cyan">
         <name>.debug_pubnames</name>
         <load_address>0x0</load_address>
         <run_address>0x0</run_address>
         <size>0x3fd</size>
         <contents>
            <object_component_ref idref="oc-cd"/>
            <object_component_ref idref="oc-aa"/>
            <object_component_ref idref="oc-11"/>
            <object_component_ref idref="oc-2e"/>
            <object_component_ref idref="oc-26"/>
            <object_component_ref idref="oc-15"/>
            <object_component_ref idref="oc-1b"/>
            <object_component_ref idref="oc-22"/>
            <object_component_ref idref="oc-b1"/>
            <object_component_ref idref="oc-72"/>
            <object_component_ref idref="oc-42"/>
            <object_component_ref idref="oc-4e"/>
            <object_component_ref idref="oc-5a"/>
            <object_component_ref idref="oc-60"/>
            <object_component_ref idref="oc-77"/>
            <object_component_ref idref="oc-b4"/>
            <object_component_ref idref="oc-dd"/>
            <object_component_ref idref="oc-6c"/>
            <object_component_ref idref="oc-66"/>
            <object_component_ref idref="oc-9c"/>
            <object_component_ref idref="oc-a2"/>
         </contents>
      </logical_group>
      <logical_group id="lg-114" display="never" color="cyan">
         <name>.debug_pubtypes</name>
         <load_address>0x0</load_address>
         <run_address>0x0</run_address>
         <size>0x546</size>
         <contents>
            <object_component_ref idref="oc-3b"/>
            <object_component_ref idref="oc-7d"/>
            <object_component_ref idref="oc-36"/>
            <object_component_ref idref="oc-82"/>
            <object_component_ref idref="oc-46"/>
            <object_component_ref idref="oc-89"/>
            <object_component_ref idref="oc-52"/>
            <object_component_ref idref="oc-91"/>
            <object_component_ref idref="oc-b7"/>
            <object_component_ref idref="oc-e3"/>
            <object_component_ref idref="oc-d4"/>
            <object_component_ref idref="oc-c2"/>
            <object_component_ref idref="oc-ee"/>
            <object_component_ref idref="oc-c7"/>
            <object_component_ref idref="oc-e9"/>
         </contents>
      </logical_group>
      <load_segment id="lg-11e" display="no" color="cyan">
         <name>SEGMENT_0</name>
         <load_address>0x0</load_address>
         <run_address>0x0</run_address>
         <size>0x760</size>
         <flags>0x5</flags>
         <contents>
            <logical_group_ref idref="lg-3"/>
            <logical_group_ref idref="lg-4"/>
            <logical_group_ref idref="lg-6"/>
         </contents>
      </load_segment>
      <load_segment id="lg-11f" display="no" color="cyan">
         <name>SEGMENT_1</name>
         <run_address>0x20000000</run_address>
         <size>0x224</size>
         <flags>0x6</flags>
         <contents>
            <logical_group_ref idref="lg-d"/>
            <logical_group_ref idref="lg-a"/>
            <logical_group_ref idref="lg-b"/>
         </contents>
      </load_segment>
   </logical_group_list>
   <placement_map>
      <memory_area display="yes" color="green">
         <name>FLASH</name>
         <page_id>0x0</page_id>
         <origin>0x0</origin>
         <length>0x40000</length>
         <used_space>0x75c</used_space>
         <unused_space>0x3f8a4</unused_space>
         <attributes>RX</attributes>
         <usage_details>
            <allocated_space>
               <start_address>0x0</start_address>
               <size>0x26c</size>
               <logical_group_ref idref="lg-3"/>
            </allocated_space>
            <allocated_space>
               <start_address>0x26c</start_address>
               <size>0x4b8</size>
               <logical_group_ref idref="lg-4"/>
            </allocated_space>
            <available_space>
               <start_address>0x724</start_address>
               <size>0x4</size>
            </available_space>
            <allocated_space>
               <start_address>0x728</start_address>
               <size>0x38</size>
               <logical_group_ref idref="lg-6"/>
            </allocated_space>
            <available_space>
               <start_address>0x760</start_address>
               <size>0x3f8a0</size>
            </available_space>
         </usage_details>
      </memory_area>
      <memory_area display="yes" color="green">
         <name>SRAM</name>
         <page_id>0x0</page_id>
         <origin>0x20000000</origin>
         <length>0x8000</length>
         <used_space>0x224</used_space>
         <unused_space>0x7ddc</unused_space>
         <attributes>RWX</attributes>
         <usage_details>
            <allocated_space>
               <start_address>0x20000000</start_address>
               <size>0x200</size>
               <logical_group_ref idref="lg-d"/>
            </allocated_space>
            <allocated_space>
               <start_address>0x20000200</start_address>
               <size>0x18</size>
               <logical_group_ref idref="lg-a"/>
            </allocated_space>
            <allocated_space>
               <start_address>0x20000218</start_address>
               <size>0xc</size>
               <logical_group_ref idref="lg-b"/>
            </allocated_space>
            <available_space>
               <start_address>0x20000224</start_address>
               <size>0x7ddc</size>
            </available_space>
         </usage_details>
      </memory_area>
   </placement_map>
   <cptbl_list>
      <cptbl>
         <name>__TI_cinit_table</name>
         <cprec>
            <name>.data</name>
            <load_address>0x728</load_address>
            <load_size>0x11</load_size>
            <run_address>0x20000200</run_address>
            <run_size>0x18</run_size>
            <compression>lzss</compression>
         </cprec>
         <cprec>
            <name>.bss</name>
            <load_address>0x748</load_address>
            <load_size>0x8</load_size>
            <run_address>0x20000218</run_address>
            <run_size>0xc</run_size>
            <compression>zero_init</compression>
         </cprec>
      </cptbl>
   </cptbl_list>
   <handler_table>
      <handler_table_name>__TI_handler_table</handler_table_name>
      <handler>
         <index>0x0</index>
         <name>__TI_decompress_lzss</name>
      </handler>
      <handler>
         <index>0x1</index>
         <name>__TI_decompress_none</name>
      </handler>
      <handler>
         <index>0x2</index>
         <name>__TI_zero_init</name>
      </handler>
   </handler_table>
   <symbol_table>
      <symbol id="sm-1">
         <name>__STACK_TOP</name>
         <value>0x20000200</value>
      </symbol>
      <symbol id="sm-2">
         <name>__TI_CINIT_Base</name>
         <value>0x750</value>
      </symbol>
      <symbol id="sm-3">
         <name>__TI_CINIT_Limit</name>
         <value>0x760</value>
      </symbol>
      <symbol id="sm-4">
         <name>__TI_Handler_Table_Base</name>
         <value>0x73c</value>
      </symbol>
      <symbol id="sm-5">
         <name>__TI_Handler_Table_Limit</name>
         <value>0x748</value>
      </symbol>
      <symbol id="sm-6">
         <name>binit</name>
         <value>0xffffffff</value>
      </symbol>
      <symbol id="sm-7">
         <name>__binit__</name>
         <value>0xffffffff</value>
      </symbol>
      <symbol id="sm-8">
         <name>__STACK_SIZE</name>
         <value>0x200</value>
      </symbol>
      <symbol id="sm-9">
         <name>__STACK_END</name>
         <value>0x20000200</value>
      </symbol>
      <symbol id="sm-a">
         <name>__c_args__</name>
         <value>0xffffffff</value>
      </symbol>
      <symbol id="sm-b">
         <name>__TI_pprof_out_hndl</name>
         <value>0xffffffff</value>
      </symbol>
      <symbol id="sm-c">
         <name>__TI_prof_data_start</name>
         <value>0xffffffff</value>
      </symbol>
      <symbol id="sm-d">
         <name>__TI_prof_data_size</name>
         <value>0xffffffff</value>
      </symbol>
      <symbol id="sm-53">
         <name>ADC_ISR_FLAG</name>
         <value>0x2000021c</value>
      </symbol>
      <symbol id="sm-54">
         <name>ADC_ISR_FLAG2</name>
         <value>0x20000220</value>
      </symbol>
      <symbol id="sm-55">
         <name>ADC_DATA</name>
         <value>0x20000218</value>
      </symbol>
      <symbol id="sm-56">
         <name>ADC_Init</name>
         <value>0x2c9</value>
         <object_component_ref idref="oc-a7"/>
      </symbol>
      <symbol id="sm-57">
         <name>Sys_Init</name>
         <value>0x291</value>
         <object_component_ref idref="oc-a7"/>
      </symbol>
      <symbol id="sm-58">
         <name>main</name>
         <value>0x26d</value>
         <object_component_ref idref="oc-a7"/>
      </symbol>
      <symbol id="sm-59">
         <name>ADC0_Handler</name>
         <value>0x365</value>
         <object_component_ref idref="oc-a7"/>
      </symbol>
      <symbol id="sm-5a">
         <name>EnableInterrupts</name>
         <value>0x2c3</value>
         <object_component_ref idref="oc-a7"/>
      </symbol>
      <symbol id="sm-7b">
         <name>ResetISR</name>
         <value>0x713</value>
         <object_component_ref idref="oc-2b"/>
      </symbol>
      <symbol id="sm-7c">
         <name>g_pfnVectors</name>
         <value>0x0</value>
         <object_component_ref idref="oc-f"/>
      </symbol>
      <symbol id="sm-8d">
         <name>_c_int00</name>
         <value>0x5d9</value>
         <object_component_ref idref="oc-24"/>
      </symbol>
      <symbol id="sm-8e">
         <name>__stack</name>
         <value>0x20000000</value>
         <object_component_ref idref="oc-2a"/>
      </symbol>
      <symbol id="sm-ac">
         <name>__TI_decompress_lzss</name>
         <value>0x571</value>
         <object_component_ref idref="oc-12"/>
      </symbol>
      <symbol id="sm-c3">
         <name>__TI_decompress_none</name>
         <value>0x6f9</value>
         <object_component_ref idref="oc-18"/>
      </symbol>
      <symbol id="sm-da">
         <name>__TI_zero_init</name>
         <value>0x707</value>
         <object_component_ref idref="oc-1e"/>
      </symbol>
      <symbol id="sm-fb">
         <name>C$$EXIT</name>
         <value>0x62d</value>
         <object_component_ref idref="oc-6f"/>
      </symbol>
      <symbol id="sm-fc">
         <name>abort</name>
         <value>0x631</value>
         <object_component_ref idref="oc-6f"/>
      </symbol>
      <symbol id="sm-fd">
         <name>exit</name>
         <value>0x639</value>
         <object_component_ref idref="oc-6f"/>
      </symbol>
      <symbol id="sm-fe">
         <name>__TI_dtors_ptr</name>
         <value>0x20000204</value>
         <object_component_ref idref="oc-af"/>
      </symbol>
      <symbol id="sm-ff">
         <name>__TI_cleanup_ptr</name>
         <value>0x20000200</value>
         <object_component_ref idref="oc-af"/>
      </symbol>
      <symbol id="sm-100">
         <name>__TI_enable_exit_profile_output</name>
         <value>0x20000208</value>
         <object_component_ref idref="oc-af"/>
      </symbol>
      <symbol id="sm-11b">
         <name>memcpy</name>
         <value>0x3e9</value>
         <object_component_ref idref="oc-3f"/>
      </symbol>
      <symbol id="sm-11c">
         <name>__aeabi_memcpy</name>
         <value>0x3e9</value>
         <object_component_ref idref="oc-3f"/>
      </symbol>
      <symbol id="sm-11d">
         <name>__aeabi_memcpy8</name>
         <value>0x3e9</value>
         <object_component_ref idref="oc-3f"/>
      </symbol>
      <symbol id="sm-11e">
         <name>__aeabi_memcpy4</name>
         <value>0x3e9</value>
         <object_component_ref idref="oc-3f"/>
      </symbol>
      <symbol id="sm-12d">
         <name>__aeabi_memset</name>
         <value>0x487</value>
         <object_component_ref idref="oc-4b"/>
      </symbol>
      <symbol id="sm-12e">
         <name>memset</name>
         <value>0x48d</value>
         <object_component_ref idref="oc-4b"/>
      </symbol>
      <symbol id="sm-12f">
         <name>__aeabi_memset8</name>
         <value>0x487</value>
         <object_component_ref idref="oc-4b"/>
      </symbol>
      <symbol id="sm-130">
         <name>__aeabi_memset4</name>
         <value>0x487</value>
         <object_component_ref idref="oc-4b"/>
      </symbol>
      <symbol id="sm-131">
         <name>__aeabi_memclr8</name>
         <value>0x485</value>
         <object_component_ref idref="oc-4b"/>
      </symbol>
      <symbol id="sm-132">
         <name>__aeabi_memclr4</name>
         <value>0x485</value>
         <object_component_ref idref="oc-4b"/>
      </symbol>
      <symbol id="sm-133">
         <name>__aeabi_memclr</name>
         <value>0x485</value>
         <object_component_ref idref="oc-4b"/>
      </symbol>
      <symbol id="sm-13d">
         <name>__mpu_init</name>
         <value>0x4ff</value>
         <object_component_ref idref="oc-57"/>
      </symbol>
      <symbol id="sm-147">
         <name>_system_pre_init</name>
         <value>0x71f</value>
         <object_component_ref idref="oc-5d"/>
      </symbol>
      <symbol id="sm-14f">
         <name>main_func_sp</name>
         <value>0x20000214</value>
         <object_component_ref idref="oc-75"/>
      </symbol>
      <symbol id="sm-168">
         <name>_nop</name>
         <value>0x6f3</value>
         <object_component_ref idref="oc-da"/>
      </symbol>
      <symbol id="sm-169">
         <name>_lock</name>
         <value>0x2000020c</value>
         <object_component_ref idref="oc-b2"/>
      </symbol>
      <symbol id="sm-16a">
         <name>_unlock</name>
         <value>0x20000210</value>
         <object_component_ref idref="oc-b2"/>
      </symbol>
      <symbol id="sm-16b">
         <name>_register_lock</name>
         <value>0x6eb</value>
         <object_component_ref idref="oc-da"/>
      </symbol>
      <symbol id="sm-16c">
         <name>_register_unlock</name>
         <value>0x6e5</value>
         <object_component_ref idref="oc-da"/>
      </symbol>
      <symbol id="sm-180">
         <name>_args_main</name>
         <value>0x6cd</value>
         <object_component_ref idref="oc-69"/>
      </symbol>
      <symbol id="sm-1aa">
         <name>__TI_auto_init</name>
         <value>0x501</value>
         <object_component_ref idref="oc-63"/>
      </symbol>
      <symbol id="sm-1c4">
         <name>copy_in</name>
         <value>0x681</value>
         <object_component_ref idref="oc-99"/>
      </symbol>
      <symbol id="sm-1ce">
         <name>_system_post_cinit</name>
         <value>0x723</value>
         <object_component_ref idref="oc-9f"/>
      </symbol>
      <symbol id="sm-1cf">
         <name>__TI_static_base__</name>
         <value>0x0</value>
      </symbol>
      <symbol id="sm-1d2">
         <name>SHT$$INIT_ARRAY$$Limit</name>
         <value>0x0</value>
      </symbol>
      <symbol id="sm-1d3">
         <name>SHT$$INIT_ARRAY$$Base</name>
         <value>0x0</value>
      </symbol>
   </symbol_table>
   <title>Link successful</title>
</link_info>
