******************************************************************************
                  TI ARM Linker PC v16.9.4                     
******************************************************************************
>> Linked Mon Jan 15 12:15:45 2018

OUTPUT FILE NAME:   <Test_1.out>
ENTRY POINT SYMBOL: "_c_int00"  address: 00000ef1


MEMORY CONFIGURATION

         name            origin    length      used     unused   attr    fill
----------------------  --------  ---------  --------  --------  ----  --------
  FLASH                 00000000   00040000  000014b4  0003eb4c  R  X
  SRAM                  20000000   00008000  00000220  00007de0  RW X


SEGMENT ALLOCATION MAP

run origin  load origin   length   init length attrs members
----------  ----------- ---------- ----------- ----- -------
00000000    00000000    000014b4   000014b4    r-x
  00000000    00000000    0000026c   0000026c    r-- .intvecs
  0000026c    0000026c    00001088   00001088    r-x .text
  000012f4    000012f4    0000019c   0000019c    r-- .const
  00001490    00001490    00000024   00000024    r-- .cinit
20000000    20000000    00000220   00000000    rw-
  20000000    20000000    00000200   00000000    rw- .stack
  20000200    20000200    00000020   00000000    rw- .data


SECTION ALLOCATION MAP

 output                                  attributes/
section   page    origin      length       input sections
--------  ----  ----------  ----------   ----------------
.intvecs   0    00000000    0000026c     
                  00000000    0000026c     tm4c123gh6pm_startup_ccs.obj (.intvecs)

.text      0    0000026c    00001088     
                  0000026c    0000049c     uartstdio.obj (.text)
                  00000708    000002d4     main.obj (.text)
                  000009dc    00000132     driverlib.lib : gpio.obj (.text:GPIOPadConfigSet)
                  00000b0e    00000002     rtsv7M4_T_le_v4SPD16_eabi.lib : i_div0.obj (.text)
                  00000b10    00000110     driverlib.lib : sysctl.obj (.text:SysCtlClockGet)
                  00000c20    000000f4                   : sysctl.obj (.text:SysCtlClockSet)
                  00000d14    0000009c     rtsv7M4_T_le_v4SPD16_eabi.lib : memcpy_t2.obj (.text)
                  00000db0    00000070                                   : autoinit.obj (.text)
                  00000e20    00000068     driverlib.lib : interrupt.obj (.text:IntEnable)
                  00000e88    00000068     rtsv7M4_T_le_v4SPD16_eabi.lib : copy_decompress_lzss.obj (.text:decompress:lzss)
                  00000ef0    00000054                                   : boot.obj (.text)
                  00000f44    00000054                                   : exit.obj (.text)
                  00000f98    0000004c                                   : cpy_tbl.obj (.text)
                  00000fe4    00000048     driverlib.lib : gpio.obj (.text:GPIOPinConfigure)
                  0000102c    00000046                   : uart.obj (.text:UARTConfigSetExpClk)
                  00001072    00000040     rtsv7M4_T_le_v4SPD16_eabi.lib : u_divt2.obj (.text)
                  000010b2    00000002                                   : mpu_init.obj (.text)
                  000010b4    00000038     driverlib.lib : sysctl.obj (.text:SysCtlPeripheralPresent)
                  000010ec    00000034                   : sysctl.obj (.text:SysCtlPeripheralEnable)
                  00001120    0000002a                   : gpio.obj (.text:GPIODirModeSet)
                  0000114a    00000022                   : pwm.obj (.text:PWMGenConfigure)
                  0000116c    00000020                   : uart.obj (.text:UARTDisable)
                  0000118c    0000001e                   : pwm.obj (.text:PWMPulseWidthGet)
                  000011aa    0000001e                   : pwm.obj (.text:PWMPulseWidthSet)
                  000011c8    00000018     rtsv7M4_T_le_v4SPD16_eabi.lib : args_main.obj (.text)
                  000011e0    00000014     driverlib.lib : sysctl.obj (.text:SysCtlPWMClockSet)
                  000011f4    00000014                   : uart.obj (.text:UARTEnable)
                  00001208    00000014     rtsv7M4_T_le_v4SPD16_eabi.lib : _lock.obj (.text)
                  0000121c    00000012     driverlib.lib : gpio.obj (.text:GPIOPinTypePWM)
                  0000122e    00000012                   : gpio.obj (.text:GPIOPinTypeUART)
                  00001240    00000012                   : pwm.obj (.text:PWMGenPeriodGet)
                  00001252    00000012                   : pwm.obj (.text:PWMOutputState)
                  00001264    00000010                   : interrupt.obj (.text:IntMasterEnable)
                  00001274    00000010                   : pwm.obj (.text:PWMGenPeriodSet)
                  00001284    0000000e     rtsv7M4_T_le_v4SPD16_eabi.lib : copy_decompress_none.obj (.text:decompress:none)
                  00001292    0000000c     driverlib.lib : cpu.obj (.text:CPUcpsie)
                  0000129e    0000000c                   : pwm.obj (.text:PWMGenEnable)
                  000012aa    0000000c     tm4c123gh6pm_startup_ccs.obj (.text)
                  000012b6    0000000a     driverlib.lib : pwm.obj (.text:PWMGenIntTrigEnable)
                  000012c0    0000000a                   : uart.obj (.text:UARTCharGet)
                  000012ca    0000000a                   : uart.obj (.text:UARTCharPut)
                  000012d4    00000008                   : pwm.obj (.text:PWMIntEnable)
                  000012dc    00000006                   : pwm.obj (.text:PWMGenIntClear)
                  000012e2    00000006                   : sysctl.obj (.text:SysCtlDelay)
                  000012e8    00000006                   : uart.obj (.text:UARTClockSourceSet)
                  000012ee    00000004     rtsv7M4_T_le_v4SPD16_eabi.lib : pre_init.obj (.text)
                  000012f2    00000002                                   : startup.obj (.text)

.const     0    000012f4    0000019c     
                  000012f4    00000090     driverlib.lib : gpio.obj (.const:g_pui32GPIOBaseAddrs)
                  00001384    00000070                   : interrupt.obj (.const)
                  000013f4    0000006c                   : sysctl.obj (.const:g_pui32Xtals)
                  00001460    00000012     uartstdio.obj (.const:.string)
                  00001472    00000002     --HOLE-- [fill = 0]
                  00001474    0000000c     uartstdio.obj (.const:g_ui32UARTBase)
                  00001480    0000000c     uartstdio.obj (.const:g_ui32UARTPeriph)
                  0000148c    00000004     uartstdio.obj (.const)

.cinit     0    00001490    00000024     
                  00001490    00000011     (.cinit..data.load) [load image, compression = lzss]
                  000014a1    00000003     --HOLE-- [fill = 0]
                  000014a4    00000008     (__TI_handler_table)
                  000014ac    00000008     (__TI_cinit_table)

.init_array 
*          0    00000000    00000000     UNINITIALIZED

.stack     0    20000000    00000200     UNINITIALIZED
                  20000000    00000200     --HOLE--

.data      0    20000200    00000020     UNINITIALIZED
                  20000200    0000000c     rtsv7M4_T_le_v4SPD16_eabi.lib : exit.obj (.data:$O1$$)
                  2000020c    00000008                                   : _lock.obj (.data:$O1$$)
                  20000214    00000005     uartstdio.obj (.data)
                  20000219    00000003     --HOLE--
                  2000021c    00000004     rtsv7M4_T_le_v4SPD16_eabi.lib : stkdepth_vars.obj (.data)

MODULE SUMMARY

       Module                         code   ro data   rw data
       ------                         ----   -------   -------
    .\
       uartstdio.obj                  1180   46        5      
       main.obj                       724    0         0      
       tm4c123gh6pm_startup_ccs.obj   12     620       0      
    +--+------------------------------+------+---------+---------+
       Total:                         1916   666       5      
                                                              
    C:/ti/TivaWare_C_Series-2.1.4.178/driverlib/ccs/Debug/driverlib.lib
       sysctl.obj                     650    108       0      
       gpio.obj                       456    144       0      
       interrupt.obj                  120    112       0      
       pwm.obj                        182    0         0      
       uart.obj                       148    0         0      
       cpu.obj                        12     0         0      
    +--+------------------------------+------+---------+---------+
       Total:                         1568   364       0      
                                                              
    C:\ti\ccsv7\tools\compiler\ti-cgt-arm_16.9.4.LTS\lib\rtsv7M4_T_le_v4SPD16_eabi.lib
       memcpy_t2.obj                  156    0         0      
       autoinit.obj                   112    0         0      
       copy_decompress_lzss.obj       104    0         0      
       exit.obj                       84     0         12     
       boot.obj                       84     0         0      
       cpy_tbl.obj                    76     0         0      
       u_divt2.obj                    64     0         0      
       _lock.obj                      20     0         8      
       args_main.obj                  24     0         0      
       copy_decompress_none.obj       14     0         0      
       pre_init.obj                   4      0         0      
       stkdepth_vars.obj              0      0         4      
       i_div0.obj                     2      0         0      
       mpu_init.obj                   2      0         0      
       startup.obj                    2      0         0      
    +--+------------------------------+------+---------+---------+
       Total:                         748    0         24     
                                                              
       Stack:                         0      0         512    
       Linker Generated:              0      33        0      
    +--+------------------------------+------+---------+---------+
       Grand Total:                   4232   1063      541    


LINKER GENERATED COPY TABLES

__TI_cinit_table @ 000014ac records: 1, size/record: 8, table size: 8
	.data: load addr=00001490, load size=00000011 bytes, run addr=20000200, run size=00000020 bytes, compression=lzss


LINKER GENERATED HANDLER TABLE

__TI_handler_table @ 000014a4 records: 2, size/record: 4, table size: 8
	index: 0, handler: __TI_decompress_lzss
	index: 1, handler: __TI_decompress_none


GLOBAL SYMBOLS: SORTED ALPHABETICALLY BY Name 

address   name                           
-------   ----                           
00000f45  C$$EXIT                        
00001293  CPUcpsie                       
00001121  GPIODirModeSet                 
000009dd  GPIOPadConfigSet               
00000fe5  GPIOPinConfigure               
0000121d  GPIOPinTypePWM                 
0000122f  GPIOPinTypeUART                
00000709  InitConsole                    
00000e21  IntEnable                      
00001265  IntMasterEnable                
000007cd  PWM0IntHandler                 
0000114b  PWMGenConfigure                
0000129f  PWMGenEnable                   
000012dd  PWMGenIntClear                 
000012b7  PWMGenIntTrigEnable            
00001241  PWMGenPeriodGet                
00001275  PWMGenPeriodSet                
000012d5  PWMIntEnable                   
00001253  PWMOutputState                 
0000118d  PWMPulseWidthGet               
000011ab  PWMPulseWidthSet               
00000745  PrintRunningDots               
000012ab  ResetISR                       
UNDEFED   SHT$$INIT_ARRAY$$Base          
UNDEFED   SHT$$INIT_ARRAY$$Limit         
00000b11  SysCtlClockGet                 
00000c21  SysCtlClockSet                 
000012e3  SysCtlDelay                    
000011e1  SysCtlPWMClockSet              
000010ed  SysCtlPeripheralEnable         
000010b5  SysCtlPeripheralPresent        
000012c1  UARTCharGet                    
000012cb  UARTCharPut                    
000012e9  UARTClockSourceSet             
0000102d  UARTConfigSetExpClk            
0000116d  UARTDisable                    
000011f5  UARTEnable                     
0000026d  UARTStdioConfig                
000003b3  UARTgetc                       
000002f9  UARTgets                       
000006d3  UARTprintf                     
000003d9  UARTvprintf                    
000002b3  UARTwrite                      
20000200  __STACK_END                    
00000200  __STACK_SIZE                   
20000200  __STACK_TOP                    
000014ac  __TI_CINIT_Base                
000014b4  __TI_CINIT_Limit               
000014a4  __TI_Handler_Table_Base        
000014ac  __TI_Handler_Table_Limit       
00000db1  __TI_auto_init                 
20000200  __TI_cleanup_ptr               
00000e89  __TI_decompress_lzss           
00001285  __TI_decompress_none           
20000204  __TI_dtors_ptr                 
20000208  __TI_enable_exit_profile_output
ffffffff  __TI_pprof_out_hndl            
ffffffff  __TI_prof_data_size            
ffffffff  __TI_prof_data_start           
00000000  __TI_static_base__             
00000b0f  __aeabi_idiv0                  
00000d15  __aeabi_memcpy                 
00000d15  __aeabi_memcpy4                
00000d15  __aeabi_memcpy8                
00001073  __aeabi_uidiv                  
00001073  __aeabi_uidivmod               
ffffffff  __binit__                      
ffffffff  __c_args__                     
000010b3  __mpu_init                     
20000000  __stack                        
000011c9  _args_main                     
00000ef1  _c_int00                       
2000020c  _lock                          
00001217  _nop                           
0000120f  _register_lock                 
00001209  _register_unlock               
000012f3  _system_post_cinit             
000012ef  _system_pre_init               
20000210  _unlock                        
00000f49  abort                          
ffffffff  binit                          
00000f99  copy_in                        
00000f51  exit                           
00000000  g_pfnVectors                   
00000819  main                           
2000021c  main_func_sp                   
00000d15  memcpy                         


GLOBAL SYMBOLS: SORTED BY Symbol Address 

address   name                           
-------   ----                           
00000000  __TI_static_base__             
00000000  g_pfnVectors                   
00000200  __STACK_SIZE                   
0000026d  UARTStdioConfig                
000002b3  UARTwrite                      
000002f9  UARTgets                       
000003b3  UARTgetc                       
000003d9  UARTvprintf                    
000006d3  UARTprintf                     
00000709  InitConsole                    
00000745  PrintRunningDots               
000007cd  PWM0IntHandler                 
00000819  main                           
000009dd  GPIOPadConfigSet               
00000b0f  __aeabi_idiv0                  
00000b11  SysCtlClockGet                 
00000c21  SysCtlClockSet                 
00000d15  __aeabi_memcpy                 
00000d15  __aeabi_memcpy4                
00000d15  __aeabi_memcpy8                
00000d15  memcpy                         
00000db1  __TI_auto_init                 
00000e21  IntEnable                      
00000e89  __TI_decompress_lzss           
00000ef1  _c_int00                       
00000f45  C$$EXIT                        
00000f49  abort                          
00000f51  exit                           
00000f99  copy_in                        
00000fe5  GPIOPinConfigure               
0000102d  UARTConfigSetExpClk            
00001073  __aeabi_uidiv                  
00001073  __aeabi_uidivmod               
000010b3  __mpu_init                     
000010b5  SysCtlPeripheralPresent        
000010ed  SysCtlPeripheralEnable         
00001121  GPIODirModeSet                 
0000114b  PWMGenConfigure                
0000116d  UARTDisable                    
0000118d  PWMPulseWidthGet               
000011ab  PWMPulseWidthSet               
000011c9  _args_main                     
000011e1  SysCtlPWMClockSet              
000011f5  UARTEnable                     
00001209  _register_unlock               
0000120f  _register_lock                 
00001217  _nop                           
0000121d  GPIOPinTypePWM                 
0000122f  GPIOPinTypeUART                
00001241  PWMGenPeriodGet                
00001253  PWMOutputState                 
00001265  IntMasterEnable                
00001275  PWMGenPeriodSet                
00001285  __TI_decompress_none           
00001293  CPUcpsie                       
0000129f  PWMGenEnable                   
000012ab  ResetISR                       
000012b7  PWMGenIntTrigEnable            
000012c1  UARTCharGet                    
000012cb  UARTCharPut                    
000012d5  PWMIntEnable                   
000012dd  PWMGenIntClear                 
000012e3  SysCtlDelay                    
000012e9  UARTClockSourceSet             
000012ef  _system_pre_init               
000012f3  _system_post_cinit             
000014a4  __TI_Handler_Table_Base        
000014ac  __TI_CINIT_Base                
000014ac  __TI_Handler_Table_Limit       
000014b4  __TI_CINIT_Limit               
20000000  __stack                        
20000200  __STACK_END                    
20000200  __STACK_TOP                    
20000200  __TI_cleanup_ptr               
20000204  __TI_dtors_ptr                 
20000208  __TI_enable_exit_profile_output
2000020c  _lock                          
20000210  _unlock                        
2000021c  main_func_sp                   
ffffffff  __TI_pprof_out_hndl            
ffffffff  __TI_prof_data_size            
ffffffff  __TI_prof_data_start           
ffffffff  __binit__                      
ffffffff  __c_args__                     
ffffffff  binit                          
UNDEFED   SHT$$INIT_ARRAY$$Base          
UNDEFED   SHT$$INIT_ARRAY$$Limit         

[87 symbols]
