<?xml version="1.0"?>
<link_info>
   <banner>TI ARM Linker PC v16.9.6.LTS</banner>
   <copyright>Copyright (c) 1996-2017 Texas Instruments Incorporated</copyright>
   <link_time>0x5a5cd276</link_time>
   <link_errors>0x0</link_errors>
   <output_file>Object_Tracker.out</output_file>
   <entry_point>
      <name>_c_int00</name>
      <address>0xd71</address>
   </entry_point>
   <input_file_list>
      <input_file id="fl-2">
         <path>.\</path>
         <kind>object</kind>
         <file>GPIO_config.obj</file>
         <name>GPIO_config.obj</name>
      </input_file>
      <input_file id="fl-3">
         <path>.\</path>
         <kind>object</kind>
         <file>UART.obj</file>
         <name>UART.obj</name>
      </input_file>
      <input_file id="fl-4">
         <path>.\</path>
         <kind>object</kind>
         <file>main.obj</file>
         <name>main.obj</name>
      </input_file>
      <input_file id="fl-5">
         <path>.\</path>
         <kind>object</kind>
         <file>tm4c123gh6pm_startup_ccs.obj</file>
         <name>tm4c123gh6pm_startup_ccs.obj</name>
      </input_file>
      <input_file id="fl-9">
         <kind>object</kind>
         <file>&lt;internal&gt;</file>
         <name>&lt;internal&gt;</name>
      </input_file>
      <input_file id="fl-bf">
         <path>C:\ti\ccsv7\tools\compiler\ti-cgt-arm_16.9.6.LTS\lib\</path>
         <kind>archive</kind>
         <file>rtsv7M4_T_le_v4SPD16_eabi.lib</file>
         <name>boot.obj</name>
      </input_file>
      <input_file id="fl-c0">
         <path>C:\ti\ccsv7\tools\compiler\ti-cgt-arm_16.9.6.LTS\lib\</path>
         <kind>archive</kind>
         <file>rtsv7M4_T_le_v4SPD16_eabi.lib</file>
         <name>copy_decompress_lzss.obj</name>
      </input_file>
      <input_file id="fl-c1">
         <path>C:\ti\ccsv7\tools\compiler\ti-cgt-arm_16.9.6.LTS\lib\</path>
         <kind>archive</kind>
         <file>rtsv7M4_T_le_v4SPD16_eabi.lib</file>
         <name>copy_decompress_none.obj</name>
      </input_file>
      <input_file id="fl-c2">
         <path>C:\ti\ccsv7\tools\compiler\ti-cgt-arm_16.9.6.LTS\lib\</path>
         <kind>archive</kind>
         <file>rtsv7M4_T_le_v4SPD16_eabi.lib</file>
         <name>copy_zero_init.obj</name>
      </input_file>
      <input_file id="fl-c3">
         <path>C:\ti\ccsv7\tools\compiler\ti-cgt-arm_16.9.6.LTS\lib\</path>
         <kind>archive</kind>
         <file>rtsv7M4_T_le_v4SPD16_eabi.lib</file>
         <name>exit.obj</name>
      </input_file>
      <input_file id="fl-c4">
         <path>C:\ti\ccsv7\tools\compiler\ti-cgt-arm_16.9.6.LTS\lib\</path>
         <kind>archive</kind>
         <file>rtsv7M4_T_le_v4SPD16_eabi.lib</file>
         <name>memcpy_t2.obj</name>
      </input_file>
      <input_file id="fl-c5">
         <path>C:\ti\ccsv7\tools\compiler\ti-cgt-arm_16.9.6.LTS\lib\</path>
         <kind>archive</kind>
         <file>rtsv7M4_T_le_v4SPD16_eabi.lib</file>
         <name>memset_t2.obj</name>
      </input_file>
      <input_file id="fl-c6">
         <path>C:\ti\ccsv7\tools\compiler\ti-cgt-arm_16.9.6.LTS\lib\</path>
         <kind>archive</kind>
         <file>rtsv7M4_T_le_v4SPD16_eabi.lib</file>
         <name>mpu_init.obj</name>
      </input_file>
      <input_file id="fl-c7">
         <path>C:\ti\ccsv7\tools\compiler\ti-cgt-arm_16.9.6.LTS\lib\</path>
         <kind>archive</kind>
         <file>rtsv7M4_T_le_v4SPD16_eabi.lib</file>
         <name>pre_init.obj</name>
      </input_file>
      <input_file id="fl-c8">
         <path>C:\ti\ccsv7\tools\compiler\ti-cgt-arm_16.9.6.LTS\lib\</path>
         <kind>archive</kind>
         <file>rtsv7M4_T_le_v4SPD16_eabi.lib</file>
         <name>stkdepth_vars.obj</name>
      </input_file>
      <input_file id="fl-c9">
         <path>C:\ti\ccsv7\tools\compiler\ti-cgt-arm_16.9.6.LTS\lib\</path>
         <kind>archive</kind>
         <file>rtsv7M4_T_le_v4SPD16_eabi.lib</file>
         <name>_lock.obj</name>
      </input_file>
      <input_file id="fl-ca">
         <path>C:\ti\ccsv7\tools\compiler\ti-cgt-arm_16.9.6.LTS\lib\</path>
         <kind>archive</kind>
         <file>rtsv7M4_T_le_v4SPD16_eabi.lib</file>
         <name>args_main.obj</name>
      </input_file>
      <input_file id="fl-cb">
         <path>C:\ti\ccsv7\tools\compiler\ti-cgt-arm_16.9.6.LTS\lib\</path>
         <kind>archive</kind>
         <file>rtsv7M4_T_le_v4SPD16_eabi.lib</file>
         <name>autoinit.obj</name>
      </input_file>
      <input_file id="fl-cc">
         <path>C:\ti\ccsv7\tools\compiler\ti-cgt-arm_16.9.6.LTS\lib\</path>
         <kind>archive</kind>
         <file>rtsv7M4_T_le_v4SPD16_eabi.lib</file>
         <name>cpy_tbl.obj</name>
      </input_file>
      <input_file id="fl-cd">
         <path>C:\ti\ccsv7\tools\compiler\ti-cgt-arm_16.9.6.LTS\lib\</path>
         <kind>archive</kind>
         <file>rtsv7M4_T_le_v4SPD16_eabi.lib</file>
         <name>startup.obj</name>
      </input_file>
   </input_file_list>
   <object_component_list>
      <object_component id="oc-f">
         <name>.intvecs</name>
         <load_address>0x0</load_address>
         <run_address>0x0</run_address>
         <size>0x26c</size>
         <input_file_ref idref="fl-5"/>
      </object_component>
      <object_component id="oc-d1">
         <name>.text</name>
         <load_address>0x26c</load_address>
         <run_address>0x26c</run_address>
         <size>0x6bc</size>
         <input_file_ref idref="fl-3"/>
      </object_component>
      <object_component id="oc-cb">
         <name>.text</name>
         <load_address>0x928</load_address>
         <run_address>0x928</run_address>
         <size>0x2d4</size>
         <input_file_ref idref="fl-2"/>
      </object_component>
      <object_component id="oc-3f">
         <name>.text</name>
         <load_address>0xbfc</load_address>
         <run_address>0xbfc</run_address>
         <size>0x9c</size>
         <input_file_ref idref="fl-c4"/>
      </object_component>
      <object_component id="oc-63">
         <name>.text</name>
         <load_address>0xc98</load_address>
         <run_address>0xc98</run_address>
         <size>0x70</size>
         <input_file_ref idref="fl-cb"/>
      </object_component>
      <object_component id="oc-12">
         <name>.text:decompress:lzss</name>
         <load_address>0xd08</load_address>
         <run_address>0xd08</run_address>
         <size>0x68</size>
         <input_file_ref idref="fl-c0"/>
      </object_component>
      <object_component id="oc-24">
         <name>.text</name>
         <load_address>0xd70</load_address>
         <run_address>0xd70</run_address>
         <size>0x54</size>
         <input_file_ref idref="fl-bf"/>
      </object_component>
      <object_component id="oc-6f">
         <name>.text</name>
         <load_address>0xdc4</load_address>
         <run_address>0xdc4</run_address>
         <size>0x54</size>
         <input_file_ref idref="fl-c3"/>
      </object_component>
      <object_component id="oc-a7">
         <name>.text</name>
         <load_address>0xe18</load_address>
         <run_address>0xe18</run_address>
         <size>0x50</size>
         <input_file_ref idref="fl-4"/>
      </object_component>
      <object_component id="oc-99">
         <name>.text</name>
         <load_address>0xe68</load_address>
         <run_address>0xe68</run_address>
         <size>0x4c</size>
         <input_file_ref idref="fl-cc"/>
      </object_component>
      <object_component id="oc-69">
         <name>.text</name>
         <load_address>0xeb4</load_address>
         <run_address>0xeb4</run_address>
         <size>0x18</size>
         <input_file_ref idref="fl-ca"/>
      </object_component>
      <object_component id="oc-e1">
         <name>.text</name>
         <load_address>0xecc</load_address>
         <run_address>0xecc</run_address>
         <size>0x14</size>
         <input_file_ref idref="fl-c9"/>
      </object_component>
      <object_component id="oc-18">
         <name>.text:decompress:none</name>
         <load_address>0xee0</load_address>
         <run_address>0xee0</run_address>
         <size>0xe</size>
         <input_file_ref idref="fl-c1"/>
      </object_component>
      <object_component id="oc-2b">
         <name>.text</name>
         <load_address>0xeee</load_address>
         <run_address>0xeee</run_address>
         <size>0xc</size>
         <input_file_ref idref="fl-5"/>
      </object_component>
      <object_component id="oc-5d">
         <name>.text</name>
         <load_address>0xefa</load_address>
         <run_address>0xefa</run_address>
         <size>0x4</size>
         <input_file_ref idref="fl-c7"/>
      </object_component>
      <object_component id="oc-57">
         <name>.text</name>
         <load_address>0xefe</load_address>
         <run_address>0xefe</run_address>
         <size>0x2</size>
         <input_file_ref idref="fl-c6"/>
      </object_component>
      <object_component id="oc-9f">
         <name>.text</name>
         <load_address>0xf00</load_address>
         <run_address>0xf00</run_address>
         <size>0x2</size>
         <input_file_ref idref="fl-cd"/>
      </object_component>
      <object_component id="oc-127">
         <name>.cinit..data.load</name>
         <load_address>0xf08</load_address>
         <run_address>0xf08</run_address>
         <size>0x11</size>
      </object_component>
      <object_component id="oc-125">
         <name>__TI_handler_table</name>
         <load_address>0xf1c</load_address>
         <run_address>0xf1c</run_address>
         <size>0x8</size>
      </object_component>
      <object_component id="oc-126">
         <name>__TI_cinit_table</name>
         <load_address>0xf24</load_address>
         <run_address>0xf24</run_address>
         <size>0x8</size>
      </object_component>
      <object_component id="oc-af">
         <name>.data:$O1$$</name>
         <load_address>0x20000200</load_address>
         <run_address>0x20000200</run_address>
         <size>0xc</size>
         <input_file_ref idref="fl-c3"/>
      </object_component>
      <object_component id="oc-75">
         <name>.data</name>
         <load_address>0x20000214</load_address>
         <run_address>0x20000214</run_address>
         <size>0x4</size>
         <input_file_ref idref="fl-c8"/>
      </object_component>
      <object_component id="oc-b2">
         <name>.data:$O1$$</name>
         <load_address>0x2000020c</load_address>
         <run_address>0x2000020c</run_address>
         <size>0x8</size>
         <input_file_ref idref="fl-c9"/>
      </object_component>
      <object_component id="oc-2a">
         <name>.stack</name>
         <uninitialized>true</uninitialized>
         <run_address>0x20000000</run_address>
         <size>0x0</size>
         <input_file_ref idref="fl-bf"/>
      </object_component>
      <object_component id="oc-128">
         <name>.stack</name>
         <uninitialized>true</uninitialized>
         <run_address>0x20000000</run_address>
         <size>0x0</size>
      </object_component>
      <object_component id="oc-cc">
         <name>.debug_info</name>
         <load_address>0x0</load_address>
         <run_address>0x0</run_address>
         <size>0x5b4</size>
         <input_file_ref idref="fl-2"/>
      </object_component>
      <object_component id="oc-3a">
         <name>.debug_info</name>
         <load_address>0x5b4</load_address>
         <run_address>0x5b4</run_address>
         <size>0x84</size>
         <input_file_ref idref="fl-2"/>
      </object_component>
      <object_component id="oc-7c">
         <name>.debug_info</name>
         <load_address>0x638</load_address>
         <run_address>0x638</run_address>
         <size>0x18b</size>
         <input_file_ref idref="fl-2"/>
      </object_component>
      <object_component id="oc-100">
         <name>.debug_info</name>
         <load_address>0x7c3</load_address>
         <run_address>0x7c3</run_address>
         <size>0x255</size>
         <input_file_ref idref="fl-3"/>
      </object_component>
      <object_component id="oc-d2">
         <name>.debug_info</name>
         <load_address>0xa18</load_address>
         <run_address>0xa18</run_address>
         <size>0x37e</size>
         <input_file_ref idref="fl-3"/>
      </object_component>
      <object_component id="oc-fb">
         <name>.debug_info</name>
         <load_address>0xd96</load_address>
         <run_address>0xd96</run_address>
         <size>0x87</size>
         <input_file_ref idref="fl-3"/>
      </object_component>
      <object_component id="oc-a8">
         <name>.debug_info</name>
         <load_address>0xe1d</load_address>
         <run_address>0xe1d</run_address>
         <size>0x152</size>
         <input_file_ref idref="fl-4"/>
      </object_component>
      <object_component id="oc-33">
         <name>.debug_info</name>
         <load_address>0xf6f</load_address>
         <run_address>0xf6f</run_address>
         <size>0x2a2</size>
         <input_file_ref idref="fl-5"/>
      </object_component>
      <object_component id="oc-10">
         <name>.debug_info</name>
         <load_address>0x1211</load_address>
         <run_address>0x1211</run_address>
         <size>0xf3</size>
         <input_file_ref idref="fl-5"/>
      </object_component>
      <object_component id="oc-2c">
         <name>.debug_info</name>
         <load_address>0x1304</load_address>
         <run_address>0x1304</run_address>
         <size>0x26f</size>
         <input_file_ref idref="fl-5"/>
      </object_component>
      <object_component id="oc-27">
         <name>.debug_info</name>
         <load_address>0x1573</load_address>
         <run_address>0x1573</run_address>
         <size>0x160</size>
         <input_file_ref idref="fl-bf"/>
      </object_component>
      <object_component id="oc-86">
         <name>.debug_info</name>
         <load_address>0x16d3</load_address>
         <run_address>0x16d3</run_address>
         <size>0x293</size>
         <input_file_ref idref="fl-c0"/>
      </object_component>
      <object_component id="oc-14">
         <name>.debug_info</name>
         <load_address>0x1966</load_address>
         <run_address>0x1966</run_address>
         <size>0x245</size>
         <input_file_ref idref="fl-c0"/>
      </object_component>
      <object_component id="oc-35">
         <name>.debug_info</name>
         <load_address>0x1bab</load_address>
         <run_address>0x1bab</run_address>
         <size>0x60</size>
         <input_file_ref idref="fl-c0"/>
      </object_component>
      <object_component id="oc-81">
         <name>.debug_info</name>
         <load_address>0x1c0b</load_address>
         <run_address>0x1c0b</run_address>
         <size>0x46</size>
         <input_file_ref idref="fl-c0"/>
      </object_component>
      <object_component id="oc-4a">
         <name>.debug_info</name>
         <load_address>0x1c51</load_address>
         <run_address>0x1c51</run_address>
         <size>0x2da</size>
         <input_file_ref idref="fl-c1"/>
      </object_component>
      <object_component id="oc-19">
         <name>.debug_info</name>
         <load_address>0x1f2b</load_address>
         <run_address>0x1f2b</run_address>
         <size>0x1df</size>
         <input_file_ref idref="fl-c1"/>
      </object_component>
      <object_component id="oc-45">
         <name>.debug_info</name>
         <load_address>0x210a</load_address>
         <run_address>0x210a</run_address>
         <size>0x46</size>
         <input_file_ref idref="fl-c1"/>
      </object_component>
      <object_component id="oc-88">
         <name>.debug_info</name>
         <load_address>0x2150</load_address>
         <run_address>0x2150</run_address>
         <size>0x2c</size>
         <input_file_ref idref="fl-c1"/>
      </object_component>
      <object_component id="oc-90">
         <name>.debug_info</name>
         <load_address>0x217c</load_address>
         <run_address>0x217c</run_address>
         <size>0x2c</size>
         <input_file_ref idref="fl-c2"/>
      </object_component>
      <object_component id="oc-b6">
         <name>.debug_info</name>
         <load_address>0x21a8</load_address>
         <run_address>0x21a8</run_address>
         <size>0x3ce</size>
         <input_file_ref idref="fl-c3"/>
      </object_component>
      <object_component id="oc-b0">
         <name>.debug_info</name>
         <load_address>0x2576</load_address>
         <run_address>0x2576</run_address>
         <size>0x185</size>
         <input_file_ref idref="fl-c3"/>
      </object_component>
      <object_component id="oc-72">
         <name>.debug_info</name>
         <load_address>0x26fb</load_address>
         <run_address>0x26fb</run_address>
         <size>0x214</size>
         <input_file_ref idref="fl-c3"/>
      </object_component>
      <object_component id="oc-40">
         <name>.debug_info</name>
         <load_address>0x290f</load_address>
         <run_address>0x290f</run_address>
         <size>0x111</size>
         <input_file_ref idref="fl-c4"/>
      </object_component>
      <object_component id="oc-58">
         <name>.debug_info</name>
         <load_address>0x2a20</load_address>
         <run_address>0x2a20</run_address>
         <size>0x138</size>
         <input_file_ref idref="fl-c6"/>
      </object_component>
      <object_component id="oc-5e">
         <name>.debug_info</name>
         <load_address>0x2b58</load_address>
         <run_address>0x2b58</run_address>
         <size>0x148</size>
         <input_file_ref idref="fl-c7"/>
      </object_component>
      <object_component id="oc-76">
         <name>.debug_info</name>
         <load_address>0x2ca0</load_address>
         <run_address>0x2ca0</run_address>
         <size>0x109</size>
         <input_file_ref idref="fl-c8"/>
      </object_component>
      <object_component id="oc-e9">
         <name>.debug_info</name>
         <load_address>0x2da9</load_address>
         <run_address>0x2da9</run_address>
         <size>0x2be</size>
         <input_file_ref idref="fl-c9"/>
      </object_component>
      <object_component id="oc-b3">
         <name>.debug_info</name>
         <load_address>0x3067</load_address>
         <run_address>0x3067</run_address>
         <size>0x113</size>
         <input_file_ref idref="fl-c9"/>
      </object_component>
      <object_component id="oc-e2">
         <name>.debug_info</name>
         <load_address>0x317a</load_address>
         <run_address>0x317a</run_address>
         <size>0x21f</size>
         <input_file_ref idref="fl-c9"/>
      </object_component>
      <object_component id="oc-ae">
         <name>.debug_info</name>
         <load_address>0x3399</load_address>
         <run_address>0x3399</run_address>
         <size>0x300</size>
         <input_file_ref idref="fl-ca"/>
      </object_component>
      <object_component id="oc-6a">
         <name>.debug_info</name>
         <load_address>0x3699</load_address>
         <run_address>0x3699</run_address>
         <size>0x167</size>
         <input_file_ref idref="fl-ca"/>
      </object_component>
      <object_component id="oc-da">
         <name>.debug_info</name>
         <load_address>0x3800</load_address>
         <run_address>0x3800</run_address>
         <size>0x5e</size>
         <input_file_ref idref="fl-ca"/>
      </object_component>
      <object_component id="oc-a6">
         <name>.debug_info</name>
         <load_address>0x385e</load_address>
         <run_address>0x385e</run_address>
         <size>0x483</size>
         <input_file_ref idref="fl-cb"/>
      </object_component>
      <object_component id="oc-64">
         <name>.debug_info</name>
         <load_address>0x3ce1</load_address>
         <run_address>0x3ce1</run_address>
         <size>0x190</size>
         <input_file_ref idref="fl-cb"/>
      </object_component>
      <object_component id="oc-c1">
         <name>.debug_info</name>
         <load_address>0x3e71</load_address>
         <run_address>0x3e71</run_address>
         <size>0x39</size>
         <input_file_ref idref="fl-cb"/>
      </object_component>
      <object_component id="oc-f4">
         <name>.debug_info</name>
         <load_address>0x3eaa</load_address>
         <run_address>0x3eaa</run_address>
         <size>0x39</size>
         <input_file_ref idref="fl-cb"/>
      </object_component>
      <object_component id="oc-c6">
         <name>.debug_info</name>
         <load_address>0x3ee3</load_address>
         <run_address>0x3ee3</run_address>
         <size>0xcd</size>
         <input_file_ref idref="fl-cb"/>
      </object_component>
      <object_component id="oc-bd">
         <name>.debug_info</name>
         <load_address>0x3fb0</load_address>
         <run_address>0x3fb0</run_address>
         <size>0x37a</size>
         <input_file_ref idref="fl-cc"/>
      </object_component>
      <object_component id="oc-9a">
         <name>.debug_info</name>
         <load_address>0x432a</load_address>
         <run_address>0x432a</run_address>
         <size>0x183</size>
         <input_file_ref idref="fl-cc"/>
      </object_component>
      <object_component id="oc-ef">
         <name>.debug_info</name>
         <load_address>0x44ad</load_address>
         <run_address>0x44ad</run_address>
         <size>0x2c</size>
         <input_file_ref idref="fl-cc"/>
      </object_component>
      <object_component id="oc-a0">
         <name>.debug_info</name>
         <load_address>0x44d9</load_address>
         <run_address>0x44d9</run_address>
         <size>0x145</size>
         <input_file_ref idref="fl-cd"/>
      </object_component>
      <object_component id="oc-129">
         <name>.debug_info</name>
         <load_address>0x461e</load_address>
         <run_address>0x461e</run_address>
         <size>0xa9</size>
      </object_component>
      <object_component id="oc-cf">
         <name>.debug_line</name>
         <load_address>0x0</load_address>
         <run_address>0x0</run_address>
         <size>0x150</size>
         <input_file_ref idref="fl-2"/>
      </object_component>
      <object_component id="oc-3d">
         <name>.debug_line</name>
         <load_address>0x150</load_address>
         <run_address>0x150</run_address>
         <size>0x20</size>
         <input_file_ref idref="fl-2"/>
      </object_component>
      <object_component id="oc-7f">
         <name>.debug_line</name>
         <load_address>0x170</load_address>
         <run_address>0x170</run_address>
         <size>0x65</size>
         <input_file_ref idref="fl-2"/>
      </object_component>
      <object_component id="oc-105">
         <name>.debug_line</name>
         <load_address>0x1d5</load_address>
         <run_address>0x1d5</run_address>
         <size>0x20</size>
         <input_file_ref idref="fl-3"/>
      </object_component>
      <object_component id="oc-d5">
         <name>.debug_line</name>
         <load_address>0x1f5</load_address>
         <run_address>0x1f5</run_address>
         <size>0x1e0</size>
         <input_file_ref idref="fl-3"/>
      </object_component>
      <object_component id="oc-fe">
         <name>.debug_line</name>
         <load_address>0x3d5</load_address>
         <run_address>0x3d5</run_address>
         <size>0x32</size>
         <input_file_ref idref="fl-3"/>
      </object_component>
      <object_component id="oc-ab">
         <name>.debug_line</name>
         <load_address>0x407</load_address>
         <run_address>0x407</run_address>
         <size>0x56</size>
         <input_file_ref idref="fl-4"/>
      </object_component>
      <object_component id="oc-7b">
         <name>.debug_line</name>
         <load_address>0x45d</load_address>
         <run_address>0x45d</run_address>
         <size>0x41</size>
         <input_file_ref idref="fl-5"/>
      </object_component>
      <object_component id="oc-32">
         <name>.debug_line</name>
         <load_address>0x49e</load_address>
         <run_address>0x49e</run_address>
         <size>0x41</size>
         <input_file_ref idref="fl-5"/>
      </object_component>
      <object_component id="oc-2f">
         <name>.debug_line</name>
         <load_address>0x4df</load_address>
         <run_address>0x4df</run_address>
         <size>0xa1</size>
         <input_file_ref idref="fl-5"/>
      </object_component>
      <object_component id="oc-26">
         <name>.debug_line</name>
         <load_address>0x580</load_address>
         <run_address>0x580</run_address>
         <size>0x53</size>
         <input_file_ref idref="fl-bf"/>
      </object_component>
      <object_component id="oc-bb">
         <name>.debug_line</name>
         <load_address>0x5d3</load_address>
         <run_address>0x5d3</run_address>
         <size>0x20</size>
         <input_file_ref idref="fl-c0"/>
      </object_component>
      <object_component id="oc-17">
         <name>.debug_line</name>
         <load_address>0x5f3</load_address>
         <run_address>0x5f3</run_address>
         <size>0xa9</size>
         <input_file_ref idref="fl-c0"/>
      </object_component>
      <object_component id="oc-38">
         <name>.debug_line</name>
         <load_address>0x69c</load_address>
         <run_address>0x69c</run_address>
         <size>0x3a</size>
         <input_file_ref idref="fl-c0"/>
      </object_component>
      <object_component id="oc-84">
         <name>.debug_line</name>
         <load_address>0x6d6</load_address>
         <run_address>0x6d6</run_address>
         <size>0x8a</size>
         <input_file_ref idref="fl-c0"/>
      </object_component>
      <object_component id="oc-8e">
         <name>.debug_line</name>
         <load_address>0x760</load_address>
         <run_address>0x760</run_address>
         <size>0x8a</size>
         <input_file_ref idref="fl-c1"/>
      </object_component>
      <object_component id="oc-1c">
         <name>.debug_line</name>
         <load_address>0x7ea</load_address>
         <run_address>0x7ea</run_address>
         <size>0x55</size>
         <input_file_ref idref="fl-c1"/>
      </object_component>
      <object_component id="oc-48">
         <name>.debug_line</name>
         <load_address>0x83f</load_address>
         <run_address>0x83f</run_address>
         <size>0x3a</size>
         <input_file_ref idref="fl-c1"/>
      </object_component>
      <object_component id="oc-8b">
         <name>.debug_line</name>
         <load_address>0x879</load_address>
         <run_address>0x879</run_address>
         <size>0x8a</size>
         <input_file_ref idref="fl-c1"/>
      </object_component>
      <object_component id="oc-93">
         <name>.debug_line</name>
         <load_address>0x903</load_address>
         <run_address>0x903</run_address>
         <size>0x8a</size>
         <input_file_ref idref="fl-c2"/>
      </object_component>
      <object_component id="oc-ec">
         <name>.debug_line</name>
         <load_address>0x98d</load_address>
         <run_address>0x98d</run_address>
         <size>0xf2</size>
         <input_file_ref idref="fl-c3"/>
      </object_component>
      <object_component id="oc-e0">
         <name>.debug_line</name>
         <load_address>0xa7f</load_address>
         <run_address>0xa7f</run_address>
         <size>0x2a</size>
         <input_file_ref idref="fl-c3"/>
      </object_component>
      <object_component id="oc-74">
         <name>.debug_line</name>
         <load_address>0xaa9</load_address>
         <run_address>0xaa9</run_address>
         <size>0x86</size>
         <input_file_ref idref="fl-c3"/>
      </object_component>
      <object_component id="oc-43">
         <name>.debug_line</name>
         <load_address>0xb2f</load_address>
         <run_address>0xb2f</run_address>
         <size>0x88</size>
         <input_file_ref idref="fl-c4"/>
      </object_component>
      <object_component id="oc-5b">
         <name>.debug_line</name>
         <load_address>0xbb7</load_address>
         <run_address>0xbb7</run_address>
         <size>0x3d</size>
         <input_file_ref idref="fl-c6"/>
      </object_component>
      <object_component id="oc-61">
         <name>.debug_line</name>
         <load_address>0xbf4</load_address>
         <run_address>0xbf4</run_address>
         <size>0x40</size>
         <input_file_ref idref="fl-c7"/>
      </object_component>
      <object_component id="oc-b9">
         <name>.debug_line</name>
         <load_address>0xc34</load_address>
         <run_address>0xc34</run_address>
         <size>0x33</size>
         <input_file_ref idref="fl-c8"/>
      </object_component>
      <object_component id="oc-103">
         <name>.debug_line</name>
         <load_address>0xc67</load_address>
         <run_address>0xc67</run_address>
         <size>0x20</size>
         <input_file_ref idref="fl-c9"/>
      </object_component>
      <object_component id="oc-e8">
         <name>.debug_line</name>
         <load_address>0xc87</load_address>
         <run_address>0xc87</run_address>
         <size>0x2b</size>
         <input_file_ref idref="fl-c9"/>
      </object_component>
      <object_component id="oc-e5">
         <name>.debug_line</name>
         <load_address>0xcb2</load_address>
         <run_address>0xcb2</run_address>
         <size>0x68</size>
         <input_file_ref idref="fl-c9"/>
      </object_component>
      <object_component id="oc-d9">
         <name>.debug_line</name>
         <load_address>0xd1a</load_address>
         <run_address>0xd1a</run_address>
         <size>0x2b</size>
         <input_file_ref idref="fl-ca"/>
      </object_component>
      <object_component id="oc-6d">
         <name>.debug_line</name>
         <load_address>0xd45</load_address>
         <run_address>0xd45</run_address>
         <size>0x4a</size>
         <input_file_ref idref="fl-ca"/>
      </object_component>
      <object_component id="oc-dd">
         <name>.debug_line</name>
         <load_address>0xd8f</load_address>
         <run_address>0xd8f</run_address>
         <size>0x2b</size>
         <input_file_ref idref="fl-ca"/>
      </object_component>
      <object_component id="oc-c0">
         <name>.debug_line</name>
         <load_address>0xdba</load_address>
         <run_address>0xdba</run_address>
         <size>0xa9</size>
         <input_file_ref idref="fl-cb"/>
      </object_component>
      <object_component id="oc-67">
         <name>.debug_line</name>
         <load_address>0xe63</load_address>
         <run_address>0xe63</run_address>
         <size>0x8b</size>
         <input_file_ref idref="fl-cb"/>
      </object_component>
      <object_component id="oc-c4">
         <name>.debug_line</name>
         <load_address>0xeee</load_address>
         <run_address>0xeee</run_address>
         <size>0x2e</size>
         <input_file_ref idref="fl-cb"/>
      </object_component>
      <object_component id="oc-f7">
         <name>.debug_line</name>
         <load_address>0xf1c</load_address>
         <run_address>0xf1c</run_address>
         <size>0x8a</size>
         <input_file_ref idref="fl-cb"/>
      </object_component>
      <object_component id="oc-c9">
         <name>.debug_line</name>
         <load_address>0xfa6</load_address>
         <run_address>0xfa6</run_address>
         <size>0x8b</size>
         <input_file_ref idref="fl-cb"/>
      </object_component>
      <object_component id="oc-ee">
         <name>.debug_line</name>
         <load_address>0x1031</load_address>
         <run_address>0x1031</run_address>
         <size>0x98</size>
         <input_file_ref idref="fl-cc"/>
      </object_component>
      <object_component id="oc-9d">
         <name>.debug_line</name>
         <load_address>0x10c9</load_address>
         <run_address>0x10c9</run_address>
         <size>0x68</size>
         <input_file_ref idref="fl-cc"/>
      </object_component>
      <object_component id="oc-f2">
         <name>.debug_line</name>
         <load_address>0x1131</load_address>
         <run_address>0x1131</run_address>
         <size>0x2e</size>
         <input_file_ref idref="fl-cc"/>
      </object_component>
      <object_component id="oc-a4">
         <name>.debug_line</name>
         <load_address>0x115f</load_address>
         <run_address>0x115f</run_address>
         <size>0x3c</size>
         <input_file_ref idref="fl-cd"/>
      </object_component>
      <object_component id="oc-d0">
         <name>.debug_frame</name>
         <load_address>0x0</load_address>
         <run_address>0x0</run_address>
         <size>0xe4</size>
         <input_file_ref idref="fl-2"/>
      </object_component>
      <object_component id="oc-d6">
         <name>.debug_frame</name>
         <load_address>0xe4</load_address>
         <run_address>0xe4</run_address>
         <size>0x8c</size>
         <input_file_ref idref="fl-3"/>
      </object_component>
      <object_component id="oc-ac">
         <name>.debug_frame</name>
         <load_address>0x170</load_address>
         <run_address>0x170</run_address>
         <size>0x58</size>
         <input_file_ref idref="fl-4"/>
      </object_component>
      <object_component id="oc-30">
         <name>.debug_frame</name>
         <load_address>0x1c8</load_address>
         <run_address>0x1c8</run_address>
         <size>0x90</size>
         <input_file_ref idref="fl-5"/>
      </object_component>
      <object_component id="oc-16">
         <name>.debug_frame</name>
         <load_address>0x258</load_address>
         <run_address>0x258</run_address>
         <size>0x60</size>
         <input_file_ref idref="fl-c0"/>
      </object_component>
      <object_component id="oc-1d">
         <name>.debug_frame</name>
         <load_address>0x2b8</load_address>
         <run_address>0x2b8</run_address>
         <size>0x54</size>
         <input_file_ref idref="fl-c1"/>
      </object_component>
      <object_component id="oc-70">
         <name>.debug_frame</name>
         <load_address>0x30c</load_address>
         <run_address>0x30c</run_address>
         <size>0x88</size>
         <input_file_ref idref="fl-c3"/>
      </object_component>
      <object_component id="oc-5c">
         <name>.debug_frame</name>
         <load_address>0x394</load_address>
         <run_address>0x394</run_address>
         <size>0x54</size>
         <input_file_ref idref="fl-c6"/>
      </object_component>
      <object_component id="oc-62">
         <name>.debug_frame</name>
         <load_address>0x3e8</load_address>
         <run_address>0x3e8</run_address>
         <size>0x54</size>
         <input_file_ref idref="fl-c7"/>
      </object_component>
      <object_component id="oc-e6">
         <name>.debug_frame</name>
         <load_address>0x43c</load_address>
         <run_address>0x43c</run_address>
         <size>0x7c</size>
         <input_file_ref idref="fl-c9"/>
      </object_component>
      <object_component id="oc-6e">
         <name>.debug_frame</name>
         <load_address>0x4b8</load_address>
         <run_address>0x4b8</run_address>
         <size>0x54</size>
         <input_file_ref idref="fl-ca"/>
      </object_component>
      <object_component id="oc-68">
         <name>.debug_frame</name>
         <load_address>0x50c</load_address>
         <run_address>0x50c</run_address>
         <size>0x5c</size>
         <input_file_ref idref="fl-cb"/>
      </object_component>
      <object_component id="oc-9e">
         <name>.debug_frame</name>
         <load_address>0x568</load_address>
         <run_address>0x568</run_address>
         <size>0x60</size>
         <input_file_ref idref="fl-cc"/>
      </object_component>
      <object_component id="oc-a3">
         <name>.debug_frame</name>
         <load_address>0x5c8</load_address>
         <run_address>0x5c8</run_address>
         <size>0x54</size>
         <input_file_ref idref="fl-cd"/>
      </object_component>
      <object_component id="oc-f9">
         <name>.debug_abbrev</name>
         <load_address>0x0</load_address>
         <run_address>0x0</run_address>
         <size>0x6c</size>
         <input_file_ref idref="fl-2"/>
      </object_component>
      <object_component id="oc-3c">
         <name>.debug_abbrev</name>
         <load_address>0x6c</load_address>
         <run_address>0x6c</run_address>
         <size>0x1f</size>
         <input_file_ref idref="fl-2"/>
      </object_component>
      <object_component id="oc-7e">
         <name>.debug_abbrev</name>
         <load_address>0x8b</load_address>
         <run_address>0x8b</run_address>
         <size>0x35</size>
         <input_file_ref idref="fl-2"/>
      </object_component>
      <object_component id="oc-104">
         <name>.debug_abbrev</name>
         <load_address>0xc0</load_address>
         <run_address>0xc0</run_address>
         <size>0x25</size>
         <input_file_ref idref="fl-3"/>
      </object_component>
      <object_component id="oc-fa">
         <name>.debug_abbrev</name>
         <load_address>0xe5</load_address>
         <run_address>0xe5</run_address>
         <size>0xd3</size>
         <input_file_ref idref="fl-3"/>
      </object_component>
      <object_component id="oc-fd">
         <name>.debug_abbrev</name>
         <load_address>0x1b8</load_address>
         <run_address>0x1b8</run_address>
         <size>0x24</size>
         <input_file_ref idref="fl-3"/>
      </object_component>
      <object_component id="oc-d7">
         <name>.debug_abbrev</name>
         <load_address>0x1dc</load_address>
         <run_address>0x1dc</run_address>
         <size>0x62</size>
         <input_file_ref idref="fl-4"/>
      </object_component>
      <object_component id="oc-7a">
         <name>.debug_abbrev</name>
         <load_address>0x23e</load_address>
         <run_address>0x23e</run_address>
         <size>0x5f</size>
         <input_file_ref idref="fl-5"/>
      </object_component>
      <object_component id="oc-31">
         <name>.debug_abbrev</name>
         <load_address>0x29d</load_address>
         <run_address>0x29d</run_address>
         <size>0x29</size>
         <input_file_ref idref="fl-5"/>
      </object_component>
      <object_component id="oc-79">
         <name>.debug_abbrev</name>
         <load_address>0x2c6</load_address>
         <run_address>0x2c6</run_address>
         <size>0x79</size>
         <input_file_ref idref="fl-5"/>
      </object_component>
      <object_component id="oc-78">
         <name>.debug_abbrev</name>
         <load_address>0x33f</load_address>
         <run_address>0x33f</run_address>
         <size>0x3e</size>
         <input_file_ref idref="fl-bf"/>
      </object_component>
      <object_component id="oc-ba">
         <name>.debug_abbrev</name>
         <load_address>0x37d</load_address>
         <run_address>0x37d</run_address>
         <size>0x37</size>
         <input_file_ref idref="fl-c0"/>
      </object_component>
      <object_component id="oc-34">
         <name>.debug_abbrev</name>
         <load_address>0x3b4</load_address>
         <run_address>0x3b4</run_address>
         <size>0x6f</size>
         <input_file_ref idref="fl-c0"/>
      </object_component>
      <object_component id="oc-37">
         <name>.debug_abbrev</name>
         <load_address>0x423</load_address>
         <run_address>0x423</run_address>
         <size>0x24</size>
         <input_file_ref idref="fl-c0"/>
      </object_component>
      <object_component id="oc-83">
         <name>.debug_abbrev</name>
         <load_address>0x447</load_address>
         <run_address>0x447</run_address>
         <size>0x35</size>
         <input_file_ref idref="fl-c0"/>
      </object_component>
      <object_component id="oc-8d">
         <name>.debug_abbrev</name>
         <load_address>0x47c</load_address>
         <run_address>0x47c</run_address>
         <size>0x5d</size>
         <input_file_ref idref="fl-c1"/>
      </object_component>
      <object_component id="oc-44">
         <name>.debug_abbrev</name>
         <load_address>0x4d9</load_address>
         <run_address>0x4d9</run_address>
         <size>0x74</size>
         <input_file_ref idref="fl-c1"/>
      </object_component>
      <object_component id="oc-47">
         <name>.debug_abbrev</name>
         <load_address>0x54d</load_address>
         <run_address>0x54d</run_address>
         <size>0x24</size>
         <input_file_ref idref="fl-c1"/>
      </object_component>
      <object_component id="oc-8a">
         <name>.debug_abbrev</name>
         <load_address>0x571</load_address>
         <run_address>0x571</run_address>
         <size>0x24</size>
         <input_file_ref idref="fl-c1"/>
      </object_component>
      <object_component id="oc-92">
         <name>.debug_abbrev</name>
         <load_address>0x595</load_address>
         <run_address>0x595</run_address>
         <size>0x24</size>
         <input_file_ref idref="fl-c2"/>
      </object_component>
      <object_component id="oc-eb">
         <name>.debug_abbrev</name>
         <load_address>0x5b9</load_address>
         <run_address>0x5b9</run_address>
         <size>0xb3</size>
         <input_file_ref idref="fl-c3"/>
      </object_component>
      <object_component id="oc-df">
         <name>.debug_abbrev</name>
         <load_address>0x66c</load_address>
         <run_address>0x66c</run_address>
         <size>0x29</size>
         <input_file_ref idref="fl-c3"/>
      </object_component>
      <object_component id="oc-b5">
         <name>.debug_abbrev</name>
         <load_address>0x695</load_address>
         <run_address>0x695</run_address>
         <size>0xba</size>
         <input_file_ref idref="fl-c3"/>
      </object_component>
      <object_component id="oc-87">
         <name>.debug_abbrev</name>
         <load_address>0x74f</load_address>
         <run_address>0x74f</run_address>
         <size>0x3e</size>
         <input_file_ref idref="fl-c4"/>
      </object_component>
      <object_component id="oc-97">
         <name>.debug_abbrev</name>
         <load_address>0x78d</load_address>
         <run_address>0x78d</run_address>
         <size>0x53</size>
         <input_file_ref idref="fl-c6"/>
      </object_component>
      <object_component id="oc-98">
         <name>.debug_abbrev</name>
         <load_address>0x7e0</load_address>
         <run_address>0x7e0</run_address>
         <size>0x55</size>
         <input_file_ref idref="fl-c7"/>
      </object_component>
      <object_component id="oc-b8">
         <name>.debug_abbrev</name>
         <load_address>0x835</load_address>
         <run_address>0x835</run_address>
         <size>0x27</size>
         <input_file_ref idref="fl-c8"/>
      </object_component>
      <object_component id="oc-102">
         <name>.debug_abbrev</name>
         <load_address>0x85c</load_address>
         <run_address>0x85c</run_address>
         <size>0x50</size>
         <input_file_ref idref="fl-c9"/>
      </object_component>
      <object_component id="oc-e7">
         <name>.debug_abbrev</name>
         <load_address>0x8ac</load_address>
         <run_address>0x8ac</run_address>
         <size>0x29</size>
         <input_file_ref idref="fl-c9"/>
      </object_component>
      <object_component id="oc-101">
         <name>.debug_abbrev</name>
         <load_address>0x8d5</load_address>
         <run_address>0x8d5</run_address>
         <size>0x6f</size>
         <input_file_ref idref="fl-c9"/>
      </object_component>
      <object_component id="oc-d8">
         <name>.debug_abbrev</name>
         <load_address>0x944</load_address>
         <run_address>0x944</run_address>
         <size>0x99</size>
         <input_file_ref idref="fl-ca"/>
      </object_component>
      <object_component id="oc-ad">
         <name>.debug_abbrev</name>
         <load_address>0x9dd</load_address>
         <run_address>0x9dd</run_address>
         <size>0x68</size>
         <input_file_ref idref="fl-ca"/>
      </object_component>
      <object_component id="oc-dc">
         <name>.debug_abbrev</name>
         <load_address>0xa45</load_address>
         <run_address>0xa45</run_address>
         <size>0x49</size>
         <input_file_ref idref="fl-ca"/>
      </object_component>
      <object_component id="oc-bf">
         <name>.debug_abbrev</name>
         <load_address>0xa8e</load_address>
         <run_address>0xa8e</run_address>
         <size>0xb9</size>
         <input_file_ref idref="fl-cb"/>
      </object_component>
      <object_component id="oc-a5">
         <name>.debug_abbrev</name>
         <load_address>0xb47</load_address>
         <run_address>0xb47</run_address>
         <size>0x7e</size>
         <input_file_ref idref="fl-cb"/>
      </object_component>
      <object_component id="oc-c3">
         <name>.debug_abbrev</name>
         <load_address>0xbc5</load_address>
         <run_address>0xbc5</run_address>
         <size>0x24</size>
         <input_file_ref idref="fl-cb"/>
      </object_component>
      <object_component id="oc-f6">
         <name>.debug_abbrev</name>
         <load_address>0xbe9</load_address>
         <run_address>0xbe9</run_address>
         <size>0x24</size>
         <input_file_ref idref="fl-cb"/>
      </object_component>
      <object_component id="oc-c8">
         <name>.debug_abbrev</name>
         <load_address>0xc0d</load_address>
         <run_address>0xc0d</run_address>
         <size>0x4b</size>
         <input_file_ref idref="fl-cb"/>
      </object_component>
      <object_component id="oc-ed">
         <name>.debug_abbrev</name>
         <load_address>0xc58</load_address>
         <run_address>0xc58</run_address>
         <size>0xa7</size>
         <input_file_ref idref="fl-cc"/>
      </object_component>
      <object_component id="oc-bc">
         <name>.debug_abbrev</name>
         <load_address>0xcff</load_address>
         <run_address>0xcff</run_address>
         <size>0x8c</size>
         <input_file_ref idref="fl-cc"/>
      </object_component>
      <object_component id="oc-f1">
         <name>.debug_abbrev</name>
         <load_address>0xd8b</load_address>
         <run_address>0xd8b</run_address>
         <size>0x24</size>
         <input_file_ref idref="fl-cc"/>
      </object_component>
      <object_component id="oc-be">
         <name>.debug_abbrev</name>
         <load_address>0xdaf</load_address>
         <run_address>0xdaf</run_address>
         <size>0x53</size>
         <input_file_ref idref="fl-cd"/>
      </object_component>
      <object_component id="oc-12a">
         <name>.debug_abbrev</name>
         <load_address>0xe02</load_address>
         <run_address>0xe02</run_address>
         <size>0xf</size>
      </object_component>
      <object_component id="oc-3e">
         <name>.debug_str</name>
         <load_address>0x0</load_address>
         <run_address>0x0</run_address>
         <size>0xfa</size>
         <input_file_ref idref="fl-2"/>
      </object_component>
      <object_component id="oc-80">
         <name>.debug_str</name>
         <load_address>0xfa</load_address>
         <run_address>0xfa</run_address>
         <size>0x220</size>
         <input_file_ref idref="fl-2"/>
      </object_component>
      <object_component id="oc-ff">
         <name>.debug_str</name>
         <load_address>0x31a</load_address>
         <run_address>0x31a</run_address>
         <size>0xdf</size>
         <input_file_ref idref="fl-3"/>
      </object_component>
      <object_component id="oc-39">
         <name>.debug_str</name>
         <load_address>0x3f9</load_address>
         <run_address>0x3f9</run_address>
         <size>0x10d</size>
         <input_file_ref idref="fl-c0"/>
      </object_component>
      <object_component id="oc-85">
         <name>.debug_str</name>
         <load_address>0x506</load_address>
         <run_address>0x506</run_address>
         <size>0x14a</size>
         <input_file_ref idref="fl-c0"/>
      </object_component>
      <object_component id="oc-49">
         <name>.debug_str</name>
         <load_address>0x650</load_address>
         <run_address>0x650</run_address>
         <size>0x100</size>
         <input_file_ref idref="fl-c1"/>
      </object_component>
      <object_component id="oc-8c">
         <name>.debug_str</name>
         <load_address>0x750</load_address>
         <run_address>0x750</run_address>
         <size>0x12d</size>
         <input_file_ref idref="fl-c1"/>
      </object_component>
      <object_component id="oc-94">
         <name>.debug_str</name>
         <load_address>0x87d</load_address>
         <run_address>0x87d</run_address>
         <size>0x12d</size>
         <input_file_ref idref="fl-c2"/>
      </object_component>
      <object_component id="oc-de">
         <name>.debug_str</name>
         <load_address>0x9aa</load_address>
         <run_address>0x9aa</run_address>
         <size>0xd6</size>
         <input_file_ref idref="fl-ca"/>
      </object_component>
      <object_component id="oc-c5">
         <name>.debug_str</name>
         <load_address>0xa80</load_address>
         <run_address>0xa80</run_address>
         <size>0xe2</size>
         <input_file_ref idref="fl-cb"/>
      </object_component>
      <object_component id="oc-f8">
         <name>.debug_str</name>
         <load_address>0xb62</load_address>
         <run_address>0xb62</run_address>
         <size>0x138</size>
         <input_file_ref idref="fl-cb"/>
      </object_component>
      <object_component id="oc-ca">
         <name>.debug_str</name>
         <load_address>0xc9a</load_address>
         <run_address>0xc9a</run_address>
         <size>0x184</size>
         <input_file_ref idref="fl-cb"/>
      </object_component>
      <object_component id="oc-f3">
         <name>.debug_str</name>
         <load_address>0xe1e</load_address>
         <run_address>0xe1e</run_address>
         <size>0xd7</size>
         <input_file_ref idref="fl-cc"/>
      </object_component>
      <object_component id="oc-cd">
         <name>.debug_aranges</name>
         <load_address>0x0</load_address>
         <run_address>0x0</run_address>
         <size>0x50</size>
         <input_file_ref idref="fl-2"/>
      </object_component>
      <object_component id="oc-d3">
         <name>.debug_aranges</name>
         <load_address>0x50</load_address>
         <run_address>0x50</run_address>
         <size>0x30</size>
         <input_file_ref idref="fl-3"/>
      </object_component>
      <object_component id="oc-a9">
         <name>.debug_aranges</name>
         <load_address>0x80</load_address>
         <run_address>0x80</run_address>
         <size>0x20</size>
         <input_file_ref idref="fl-4"/>
      </object_component>
      <object_component id="oc-2d">
         <name>.debug_aranges</name>
         <load_address>0xa0</load_address>
         <run_address>0xa0</run_address>
         <size>0x38</size>
         <input_file_ref idref="fl-5"/>
      </object_component>
      <object_component id="oc-25">
         <name>.debug_aranges</name>
         <load_address>0xd8</load_address>
         <run_address>0xd8</run_address>
         <size>0x20</size>
         <input_file_ref idref="fl-bf"/>
      </object_component>
      <object_component id="oc-13">
         <name>.debug_aranges</name>
         <load_address>0xf8</load_address>
         <run_address>0xf8</run_address>
         <size>0x20</size>
         <input_file_ref idref="fl-c0"/>
      </object_component>
      <object_component id="oc-1a">
         <name>.debug_aranges</name>
         <load_address>0x118</load_address>
         <run_address>0x118</run_address>
         <size>0x20</size>
         <input_file_ref idref="fl-c1"/>
      </object_component>
      <object_component id="oc-71">
         <name>.debug_aranges</name>
         <load_address>0x138</load_address>
         <run_address>0x138</run_address>
         <size>0x30</size>
         <input_file_ref idref="fl-c3"/>
      </object_component>
      <object_component id="oc-41">
         <name>.debug_aranges</name>
         <load_address>0x168</load_address>
         <run_address>0x168</run_address>
         <size>0x20</size>
         <input_file_ref idref="fl-c4"/>
      </object_component>
      <object_component id="oc-59">
         <name>.debug_aranges</name>
         <load_address>0x188</load_address>
         <run_address>0x188</run_address>
         <size>0x20</size>
         <input_file_ref idref="fl-c6"/>
      </object_component>
      <object_component id="oc-5f">
         <name>.debug_aranges</name>
         <load_address>0x1a8</load_address>
         <run_address>0x1a8</run_address>
         <size>0x20</size>
         <input_file_ref idref="fl-c7"/>
      </object_component>
      <object_component id="oc-e3">
         <name>.debug_aranges</name>
         <load_address>0x1c8</load_address>
         <run_address>0x1c8</run_address>
         <size>0x30</size>
         <input_file_ref idref="fl-c9"/>
      </object_component>
      <object_component id="oc-6b">
         <name>.debug_aranges</name>
         <load_address>0x1f8</load_address>
         <run_address>0x1f8</run_address>
         <size>0x20</size>
         <input_file_ref idref="fl-ca"/>
      </object_component>
      <object_component id="oc-65">
         <name>.debug_aranges</name>
         <load_address>0x218</load_address>
         <run_address>0x218</run_address>
         <size>0x20</size>
         <input_file_ref idref="fl-cb"/>
      </object_component>
      <object_component id="oc-9b">
         <name>.debug_aranges</name>
         <load_address>0x238</load_address>
         <run_address>0x238</run_address>
         <size>0x20</size>
         <input_file_ref idref="fl-cc"/>
      </object_component>
      <object_component id="oc-a1">
         <name>.debug_aranges</name>
         <load_address>0x258</load_address>
         <run_address>0x258</run_address>
         <size>0x20</size>
         <input_file_ref idref="fl-cd"/>
      </object_component>
      <object_component id="oc-ce">
         <name>.debug_pubnames</name>
         <load_address>0x0</load_address>
         <run_address>0x0</run_address>
         <size>0x73</size>
         <input_file_ref idref="fl-2"/>
      </object_component>
      <object_component id="oc-d4">
         <name>.debug_pubnames</name>
         <load_address>0x73</load_address>
         <run_address>0x73</run_address>
         <size>0x49</size>
         <input_file_ref idref="fl-3"/>
      </object_component>
      <object_component id="oc-aa">
         <name>.debug_pubnames</name>
         <load_address>0xbc</load_address>
         <run_address>0xbc</run_address>
         <size>0x1b</size>
         <input_file_ref idref="fl-4"/>
      </object_component>
      <object_component id="oc-11">
         <name>.debug_pubnames</name>
         <load_address>0xd7</load_address>
         <run_address>0xd7</run_address>
         <size>0x23</size>
         <input_file_ref idref="fl-5"/>
      </object_component>
      <object_component id="oc-2e">
         <name>.debug_pubnames</name>
         <load_address>0xfa</load_address>
         <run_address>0xfa</run_address>
         <size>0x4c</size>
         <input_file_ref idref="fl-5"/>
      </object_component>
      <object_component id="oc-28">
         <name>.debug_pubnames</name>
         <load_address>0x146</load_address>
         <run_address>0x146</run_address>
         <size>0x1f</size>
         <input_file_ref idref="fl-bf"/>
      </object_component>
      <object_component id="oc-15">
         <name>.debug_pubnames</name>
         <load_address>0x165</load_address>
         <run_address>0x165</run_address>
         <size>0x2b</size>
         <input_file_ref idref="fl-c0"/>
      </object_component>
      <object_component id="oc-1b">
         <name>.debug_pubnames</name>
         <load_address>0x190</load_address>
         <run_address>0x190</run_address>
         <size>0x2b</size>
         <input_file_ref idref="fl-c1"/>
      </object_component>
      <object_component id="oc-b1">
         <name>.debug_pubnames</name>
         <load_address>0x1bb</load_address>
         <run_address>0x1bb</run_address>
         <size>0x5e</size>
         <input_file_ref idref="fl-c3"/>
      </object_component>
      <object_component id="oc-73">
         <name>.debug_pubnames</name>
         <load_address>0x219</load_address>
         <run_address>0x219</run_address>
         <size>0x35</size>
         <input_file_ref idref="fl-c3"/>
      </object_component>
      <object_component id="oc-42">
         <name>.debug_pubnames</name>
         <load_address>0x24e</load_address>
         <run_address>0x24e</run_address>
         <size>0x1d</size>
         <input_file_ref idref="fl-c4"/>
      </object_component>
      <object_component id="oc-5a">
         <name>.debug_pubnames</name>
         <load_address>0x26b</load_address>
         <run_address>0x26b</run_address>
         <size>0x21</size>
         <input_file_ref idref="fl-c6"/>
      </object_component>
      <object_component id="oc-60">
         <name>.debug_pubnames</name>
         <load_address>0x28c</load_address>
         <run_address>0x28c</run_address>
         <size>0x27</size>
         <input_file_ref idref="fl-c7"/>
      </object_component>
      <object_component id="oc-77">
         <name>.debug_pubnames</name>
         <load_address>0x2b3</load_address>
         <run_address>0x2b3</run_address>
         <size>0x23</size>
         <input_file_ref idref="fl-c8"/>
      </object_component>
      <object_component id="oc-b4">
         <name>.debug_pubnames</name>
         <load_address>0x2d6</load_address>
         <run_address>0x2d6</run_address>
         <size>0x28</size>
         <input_file_ref idref="fl-c9"/>
      </object_component>
      <object_component id="oc-e4">
         <name>.debug_pubnames</name>
         <load_address>0x2fe</load_address>
         <run_address>0x2fe</run_address>
         <size>0x43</size>
         <input_file_ref idref="fl-c9"/>
      </object_component>
      <object_component id="oc-6c">
         <name>.debug_pubnames</name>
         <load_address>0x341</load_address>
         <run_address>0x341</run_address>
         <size>0x21</size>
         <input_file_ref idref="fl-ca"/>
      </object_component>
      <object_component id="oc-66">
         <name>.debug_pubnames</name>
         <load_address>0x362</load_address>
         <run_address>0x362</run_address>
         <size>0x25</size>
         <input_file_ref idref="fl-cb"/>
      </object_component>
      <object_component id="oc-9c">
         <name>.debug_pubnames</name>
         <load_address>0x387</load_address>
         <run_address>0x387</run_address>
         <size>0x1e</size>
         <input_file_ref idref="fl-cc"/>
      </object_component>
      <object_component id="oc-a2">
         <name>.debug_pubnames</name>
         <load_address>0x3a5</load_address>
         <run_address>0x3a5</run_address>
         <size>0x29</size>
         <input_file_ref idref="fl-cd"/>
      </object_component>
      <object_component id="oc-3b">
         <name>.debug_pubtypes</name>
         <load_address>0x0</load_address>
         <run_address>0x0</run_address>
         <size>0xed</size>
         <input_file_ref idref="fl-2"/>
      </object_component>
      <object_component id="oc-7d">
         <name>.debug_pubtypes</name>
         <load_address>0xed</load_address>
         <run_address>0xed</run_address>
         <size>0x1c6</size>
         <input_file_ref idref="fl-2"/>
      </object_component>
      <object_component id="oc-fc">
         <name>.debug_pubtypes</name>
         <load_address>0x2b3</load_address>
         <run_address>0x2b3</run_address>
         <size>0x68</size>
         <input_file_ref idref="fl-3"/>
      </object_component>
      <object_component id="oc-36">
         <name>.debug_pubtypes</name>
         <load_address>0x31b</load_address>
         <run_address>0x31b</run_address>
         <size>0x5d</size>
         <input_file_ref idref="fl-c0"/>
      </object_component>
      <object_component id="oc-82">
         <name>.debug_pubtypes</name>
         <load_address>0x378</load_address>
         <run_address>0x378</run_address>
         <size>0x42</size>
         <input_file_ref idref="fl-c0"/>
      </object_component>
      <object_component id="oc-46">
         <name>.debug_pubtypes</name>
         <load_address>0x3ba</load_address>
         <run_address>0x3ba</run_address>
         <size>0x48</size>
         <input_file_ref idref="fl-c1"/>
      </object_component>
      <object_component id="oc-89">
         <name>.debug_pubtypes</name>
         <load_address>0x402</load_address>
         <run_address>0x402</run_address>
         <size>0x1d</size>
         <input_file_ref idref="fl-c1"/>
      </object_component>
      <object_component id="oc-91">
         <name>.debug_pubtypes</name>
         <load_address>0x41f</load_address>
         <run_address>0x41f</run_address>
         <size>0x1d</size>
         <input_file_ref idref="fl-c2"/>
      </object_component>
      <object_component id="oc-b7">
         <name>.debug_pubtypes</name>
         <load_address>0x43c</load_address>
         <run_address>0x43c</run_address>
         <size>0x1f</size>
         <input_file_ref idref="fl-c3"/>
      </object_component>
      <object_component id="oc-ea">
         <name>.debug_pubtypes</name>
         <load_address>0x45b</load_address>
         <run_address>0x45b</run_address>
         <size>0x1f</size>
         <input_file_ref idref="fl-c9"/>
      </object_component>
      <object_component id="oc-db">
         <name>.debug_pubtypes</name>
         <load_address>0x47a</load_address>
         <run_address>0x47a</run_address>
         <size>0x1b</size>
         <input_file_ref idref="fl-ca"/>
      </object_component>
      <object_component id="oc-c2">
         <name>.debug_pubtypes</name>
         <load_address>0x495</load_address>
         <run_address>0x495</run_address>
         <size>0x32</size>
         <input_file_ref idref="fl-cb"/>
      </object_component>
      <object_component id="oc-f5">
         <name>.debug_pubtypes</name>
         <load_address>0x4c7</load_address>
         <run_address>0x4c7</run_address>
         <size>0x2c</size>
         <input_file_ref idref="fl-cb"/>
      </object_component>
      <object_component id="oc-c7">
         <name>.debug_pubtypes</name>
         <load_address>0x4f3</load_address>
         <run_address>0x4f3</run_address>
         <size>0x50</size>
         <input_file_ref idref="fl-cb"/>
      </object_component>
      <object_component id="oc-f0">
         <name>.debug_pubtypes</name>
         <load_address>0x543</load_address>
         <run_address>0x543</run_address>
         <size>0x23</size>
         <input_file_ref idref="fl-cc"/>
      </object_component>
   </object_component_list>
   <logical_group_list>
      <logical_group id="lg-3" display="no" color="cyan">
         <name>.intvecs</name>
         <load_address>0x0</load_address>
         <run_address>0x0</run_address>
         <size>0x26c</size>
         <contents>
            <object_component_ref idref="oc-f"/>
         </contents>
      </logical_group>
      <logical_group id="lg-4" display="no" color="cyan">
         <name>.text</name>
         <load_address>0x26c</load_address>
         <run_address>0x26c</run_address>
         <size>0xc96</size>
         <contents>
            <object_component_ref idref="oc-d1"/>
            <object_component_ref idref="oc-cb"/>
            <object_component_ref idref="oc-3f"/>
            <object_component_ref idref="oc-63"/>
            <object_component_ref idref="oc-12"/>
            <object_component_ref idref="oc-24"/>
            <object_component_ref idref="oc-6f"/>
            <object_component_ref idref="oc-a7"/>
            <object_component_ref idref="oc-99"/>
            <object_component_ref idref="oc-69"/>
            <object_component_ref idref="oc-e1"/>
            <object_component_ref idref="oc-18"/>
            <object_component_ref idref="oc-2b"/>
            <object_component_ref idref="oc-5d"/>
            <object_component_ref idref="oc-57"/>
            <object_component_ref idref="oc-9f"/>
         </contents>
      </logical_group>
      <logical_group id="lg-5" display="no" color="cyan">
         <name>.const</name>
         <run_address>0x0</run_address>
         <size>0x0</size>
         <contents>
         </contents>
      </logical_group>
      <logical_group id="lg-6" display="no" color="cyan">
         <name>.cinit</name>
         <load_address>0xf08</load_address>
         <run_address>0xf08</run_address>
         <size>0x24</size>
         <contents>
            <object_component_ref idref="oc-127"/>
            <object_component_ref idref="oc-125"/>
            <object_component_ref idref="oc-126"/>
         </contents>
      </logical_group>
      <logical_group id="lg-7" display="no" color="cyan">
         <name>.pinit</name>
         <run_address>0x0</run_address>
         <size>0x0</size>
         <contents>
         </contents>
      </logical_group>
      <logical_group id="lg-8" display="no" color="cyan">
         <name>.init_array</name>
         <run_address>0x0</run_address>
         <size>0x0</size>
         <contents>
         </contents>
      </logical_group>
      <logical_group id="lg-9" display="no" color="cyan">
         <name>.vtable</name>
         <run_address>0x0</run_address>
         <size>0x0</size>
         <contents>
         </contents>
      </logical_group>
      <logical_group id="lg-a" display="no" color="cyan">
         <name>.data</name>
         <run_address>0x20000200</run_address>
         <size>0x18</size>
         <contents>
            <object_component_ref idref="oc-af"/>
            <object_component_ref idref="oc-75"/>
            <object_component_ref idref="oc-b2"/>
         </contents>
      </logical_group>
      <logical_group id="lg-b" display="no" color="cyan">
         <name>.bss</name>
         <run_address>0x0</run_address>
         <size>0x0</size>
         <contents>
         </contents>
      </logical_group>
      <logical_group id="lg-c" display="no" color="cyan">
         <name>.sysmem</name>
         <run_address>0x0</run_address>
         <size>0x0</size>
         <contents>
         </contents>
      </logical_group>
      <logical_group id="lg-d" display="no" color="cyan">
         <name>.stack</name>
         <run_address>0x20000000</run_address>
         <size>0x200</size>
         <contents>
            <object_component_ref idref="oc-2a"/>
            <object_component_ref idref="oc-128"/>
         </contents>
      </logical_group>
      <logical_group id="lg-106" display="no" color="cyan">
         <name>.TI.noinit</name>
         <run_address>0x0</run_address>
         <size>0x0</size>
         <contents>
         </contents>
      </logical_group>
      <logical_group id="lg-107" display="no" color="cyan">
         <name>.TI.persistent</name>
         <run_address>0x0</run_address>
         <size>0x0</size>
         <contents>
         </contents>
      </logical_group>
      <logical_group id="lg-115" display="never" color="cyan">
         <name>.debug_info</name>
         <load_address>0x0</load_address>
         <run_address>0x0</run_address>
         <size>0x46c7</size>
         <contents>
            <object_component_ref idref="oc-cc"/>
            <object_component_ref idref="oc-3a"/>
            <object_component_ref idref="oc-7c"/>
            <object_component_ref idref="oc-100"/>
            <object_component_ref idref="oc-d2"/>
            <object_component_ref idref="oc-fb"/>
            <object_component_ref idref="oc-a8"/>
            <object_component_ref idref="oc-33"/>
            <object_component_ref idref="oc-10"/>
            <object_component_ref idref="oc-2c"/>
            <object_component_ref idref="oc-27"/>
            <object_component_ref idref="oc-86"/>
            <object_component_ref idref="oc-14"/>
            <object_component_ref idref="oc-35"/>
            <object_component_ref idref="oc-81"/>
            <object_component_ref idref="oc-4a"/>
            <object_component_ref idref="oc-19"/>
            <object_component_ref idref="oc-45"/>
            <object_component_ref idref="oc-88"/>
            <object_component_ref idref="oc-90"/>
            <object_component_ref idref="oc-b6"/>
            <object_component_ref idref="oc-b0"/>
            <object_component_ref idref="oc-72"/>
            <object_component_ref idref="oc-40"/>
            <object_component_ref idref="oc-58"/>
            <object_component_ref idref="oc-5e"/>
            <object_component_ref idref="oc-76"/>
            <object_component_ref idref="oc-e9"/>
            <object_component_ref idref="oc-b3"/>
            <object_component_ref idref="oc-e2"/>
            <object_component_ref idref="oc-ae"/>
            <object_component_ref idref="oc-6a"/>
            <object_component_ref idref="oc-da"/>
            <object_component_ref idref="oc-a6"/>
            <object_component_ref idref="oc-64"/>
            <object_component_ref idref="oc-c1"/>
            <object_component_ref idref="oc-f4"/>
            <object_component_ref idref="oc-c6"/>
            <object_component_ref idref="oc-bd"/>
            <object_component_ref idref="oc-9a"/>
            <object_component_ref idref="oc-ef"/>
            <object_component_ref idref="oc-a0"/>
            <object_component_ref idref="oc-129"/>
         </contents>
      </logical_group>
      <logical_group id="lg-117" display="never" color="cyan">
         <name>.debug_line</name>
         <load_address>0x0</load_address>
         <run_address>0x0</run_address>
         <size>0x119b</size>
         <contents>
            <object_component_ref idref="oc-cf"/>
            <object_component_ref idref="oc-3d"/>
            <object_component_ref idref="oc-7f"/>
            <object_component_ref idref="oc-105"/>
            <object_component_ref idref="oc-d5"/>
            <object_component_ref idref="oc-fe"/>
            <object_component_ref idref="oc-ab"/>
            <object_component_ref idref="oc-7b"/>
            <object_component_ref idref="oc-32"/>
            <object_component_ref idref="oc-2f"/>
            <object_component_ref idref="oc-26"/>
            <object_component_ref idref="oc-bb"/>
            <object_component_ref idref="oc-17"/>
            <object_component_ref idref="oc-38"/>
            <object_component_ref idref="oc-84"/>
            <object_component_ref idref="oc-8e"/>
            <object_component_ref idref="oc-1c"/>
            <object_component_ref idref="oc-48"/>
            <object_component_ref idref="oc-8b"/>
            <object_component_ref idref="oc-93"/>
            <object_component_ref idref="oc-ec"/>
            <object_component_ref idref="oc-e0"/>
            <object_component_ref idref="oc-74"/>
            <object_component_ref idref="oc-43"/>
            <object_component_ref idref="oc-5b"/>
            <object_component_ref idref="oc-61"/>
            <object_component_ref idref="oc-b9"/>
            <object_component_ref idref="oc-103"/>
            <object_component_ref idref="oc-e8"/>
            <object_component_ref idref="oc-e5"/>
            <object_component_ref idref="oc-d9"/>
            <object_component_ref idref="oc-6d"/>
            <object_component_ref idref="oc-dd"/>
            <object_component_ref idref="oc-c0"/>
            <object_component_ref idref="oc-67"/>
            <object_component_ref idref="oc-c4"/>
            <object_component_ref idref="oc-f7"/>
            <object_component_ref idref="oc-c9"/>
            <object_component_ref idref="oc-ee"/>
            <object_component_ref idref="oc-9d"/>
            <object_component_ref idref="oc-f2"/>
            <object_component_ref idref="oc-a4"/>
         </contents>
      </logical_group>
      <logical_group id="lg-119" display="never" color="cyan">
         <name>.debug_frame</name>
         <load_address>0x0</load_address>
         <run_address>0x0</run_address>
         <size>0x61c</size>
         <contents>
            <object_component_ref idref="oc-d0"/>
            <object_component_ref idref="oc-d6"/>
            <object_component_ref idref="oc-ac"/>
            <object_component_ref idref="oc-30"/>
            <object_component_ref idref="oc-16"/>
            <object_component_ref idref="oc-1d"/>
            <object_component_ref idref="oc-70"/>
            <object_component_ref idref="oc-5c"/>
            <object_component_ref idref="oc-62"/>
            <object_component_ref idref="oc-e6"/>
            <object_component_ref idref="oc-6e"/>
            <object_component_ref idref="oc-68"/>
            <object_component_ref idref="oc-9e"/>
            <object_component_ref idref="oc-a3"/>
         </contents>
      </logical_group>
      <logical_group id="lg-11b" display="never" color="cyan">
         <name>.debug_abbrev</name>
         <load_address>0x0</load_address>
         <run_address>0x0</run_address>
         <size>0xe11</size>
         <contents>
            <object_component_ref idref="oc-f9"/>
            <object_component_ref idref="oc-3c"/>
            <object_component_ref idref="oc-7e"/>
            <object_component_ref idref="oc-104"/>
            <object_component_ref idref="oc-fa"/>
            <object_component_ref idref="oc-fd"/>
            <object_component_ref idref="oc-d7"/>
            <object_component_ref idref="oc-7a"/>
            <object_component_ref idref="oc-31"/>
            <object_component_ref idref="oc-79"/>
            <object_component_ref idref="oc-78"/>
            <object_component_ref idref="oc-ba"/>
            <object_component_ref idref="oc-34"/>
            <object_component_ref idref="oc-37"/>
            <object_component_ref idref="oc-83"/>
            <object_component_ref idref="oc-8d"/>
            <object_component_ref idref="oc-44"/>
            <object_component_ref idref="oc-47"/>
            <object_component_ref idref="oc-8a"/>
            <object_component_ref idref="oc-92"/>
            <object_component_ref idref="oc-eb"/>
            <object_component_ref idref="oc-df"/>
            <object_component_ref idref="oc-b5"/>
            <object_component_ref idref="oc-87"/>
            <object_component_ref idref="oc-97"/>
            <object_component_ref idref="oc-98"/>
            <object_component_ref idref="oc-b8"/>
            <object_component_ref idref="oc-102"/>
            <object_component_ref idref="oc-e7"/>
            <object_component_ref idref="oc-101"/>
            <object_component_ref idref="oc-d8"/>
            <object_component_ref idref="oc-ad"/>
            <object_component_ref idref="oc-dc"/>
            <object_component_ref idref="oc-bf"/>
            <object_component_ref idref="oc-a5"/>
            <object_component_ref idref="oc-c3"/>
            <object_component_ref idref="oc-f6"/>
            <object_component_ref idref="oc-c8"/>
            <object_component_ref idref="oc-ed"/>
            <object_component_ref idref="oc-bc"/>
            <object_component_ref idref="oc-f1"/>
            <object_component_ref idref="oc-be"/>
            <object_component_ref idref="oc-12a"/>
         </contents>
      </logical_group>
      <logical_group id="lg-11d" display="never" color="cyan">
         <name>.debug_str</name>
         <load_address>0x0</load_address>
         <run_address>0x0</run_address>
         <size>0xef5</size>
         <contents>
            <object_component_ref idref="oc-3e"/>
            <object_component_ref idref="oc-80"/>
            <object_component_ref idref="oc-ff"/>
            <object_component_ref idref="oc-39"/>
            <object_component_ref idref="oc-85"/>
            <object_component_ref idref="oc-49"/>
            <object_component_ref idref="oc-8c"/>
            <object_component_ref idref="oc-94"/>
            <object_component_ref idref="oc-de"/>
            <object_component_ref idref="oc-c5"/>
            <object_component_ref idref="oc-f8"/>
            <object_component_ref idref="oc-ca"/>
            <object_component_ref idref="oc-f3"/>
         </contents>
      </logical_group>
      <logical_group id="lg-11f" display="never" color="cyan">
         <name>.debug_aranges</name>
         <load_address>0x0</load_address>
         <run_address>0x0</run_address>
         <size>0x278</size>
         <contents>
            <object_component_ref idref="oc-cd"/>
            <object_component_ref idref="oc-d3"/>
            <object_component_ref idref="oc-a9"/>
            <object_component_ref idref="oc-2d"/>
            <object_component_ref idref="oc-25"/>
            <object_component_ref idref="oc-13"/>
            <object_component_ref idref="oc-1a"/>
            <object_component_ref idref="oc-71"/>
            <object_component_ref idref="oc-41"/>
            <object_component_ref idref="oc-59"/>
            <object_component_ref idref="oc-5f"/>
            <object_component_ref idref="oc-e3"/>
            <object_component_ref idref="oc-6b"/>
            <object_component_ref idref="oc-65"/>
            <object_component_ref idref="oc-9b"/>
            <object_component_ref idref="oc-a1"/>
         </contents>
      </logical_group>
      <logical_group id="lg-121" display="never" color="cyan">
         <name>.debug_pubnames</name>
         <load_address>0x0</load_address>
         <run_address>0x0</run_address>
         <size>0x3ce</size>
         <contents>
            <object_component_ref idref="oc-ce"/>
            <object_component_ref idref="oc-d4"/>
            <object_component_ref idref="oc-aa"/>
            <object_component_ref idref="oc-11"/>
            <object_component_ref idref="oc-2e"/>
            <object_component_ref idref="oc-28"/>
            <object_component_ref idref="oc-15"/>
            <object_component_ref idref="oc-1b"/>
            <object_component_ref idref="oc-b1"/>
            <object_component_ref idref="oc-73"/>
            <object_component_ref idref="oc-42"/>
            <object_component_ref idref="oc-5a"/>
            <object_component_ref idref="oc-60"/>
            <object_component_ref idref="oc-77"/>
            <object_component_ref idref="oc-b4"/>
            <object_component_ref idref="oc-e4"/>
            <object_component_ref idref="oc-6c"/>
            <object_component_ref idref="oc-66"/>
            <object_component_ref idref="oc-9c"/>
            <object_component_ref idref="oc-a2"/>
         </contents>
      </logical_group>
      <logical_group id="lg-123" display="never" color="cyan">
         <name>.debug_pubtypes</name>
         <load_address>0x0</load_address>
         <run_address>0x0</run_address>
         <size>0x566</size>
         <contents>
            <object_component_ref idref="oc-3b"/>
            <object_component_ref idref="oc-7d"/>
            <object_component_ref idref="oc-fc"/>
            <object_component_ref idref="oc-36"/>
            <object_component_ref idref="oc-82"/>
            <object_component_ref idref="oc-46"/>
            <object_component_ref idref="oc-89"/>
            <object_component_ref idref="oc-91"/>
            <object_component_ref idref="oc-b7"/>
            <object_component_ref idref="oc-ea"/>
            <object_component_ref idref="oc-db"/>
            <object_component_ref idref="oc-c2"/>
            <object_component_ref idref="oc-f5"/>
            <object_component_ref idref="oc-c7"/>
            <object_component_ref idref="oc-f0"/>
         </contents>
      </logical_group>
      <load_segment id="lg-12c" display="no" color="cyan">
         <name>SEGMENT_0</name>
         <load_address>0x0</load_address>
         <run_address>0x0</run_address>
         <size>0xf2c</size>
         <flags>0x5</flags>
         <contents>
            <logical_group_ref idref="lg-3"/>
            <logical_group_ref idref="lg-4"/>
            <logical_group_ref idref="lg-6"/>
         </contents>
      </load_segment>
      <load_segment id="lg-12d" display="no" color="cyan">
         <name>SEGMENT_1</name>
         <run_address>0x20000000</run_address>
         <size>0x218</size>
         <flags>0x6</flags>
         <contents>
            <logical_group_ref idref="lg-d"/>
            <logical_group_ref idref="lg-a"/>
         </contents>
      </load_segment>
   </logical_group_list>
   <placement_map>
      <memory_area display="yes" color="green">
         <name>FLASH</name>
         <page_id>0x0</page_id>
         <origin>0x0</origin>
         <length>0x40000</length>
         <used_space>0xf26</used_space>
         <unused_space>0x3f0da</unused_space>
         <attributes>RX</attributes>
         <usage_details>
            <allocated_space>
               <start_address>0x0</start_address>
               <size>0x26c</size>
               <logical_group_ref idref="lg-3"/>
            </allocated_space>
            <allocated_space>
               <start_address>0x26c</start_address>
               <size>0xc96</size>
               <logical_group_ref idref="lg-4"/>
            </allocated_space>
            <available_space>
               <start_address>0xf02</start_address>
               <size>0x6</size>
            </available_space>
            <allocated_space>
               <start_address>0xf08</start_address>
               <size>0x24</size>
               <logical_group_ref idref="lg-6"/>
            </allocated_space>
            <available_space>
               <start_address>0xf2c</start_address>
               <size>0x3f0d4</size>
            </available_space>
         </usage_details>
      </memory_area>
      <memory_area display="yes" color="green">
         <name>SRAM</name>
         <page_id>0x0</page_id>
         <origin>0x20000000</origin>
         <length>0x8000</length>
         <used_space>0x218</used_space>
         <unused_space>0x7de8</unused_space>
         <attributes>RWX</attributes>
         <usage_details>
            <allocated_space>
               <start_address>0x20000000</start_address>
               <size>0x200</size>
               <logical_group_ref idref="lg-d"/>
            </allocated_space>
            <allocated_space>
               <start_address>0x20000200</start_address>
               <size>0x18</size>
               <logical_group_ref idref="lg-a"/>
            </allocated_space>
            <available_space>
               <start_address>0x20000218</start_address>
               <size>0x7de8</size>
            </available_space>
         </usage_details>
      </memory_area>
   </placement_map>
   <cptbl_list>
      <cptbl>
         <name>__TI_cinit_table</name>
         <cprec>
            <name>.data</name>
            <load_address>0xf08</load_address>
            <load_size>0x11</load_size>
            <run_address>0x20000200</run_address>
            <run_size>0x18</run_size>
            <compression>lzss</compression>
         </cprec>
      </cptbl>
   </cptbl_list>
   <handler_table>
      <handler_table_name>__TI_handler_table</handler_table_name>
      <handler>
         <index>0x0</index>
         <name>__TI_decompress_lzss</name>
      </handler>
      <handler>
         <index>0x1</index>
         <name>__TI_decompress_none</name>
      </handler>
   </handler_table>
   <symbol_table>
      <symbol id="sm-1">
         <name>__STACK_TOP</name>
         <value>0x20000200</value>
      </symbol>
      <symbol id="sm-2">
         <name>__TI_CINIT_Base</name>
         <value>0xf24</value>
      </symbol>
      <symbol id="sm-3">
         <name>__TI_CINIT_Limit</name>
         <value>0xf2c</value>
      </symbol>
      <symbol id="sm-4">
         <name>__TI_Handler_Table_Base</name>
         <value>0xf1c</value>
      </symbol>
      <symbol id="sm-5">
         <name>__TI_Handler_Table_Limit</name>
         <value>0xf24</value>
      </symbol>
      <symbol id="sm-6">
         <name>binit</name>
         <value>0xffffffff</value>
      </symbol>
      <symbol id="sm-7">
         <name>__binit__</name>
         <value>0xffffffff</value>
      </symbol>
      <symbol id="sm-8">
         <name>__STACK_SIZE</name>
         <value>0x200</value>
      </symbol>
      <symbol id="sm-9">
         <name>__STACK_END</name>
         <value>0x20000200</value>
      </symbol>
      <symbol id="sm-a">
         <name>__c_args__</name>
         <value>0xffffffff</value>
      </symbol>
      <symbol id="sm-b">
         <name>__TI_pprof_out_hndl</name>
         <value>0xffffffff</value>
      </symbol>
      <symbol id="sm-c">
         <name>__TI_prof_data_start</name>
         <value>0xffffffff</value>
      </symbol>
      <symbol id="sm-d">
         <name>__TI_prof_data_size</name>
         <value>0xffffffff</value>
      </symbol>
      <symbol id="sm-5c">
         <name>pinFmode</name>
         <value>0xb3b</value>
         <object_component_ref idref="oc-cb"/>
      </symbol>
      <symbol id="sm-5d">
         <name>pinAmode</name>
         <value>0x929</value>
         <object_component_ref idref="oc-cb"/>
      </symbol>
      <symbol id="sm-5e">
         <name>pinBmode</name>
         <value>0x993</value>
         <object_component_ref idref="oc-cb"/>
      </symbol>
      <symbol id="sm-5f">
         <name>pinCmode</name>
         <value>0x9fd</value>
         <object_component_ref idref="oc-cb"/>
      </symbol>
      <symbol id="sm-60">
         <name>ports_clock_EN</name>
         <value>0xba5</value>
         <object_component_ref idref="oc-cb"/>
      </symbol>
      <symbol id="sm-61">
         <name>pinDmode</name>
         <value>0xa67</value>
         <object_component_ref idref="oc-cb"/>
      </symbol>
      <symbol id="sm-62">
         <name>pinEmode</name>
         <value>0xad1</value>
         <object_component_ref idref="oc-cb"/>
      </symbol>
      <symbol id="sm-eb">
         <name>uart_send_byte</name>
         <value>0x6b1</value>
         <object_component_ref idref="oc-d1"/>
      </symbol>
      <symbol id="sm-ec">
         <name>uart_recieve_byte</name>
         <value>0x7e1</value>
         <object_component_ref idref="oc-d1"/>
      </symbol>
      <symbol id="sm-ed">
         <name>uart_init</name>
         <value>0x26d</value>
         <object_component_ref idref="oc-d1"/>
      </symbol>
      <symbol id="sm-fd">
         <name>main</name>
         <value>0xe19</value>
         <object_component_ref idref="oc-a7"/>
      </symbol>
      <symbol id="sm-119">
         <name>ResetISR</name>
         <value>0xeef</value>
         <object_component_ref idref="oc-2b"/>
      </symbol>
      <symbol id="sm-11a">
         <name>g_pfnVectors</name>
         <value>0x0</value>
         <object_component_ref idref="oc-f"/>
      </symbol>
      <symbol id="sm-12b">
         <name>_c_int00</name>
         <value>0xd71</value>
         <object_component_ref idref="oc-24"/>
      </symbol>
      <symbol id="sm-12c">
         <name>__stack</name>
         <value>0x20000000</value>
         <object_component_ref idref="oc-2a"/>
      </symbol>
      <symbol id="sm-14a">
         <name>__TI_decompress_lzss</name>
         <value>0xd09</value>
         <object_component_ref idref="oc-12"/>
      </symbol>
      <symbol id="sm-161">
         <name>__TI_decompress_none</name>
         <value>0xee1</value>
         <object_component_ref idref="oc-18"/>
      </symbol>
      <symbol id="sm-188">
         <name>C$$EXIT</name>
         <value>0xdc5</value>
         <object_component_ref idref="oc-6f"/>
      </symbol>
      <symbol id="sm-189">
         <name>abort</name>
         <value>0xdc9</value>
         <object_component_ref idref="oc-6f"/>
      </symbol>
      <symbol id="sm-18a">
         <name>exit</name>
         <value>0xdd1</value>
         <object_component_ref idref="oc-6f"/>
      </symbol>
      <symbol id="sm-18b">
         <name>__TI_dtors_ptr</name>
         <value>0x20000204</value>
         <object_component_ref idref="oc-af"/>
      </symbol>
      <symbol id="sm-18c">
         <name>__TI_cleanup_ptr</name>
         <value>0x20000200</value>
         <object_component_ref idref="oc-af"/>
      </symbol>
      <symbol id="sm-18d">
         <name>__TI_enable_exit_profile_output</name>
         <value>0x20000208</value>
         <object_component_ref idref="oc-af"/>
      </symbol>
      <symbol id="sm-1a8">
         <name>memcpy</name>
         <value>0xbfd</value>
         <object_component_ref idref="oc-3f"/>
      </symbol>
      <symbol id="sm-1a9">
         <name>__aeabi_memcpy</name>
         <value>0xbfd</value>
         <object_component_ref idref="oc-3f"/>
      </symbol>
      <symbol id="sm-1aa">
         <name>__aeabi_memcpy8</name>
         <value>0xbfd</value>
         <object_component_ref idref="oc-3f"/>
      </symbol>
      <symbol id="sm-1ab">
         <name>__aeabi_memcpy4</name>
         <value>0xbfd</value>
         <object_component_ref idref="oc-3f"/>
      </symbol>
      <symbol id="sm-1b6">
         <name>__mpu_init</name>
         <value>0xeff</value>
         <object_component_ref idref="oc-57"/>
      </symbol>
      <symbol id="sm-1c0">
         <name>_system_pre_init</name>
         <value>0xefb</value>
         <object_component_ref idref="oc-5d"/>
      </symbol>
      <symbol id="sm-1c8">
         <name>main_func_sp</name>
         <value>0x20000214</value>
         <object_component_ref idref="oc-75"/>
      </symbol>
      <symbol id="sm-1e1">
         <name>_nop</name>
         <value>0xedb</value>
         <object_component_ref idref="oc-e1"/>
      </symbol>
      <symbol id="sm-1e2">
         <name>_lock</name>
         <value>0x2000020c</value>
         <object_component_ref idref="oc-b2"/>
      </symbol>
      <symbol id="sm-1e3">
         <name>_unlock</name>
         <value>0x20000210</value>
         <object_component_ref idref="oc-b2"/>
      </symbol>
      <symbol id="sm-1e4">
         <name>_register_lock</name>
         <value>0xed3</value>
         <object_component_ref idref="oc-e1"/>
      </symbol>
      <symbol id="sm-1e5">
         <name>_register_unlock</name>
         <value>0xecd</value>
         <object_component_ref idref="oc-e1"/>
      </symbol>
      <symbol id="sm-1f9">
         <name>_args_main</name>
         <value>0xeb5</value>
         <object_component_ref idref="oc-69"/>
      </symbol>
      <symbol id="sm-223">
         <name>__TI_auto_init</name>
         <value>0xc99</value>
         <object_component_ref idref="oc-63"/>
      </symbol>
      <symbol id="sm-23d">
         <name>copy_in</name>
         <value>0xe69</value>
         <object_component_ref idref="oc-99"/>
      </symbol>
      <symbol id="sm-247">
         <name>_system_post_cinit</name>
         <value>0xf01</value>
         <object_component_ref idref="oc-9f"/>
      </symbol>
      <symbol id="sm-248">
         <name>__TI_static_base__</name>
         <value>0x0</value>
      </symbol>
      <symbol id="sm-24b">
         <name>SHT$$INIT_ARRAY$$Limit</name>
         <value>0x0</value>
      </symbol>
      <symbol id="sm-24c">
         <name>SHT$$INIT_ARRAY$$Base</name>
         <value>0x0</value>
      </symbol>
   </symbol_table>
   <title>Link successful</title>
</link_info>
