******************************************************************************
                  TI ARM Linker PC v16.9.6                     
******************************************************************************
>> Linked Mon Jan 15 18:10:30 2018

OUTPUT FILE NAME:   <Object_Tracker.out>
ENTRY POINT SYMBOL: "_c_int00"  address: 00000d71


MEMORY CONFIGURATION

         name            origin    length      used     unused   attr    fill
----------------------  --------  ---------  --------  --------  ----  --------
  FLASH                 00000000   00040000  00000f26  0003f0da  R  X
  SRAM                  20000000   00008000  00000218  00007de8  RW X


SEGMENT ALLOCATION MAP

run origin  load origin   length   init length attrs members
----------  ----------- ---------- ----------- ----- -------
00000000    00000000    00000f2c   00000f2c    r-x
  00000000    00000000    0000026c   0000026c    r-- .intvecs
  0000026c    0000026c    00000c96   00000c96    r-x .text
  00000f08    00000f08    00000024   00000024    r-- .cinit
20000000    20000000    00000218   00000000    rw-
  20000000    20000000    00000200   00000000    rw- .stack
  20000200    20000200    00000018   00000000    rw- .data


SECTION ALLOCATION MAP

 output                                  attributes/
section   page    origin      length       input sections
--------  ----  ----------  ----------   ----------------
.intvecs   0    00000000    0000026c     
                  00000000    0000026c     tm4c123gh6pm_startup_ccs.obj (.intvecs)

.text      0    0000026c    00000c96     
                  0000026c    000006bc     UART.obj (.text)
                  00000928    000002d4     GPIO_config.obj (.text)
                  00000bfc    0000009c     rtsv7M4_T_le_v4SPD16_eabi.lib : memcpy_t2.obj (.text)
                  00000c98    00000070                                   : autoinit.obj (.text)
                  00000d08    00000068                                   : copy_decompress_lzss.obj (.text:decompress:lzss)
                  00000d70    00000054                                   : boot.obj (.text)
                  00000dc4    00000054                                   : exit.obj (.text)
                  00000e18    00000050     main.obj (.text)
                  00000e68    0000004c     rtsv7M4_T_le_v4SPD16_eabi.lib : cpy_tbl.obj (.text)
                  00000eb4    00000018                                   : args_main.obj (.text)
                  00000ecc    00000014                                   : _lock.obj (.text)
                  00000ee0    0000000e                                   : copy_decompress_none.obj (.text:decompress:none)
                  00000eee    0000000c     tm4c123gh6pm_startup_ccs.obj (.text)
                  00000efa    00000004     rtsv7M4_T_le_v4SPD16_eabi.lib : pre_init.obj (.text)
                  00000efe    00000002                                   : mpu_init.obj (.text)
                  00000f00    00000002                                   : startup.obj (.text)

.cinit     0    00000f08    00000024     
                  00000f08    00000011     (.cinit..data.load) [load image, compression = lzss]
                  00000f19    00000003     --HOLE-- [fill = 0]
                  00000f1c    00000008     (__TI_handler_table)
                  00000f24    00000008     (__TI_cinit_table)

.init_array 
*          0    00000000    00000000     UNINITIALIZED

.stack     0    20000000    00000200     UNINITIALIZED
                  20000000    00000200     --HOLE--

.data      0    20000200    00000018     UNINITIALIZED
                  20000200    0000000c     rtsv7M4_T_le_v4SPD16_eabi.lib : exit.obj (.data:$O1$$)
                  2000020c    00000008                                   : _lock.obj (.data:$O1$$)
                  20000214    00000004                                   : stkdepth_vars.obj (.data)

MODULE SUMMARY

       Module                         code   ro data   rw data
       ------                         ----   -------   -------
    .\
       UART.obj                       1724   0         0      
       GPIO_config.obj                724    0         0      
       tm4c123gh6pm_startup_ccs.obj   12     620       0      
       main.obj                       80     0         0      
    +--+------------------------------+------+---------+---------+
       Total:                         2540   620       0      
                                                              
    C:\ti\ccsv7\tools\compiler\ti-cgt-arm_16.9.6.LTS\lib\rtsv7M4_T_le_v4SPD16_eabi.lib
       memcpy_t2.obj                  156    0         0      
       autoinit.obj                   112    0         0      
       copy_decompress_lzss.obj       104    0         0      
       exit.obj                       84     0         12     
       boot.obj                       84     0         0      
       cpy_tbl.obj                    76     0         0      
       _lock.obj                      20     0         8      
       args_main.obj                  24     0         0      
       copy_decompress_none.obj       14     0         0      
       pre_init.obj                   4      0         0      
       stkdepth_vars.obj              0      0         4      
       mpu_init.obj                   2      0         0      
       startup.obj                    2      0         0      
    +--+------------------------------+------+---------+---------+
       Total:                         682    0         24     
                                                              
       Stack:                         0      0         512    
       Linker Generated:              0      33        0      
    +--+------------------------------+------+---------+---------+
       Grand Total:                   3222   653       536    


LINKER GENERATED COPY TABLES

__TI_cinit_table @ 00000f24 records: 1, size/record: 8, table size: 8
	.data: load addr=00000f08, load size=00000011 bytes, run addr=20000200, run size=00000018 bytes, compression=lzss


LINKER GENERATED HANDLER TABLE

__TI_handler_table @ 00000f1c records: 2, size/record: 4, table size: 8
	index: 0, handler: __TI_decompress_lzss
	index: 1, handler: __TI_decompress_none


GLOBAL SYMBOLS: SORTED ALPHABETICALLY BY Name 

address   name                           
-------   ----                           
00000dc5  C$$EXIT                        
00000eef  ResetISR                       
UNDEFED   SHT$$INIT_ARRAY$$Base          
UNDEFED   SHT$$INIT_ARRAY$$Limit         
20000200  __STACK_END                    
00000200  __STACK_SIZE                   
20000200  __STACK_TOP                    
00000f24  __TI_CINIT_Base                
00000f2c  __TI_CINIT_Limit               
00000f1c  __TI_Handler_Table_Base        
00000f24  __TI_Handler_Table_Limit       
00000c99  __TI_auto_init                 
20000200  __TI_cleanup_ptr               
00000d09  __TI_decompress_lzss           
00000ee1  __TI_decompress_none           
20000204  __TI_dtors_ptr                 
20000208  __TI_enable_exit_profile_output
ffffffff  __TI_pprof_out_hndl            
ffffffff  __TI_prof_data_size            
ffffffff  __TI_prof_data_start           
00000000  __TI_static_base__             
00000bfd  __aeabi_memcpy                 
00000bfd  __aeabi_memcpy4                
00000bfd  __aeabi_memcpy8                
ffffffff  __binit__                      
ffffffff  __c_args__                     
00000eff  __mpu_init                     
20000000  __stack                        
00000eb5  _args_main                     
00000d71  _c_int00                       
2000020c  _lock                          
00000edb  _nop                           
00000ed3  _register_lock                 
00000ecd  _register_unlock               
00000f01  _system_post_cinit             
00000efb  _system_pre_init               
20000210  _unlock                        
00000dc9  abort                          
ffffffff  binit                          
00000e69  copy_in                        
00000dd1  exit                           
00000000  g_pfnVectors                   
00000e19  main                           
20000214  main_func_sp                   
00000bfd  memcpy                         
00000929  pinAmode                       
00000993  pinBmode                       
000009fd  pinCmode                       
00000a67  pinDmode                       
00000ad1  pinEmode                       
00000b3b  pinFmode                       
00000ba5  ports_clock_EN                 
0000026d  uart_init                      
000007e1  uart_recieve_byte              
000006b1  uart_send_byte                 


GLOBAL SYMBOLS: SORTED BY Symbol Address 

address   name                           
-------   ----                           
00000000  __TI_static_base__             
00000000  g_pfnVectors                   
00000200  __STACK_SIZE                   
0000026d  uart_init                      
000006b1  uart_send_byte                 
000007e1  uart_recieve_byte              
00000929  pinAmode                       
00000993  pinBmode                       
000009fd  pinCmode                       
00000a67  pinDmode                       
00000ad1  pinEmode                       
00000b3b  pinFmode                       
00000ba5  ports_clock_EN                 
00000bfd  __aeabi_memcpy                 
00000bfd  __aeabi_memcpy4                
00000bfd  __aeabi_memcpy8                
00000bfd  memcpy                         
00000c99  __TI_auto_init                 
00000d09  __TI_decompress_lzss           
00000d71  _c_int00                       
00000dc5  C$$EXIT                        
00000dc9  abort                          
00000dd1  exit                           
00000e19  main                           
00000e69  copy_in                        
00000eb5  _args_main                     
00000ecd  _register_unlock               
00000ed3  _register_lock                 
00000edb  _nop                           
00000ee1  __TI_decompress_none           
00000eef  ResetISR                       
00000efb  _system_pre_init               
00000eff  __mpu_init                     
00000f01  _system_post_cinit             
00000f1c  __TI_Handler_Table_Base        
00000f24  __TI_CINIT_Base                
00000f24  __TI_Handler_Table_Limit       
00000f2c  __TI_CINIT_Limit               
20000000  __stack                        
20000200  __STACK_END                    
20000200  __STACK_TOP                    
20000200  __TI_cleanup_ptr               
20000204  __TI_dtors_ptr                 
20000208  __TI_enable_exit_profile_output
2000020c  _lock                          
20000210  _unlock                        
20000214  main_func_sp                   
ffffffff  __TI_pprof_out_hndl            
ffffffff  __TI_prof_data_size            
ffffffff  __TI_prof_data_start           
ffffffff  __binit__                      
ffffffff  __c_args__                     
ffffffff  binit                          
UNDEFED   SHT$$INIT_ARRAY$$Base          
UNDEFED   SHT$$INIT_ARRAY$$Limit         

[55 symbols]
