******************************************************************************
                  TI ARM Linker PC v16.9.4                     
******************************************************************************
>> Linked Sun Nov 26 22:12:33 2017

OUTPUT FILE NAME:   <Test.out>
ENTRY POINT SYMBOL: "_c_int00"  address: 00000955


MEMORY CONFIGURATION

         name            origin    length      used     unused   attr    fill
----------------------  --------  ---------  --------  --------  ----  --------
  FLASH                 00000000   00040000  00000d44  0003f2bc  R  X
  SRAM                  20000000   00008000  00000218  00007de8  RW X


SEGMENT ALLOCATION MAP

run origin  load origin   length   init length attrs members
----------  ----------- ---------- ----------- ----- -------
00000000    00000000    00000d44   00000d44    r-x
  00000000    00000000    0000026c   0000026c    r-- .intvecs
  0000026c    0000026c    000009b8   000009b8    r-x .text
  00000c24    00000c24    000000fc   000000fc    r-- .const
  00000d20    00000d20    00000024   00000024    r-- .cinit
20000000    20000000    00000218   00000000    rw-
  20000000    20000000    00000200   00000000    rw- .stack
  20000200    20000200    00000018   00000000    rw- .data


SECTION ALLOCATION MAP

 output                                  attributes/
section   page    origin      length       input sections
--------  ----  ----------  ----------   ----------------
.intvecs   0    00000000    0000026c     
                  00000000    0000026c     tm4c123gh6pm_startup_ccs.obj (.intvecs)

.text      0    0000026c    000009b8     
                  0000026c    000001c0     temperature_sensor.obj (.text)
                  0000042c    00000132     driverlib.lib : gpio.obj (.text:GPIOPadConfigSet)
                  0000055e    00000002     rtsv7M4_T_le_v4SPD16_eabi.lib : mpu_init.obj (.text)
                  00000560    00000110     driverlib.lib : sysctl.obj (.text:SysCtlClockGet)
                  00000670    000000f4                   : sysctl.obj (.text:SysCtlClockSet)
                  00000764    0000009c     rtsv7M4_T_le_v4SPD16_eabi.lib : memcpy_t2.obj (.text)
                  00000800    0000007a     driverlib.lib : adc.obj (.text:ADCSequenceStepConfigure)
                  0000087a    00000002     rtsv7M4_T_le_v4SPD16_eabi.lib : startup.obj (.text)
                  0000087c    00000070                                   : autoinit.obj (.text)
                  000008ec    00000068                                   : copy_decompress_lzss.obj (.text:decompress:lzss)
                  00000954    00000054                                   : boot.obj (.text)
                  000009a8    00000054                                   : exit.obj (.text)
                  000009fc    00000050     driverlib.lib : adc.obj (.text:ADCSequenceConfigure)
                  00000a4c    0000004c     rtsv7M4_T_le_v4SPD16_eabi.lib : cpy_tbl.obj (.text)
                  00000a98    00000048     driverlib.lib : gpio.obj (.text:GPIOPinConfigure)
                  00000ae0    00000034                   : sysctl.obj (.text:SysCtlPeripheralEnable)
                  00000b14    0000002e                   : adc.obj (.text:ADCIntStatus)
                  00000b42    0000002a                   : gpio.obj (.text:GPIODirModeSet)
                  00000b6c    0000001e                   : adc.obj (.text:ADCSequenceDataGet)
                  00000b8a    00000018                   : adc.obj (.text:ADCProcessorTrigger)
                  00000ba2    00000002     --HOLE-- [fill = 0]
                  00000ba4    00000018     rtsv7M4_T_le_v4SPD16_eabi.lib : args_main.obj (.text)
                  00000bbc    00000014                                   : _lock.obj (.text)
                  00000bd0    00000012     driverlib.lib : gpio.obj (.text:GPIOPinTypeUART)
                  00000be2    0000000e                   : adc.obj (.text:ADCSequenceEnable)
                  00000bf0    0000000e     rtsv7M4_T_le_v4SPD16_eabi.lib : copy_decompress_none.obj (.text:decompress:none)
                  00000bfe    0000000c     tm4c123gh6pm_startup_ccs.obj (.text)
                  00000c0a    0000000a     driverlib.lib : adc.obj (.text:ADCIntClear)
                  00000c14    00000006                   : sysctl.obj (.text:SysCtlDelay)
                  00000c1a    00000006                   : uart.obj (.text:UARTClockSourceSet)
                  00000c20    00000004     rtsv7M4_T_le_v4SPD16_eabi.lib : pre_init.obj (.text)

.const     0    00000c24    000000fc     
                  00000c24    00000090     driverlib.lib : gpio.obj (.const:g_pui32GPIOBaseAddrs)
                  00000cb4    0000006c                   : sysctl.obj (.const:g_pui32Xtals)

.cinit     0    00000d20    00000024     
                  00000d20    00000011     (.cinit..data.load) [load image, compression = lzss]
                  00000d31    00000003     --HOLE-- [fill = 0]
                  00000d34    00000008     (__TI_handler_table)
                  00000d3c    00000008     (__TI_cinit_table)

.init_array 
*          0    00000000    00000000     UNINITIALIZED

.stack     0    20000000    00000200     UNINITIALIZED
                  20000000    00000200     --HOLE--

.data      0    20000200    00000018     UNINITIALIZED
                  20000200    0000000c     rtsv7M4_T_le_v4SPD16_eabi.lib : exit.obj (.data:$O1$$)
                  2000020c    00000008                                   : _lock.obj (.data:$O1$$)
                  20000214    00000004                                   : stkdepth_vars.obj (.data)

MODULE SUMMARY

       Module                         code   ro data   rw data
       ------                         ----   -------   -------
    .\
       tm4c123gh6pm_startup_ccs.obj   12     620       0      
       temperature_sensor.obj         448    0         0      
    +--+------------------------------+------+---------+---------+
       Total:                         460    620       0      
                                                              
    C:/ti/TivaWare_C_Series-2.1.4.178/driverlib/ccs/Debug/driverlib.lib
       sysctl.obj                     574    108       0      
       gpio.obj                       438    144       0      
       adc.obj                        326    0         0      
       uart.obj                       6      0         0      
    +--+------------------------------+------+---------+---------+
       Total:                         1344   252       0      
                                                              
    C:\ti\ccsv7\tools\compiler\ti-cgt-arm_16.9.4.LTS\lib\rtsv7M4_T_le_v4SPD16_eabi.lib
       memcpy_t2.obj                  156    0         0      
       autoinit.obj                   112    0         0      
       copy_decompress_lzss.obj       104    0         0      
       exit.obj                       84     0         12     
       boot.obj                       84     0         0      
       cpy_tbl.obj                    76     0         0      
       _lock.obj                      20     0         8      
       args_main.obj                  24     0         0      
       copy_decompress_none.obj       14     0         0      
       pre_init.obj                   4      0         0      
       stkdepth_vars.obj              0      0         4      
       mpu_init.obj                   2      0         0      
       startup.obj                    2      0         0      
    +--+------------------------------+------+---------+---------+
       Total:                         682    0         24     
                                                              
       Stack:                         0      0         512    
       Linker Generated:              0      33        0      
    +--+------------------------------+------+---------+---------+
       Grand Total:                   2486   905       536    


LINKER GENERATED COPY TABLES

__TI_cinit_table @ 00000d3c records: 1, size/record: 8, table size: 8
	.data: load addr=00000d20, load size=00000011 bytes, run addr=20000200, run size=00000018 bytes, compression=lzss


LINKER GENERATED HANDLER TABLE

__TI_handler_table @ 00000d34 records: 2, size/record: 4, table size: 8
	index: 0, handler: __TI_decompress_lzss
	index: 1, handler: __TI_decompress_none


GLOBAL SYMBOLS: SORTED ALPHABETICALLY BY Name 

address   name                           
-------   ----                           
00000c0b  ADCIntClear                    
00000b15  ADCIntStatus                   
00000b8b  ADCProcessorTrigger            
000009fd  ADCSequenceConfigure           
00000b6d  ADCSequenceDataGet             
00000be3  ADCSequenceEnable              
00000801  ADCSequenceStepConfigure       
000009a9  C$$EXIT                        
00000b43  GPIODirModeSet                 
0000042d  GPIOPadConfigSet               
00000a99  GPIOPinConfigure               
00000bd1  GPIOPinTypeUART                
0000026d  InitConsole                    
00000bff  ResetISR                       
UNDEFED   SHT$$INIT_ARRAY$$Base          
UNDEFED   SHT$$INIT_ARRAY$$Limit         
00000561  SysCtlClockGet                 
00000671  SysCtlClockSet                 
00000c15  SysCtlDelay                    
00000ae1  SysCtlPeripheralEnable         
00000c1b  UARTClockSourceSet             
UNDEFED   UARTStdioConfig                
UNDEFED   UARTprintf                     
20000200  __STACK_END                    
00000200  __STACK_SIZE                   
20000200  __STACK_TOP                    
00000d3c  __TI_CINIT_Base                
00000d44  __TI_CINIT_Limit               
00000d34  __TI_Handler_Table_Base        
00000d3c  __TI_Handler_Table_Limit       
0000087d  __TI_auto_init                 
20000200  __TI_cleanup_ptr               
000008ed  __TI_decompress_lzss           
00000bf1  __TI_decompress_none           
20000204  __TI_dtors_ptr                 
20000208  __TI_enable_exit_profile_output
ffffffff  __TI_pprof_out_hndl            
ffffffff  __TI_prof_data_size            
ffffffff  __TI_prof_data_start           
00000000  __TI_static_base__             
00000765  __aeabi_memcpy                 
00000765  __aeabi_memcpy4                
00000765  __aeabi_memcpy8                
ffffffff  __binit__                      
ffffffff  __c_args__                     
0000055f  __mpu_init                     
20000000  __stack                        
00000ba5  _args_main                     
00000955  _c_int00                       
2000020c  _lock                          
00000bcb  _nop                           
00000bc3  _register_lock                 
00000bbd  _register_unlock               
0000087b  _system_post_cinit             
00000c21  _system_pre_init               
20000210  _unlock                        
000009ad  abort                          
ffffffff  binit                          
00000a4d  copy_in                        
000009b5  exit                           
00000000  g_pfnVectors                   
000002a9  main                           
20000214  main_func_sp                   
00000765  memcpy                         


GLOBAL SYMBOLS: SORTED BY Symbol Address 

address   name                           
-------   ----                           
00000000  __TI_static_base__             
00000000  g_pfnVectors                   
00000200  __STACK_SIZE                   
0000026d  InitConsole                    
000002a9  main                           
0000042d  GPIOPadConfigSet               
0000055f  __mpu_init                     
00000561  SysCtlClockGet                 
00000671  SysCtlClockSet                 
00000765  __aeabi_memcpy                 
00000765  __aeabi_memcpy4                
00000765  __aeabi_memcpy8                
00000765  memcpy                         
00000801  ADCSequenceStepConfigure       
0000087b  _system_post_cinit             
0000087d  __TI_auto_init                 
000008ed  __TI_decompress_lzss           
00000955  _c_int00                       
000009a9  C$$EXIT                        
000009ad  abort                          
000009b5  exit                           
000009fd  ADCSequenceConfigure           
00000a4d  copy_in                        
00000a99  GPIOPinConfigure               
00000ae1  SysCtlPeripheralEnable         
00000b15  ADCIntStatus                   
00000b43  GPIODirModeSet                 
00000b6d  ADCSequenceDataGet             
00000b8b  ADCProcessorTrigger            
00000ba5  _args_main                     
00000bbd  _register_unlock               
00000bc3  _register_lock                 
00000bcb  _nop                           
00000bd1  GPIOPinTypeUART                
00000be3  ADCSequenceEnable              
00000bf1  __TI_decompress_none           
00000bff  ResetISR                       
00000c0b  ADCIntClear                    
00000c15  SysCtlDelay                    
00000c1b  UARTClockSourceSet             
00000c21  _system_pre_init               
00000d34  __TI_Handler_Table_Base        
00000d3c  __TI_CINIT_Base                
00000d3c  __TI_Handler_Table_Limit       
00000d44  __TI_CINIT_Limit               
20000000  __stack                        
20000200  __STACK_END                    
20000200  __STACK_TOP                    
20000200  __TI_cleanup_ptr               
20000204  __TI_dtors_ptr                 
20000208  __TI_enable_exit_profile_output
2000020c  _lock                          
20000210  _unlock                        
20000214  main_func_sp                   
ffffffff  __TI_pprof_out_hndl            
ffffffff  __TI_prof_data_size            
ffffffff  __TI_prof_data_start           
ffffffff  __binit__                      
ffffffff  __c_args__                     
ffffffff  binit                          
UNDEFED   SHT$$INIT_ARRAY$$Base          
UNDEFED   SHT$$INIT_ARRAY$$Limit         
UNDEFED   UARTStdioConfig                
UNDEFED   UARTprintf                     

[64 symbols]
